Component: ARM Compiler 5.06 update 6 (build 750) Tool: armlink [4d35ed]

==============================================================================

Section Cross References

    system_mk60d10.o(i.SystemCoreClockUpdate) refers to system_mk60d10.o(.data) for SystemCoreClock
    startup_mk60d10.o(STACK) refers (Special) to heapauxi.o(.text) for __use_two_region_memory
    startup_mk60d10.o(HEAP) refers (Special) to heapauxi.o(.text) for __use_two_region_memory
    startup_mk60d10.o(RESET) refers (Special) to heapauxi.o(.text) for __use_two_region_memory
    startup_mk60d10.o(RESET) refers to startup_mk60d10.o(STACK) for __initial_sp
    startup_mk60d10.o(RESET) refers to startup_mk60d10.o(.text) for Reset_Handler
    startup_mk60d10.o(RESET) refers to common.o(i.NMI_Handler) for NMI_Handler
    startup_mk60d10.o(RESET) refers to dma.o(i.DMA0_IRQHandler) for DMA0_IRQHandler
    startup_mk60d10.o(RESET) refers to dma.o(i.DMA1_IRQHandler) for DMA1_IRQHandler
    startup_mk60d10.o(RESET) refers to dma.o(i.DMA2_IRQHandler) for DMA2_IRQHandler
    startup_mk60d10.o(RESET) refers to dma.o(i.DMA3_IRQHandler) for DMA3_IRQHandler
    startup_mk60d10.o(RESET) refers to dma.o(i.DMA4_IRQHandler) for DMA4_IRQHandler
    startup_mk60d10.o(RESET) refers to dma.o(i.DMA5_IRQHandler) for DMA5_IRQHandler
    startup_mk60d10.o(RESET) refers to dma.o(i.DMA6_IRQHandler) for DMA6_IRQHandler
    startup_mk60d10.o(RESET) refers to dma.o(i.DMA7_IRQHandler) for DMA7_IRQHandler
    startup_mk60d10.o(RESET) refers to dma.o(i.DMA8_IRQHandler) for DMA8_IRQHandler
    startup_mk60d10.o(RESET) refers to dma.o(i.DMA9_IRQHandler) for DMA9_IRQHandler
    startup_mk60d10.o(RESET) refers to dma.o(i.DMA10_IRQHandler) for DMA10_IRQHandler
    startup_mk60d10.o(RESET) refers to dma.o(i.DMA11_IRQHandler) for DMA11_IRQHandler
    startup_mk60d10.o(RESET) refers to dma.o(i.DMA12_IRQHandler) for DMA12_IRQHandler
    startup_mk60d10.o(RESET) refers to dma.o(i.DMA13_IRQHandler) for DMA13_IRQHandler
    startup_mk60d10.o(RESET) refers to dma.o(i.DMA14_IRQHandler) for DMA14_IRQHandler
    startup_mk60d10.o(RESET) refers to dma.o(i.DMA15_IRQHandler) for DMA15_IRQHandler
    startup_mk60d10.o(RESET) refers to wdog.o(i.Watchdog_IRQHandler) for Watchdog_IRQHandler
    startup_mk60d10.o(RESET) refers to spi.o(i.SPI0_IRQHandler) for SPI0_IRQHandler
    startup_mk60d10.o(RESET) refers to spi.o(i.SPI1_IRQHandler) for SPI1_IRQHandler
    startup_mk60d10.o(RESET) refers to spi.o(i.SPI2_IRQHandler) for SPI2_IRQHandler
    startup_mk60d10.o(RESET) refers to can.o(i.CAN0_ORed_Message_buffer_IRQHandler) for CAN0_ORed_Message_buffer_IRQHandler
    startup_mk60d10.o(RESET) refers to can.o(i.CAN1_ORed_Message_buffer_IRQHandler) for CAN1_ORed_Message_buffer_IRQHandler
    startup_mk60d10.o(RESET) refers to uart.o(i.UART0_RX_TX_IRQHandler) for UART0_RX_TX_IRQHandler
    startup_mk60d10.o(RESET) refers to uart.o(i.UART1_RX_TX_IRQHandler) for UART1_RX_TX_IRQHandler
    startup_mk60d10.o(RESET) refers to uart.o(i.UART2_RX_TX_IRQHandler) for UART2_RX_TX_IRQHandler
    startup_mk60d10.o(RESET) refers to uart.o(i.UART3_RX_TX_IRQHandler) for UART3_RX_TX_IRQHandler
    startup_mk60d10.o(RESET) refers to uart.o(i.UART4_RX_TX_IRQHandler) for UART4_RX_TX_IRQHandler
    startup_mk60d10.o(RESET) refers to uart.o(i.UART5_RX_TX_IRQHandler) for UART5_RX_TX_IRQHandler
    startup_mk60d10.o(RESET) refers to adc.o(i.ADC0_IRQHandler) for ADC0_IRQHandler
    startup_mk60d10.o(RESET) refers to adc.o(i.ADC1_IRQHandler) for ADC1_IRQHandler
    startup_mk60d10.o(RESET) refers to ftm.o(i.FTM0_IRQHandler) for FTM0_IRQHandler
    startup_mk60d10.o(RESET) refers to ftm.o(i.FTM1_IRQHandler) for FTM1_IRQHandler
    startup_mk60d10.o(RESET) refers to ftm.o(i.FTM2_IRQHandler) for FTM2_IRQHandler
    startup_mk60d10.o(RESET) refers to rtc.o(i.RTC_IRQHandler) for RTC_IRQHandler
    startup_mk60d10.o(RESET) refers to pit.o(i.PIT0_IRQHandler) for PIT0_IRQHandler
    startup_mk60d10.o(RESET) refers to pit.o(i.PIT1_IRQHandler) for PIT1_IRQHandler
    startup_mk60d10.o(RESET) refers to pit.o(i.PIT2_IRQHandler) for PIT2_IRQHandler
    startup_mk60d10.o(RESET) refers to pit.o(i.PIT3_IRQHandler) for PIT3_IRQHandler
    startup_mk60d10.o(RESET) refers to pdb.o(i.PDB0_IRQHandler) for PDB0_IRQHandler
    startup_mk60d10.o(RESET) refers to enet.o(i.ENET_Transmit_IRQHandler) for ENET_Transmit_IRQHandler
    startup_mk60d10.o(RESET) refers to enet.o(i.ENET_Receive_IRQHandler) for ENET_Receive_IRQHandler
    startup_mk60d10.o(RESET) refers to dac.o(i.DAC0_IRQHandler) for DAC0_IRQHandler
    startup_mk60d10.o(RESET) refers to dac.o(i.DAC1_IRQHandler) for DAC1_IRQHandler
    startup_mk60d10.o(RESET) refers to tsi.o(i.TSI0_IRQHandler) for TSI0_IRQHandler
    startup_mk60d10.o(RESET) refers to lptmr.o(i.LPTimer_IRQHandler) for LPTimer_IRQHandler
    startup_mk60d10.o(RESET) refers to gpio.o(i.PORTA_IRQHandler) for PORTA_IRQHandler
    startup_mk60d10.o(RESET) refers to gpio.o(i.PORTB_IRQHandler) for PORTB_IRQHandler
[...]
    i.DMA15_IRQHandler                       0x00000d24   Section        0  dma.o(i.DMA15_IRQHandler)
    i.DMA1_IRQHandler                        0x00000d2e   Section        0  dma.o(i.DMA1_IRQHandler)
    i.DMA2_IRQHandler                        0x00000d38   Section        0  dma.o(i.DMA2_IRQHandler)
    i.DMA3_IRQHandler                        0x00000d42   Section        0  dma.o(i.DMA3_IRQHandler)
    i.DMA4_IRQHandler                        0x00000d4c   Section        0  dma.o(i.DMA4_IRQHandler)
    i.DMA5_IRQHandler                        0x00000d56   Section        0  dma.o(i.DMA5_IRQHandler)
    i.DMA6_IRQHandler                        0x00000d60   Section        0  dma.o(i.DMA6_IRQHandler)
    i.DMA7_IRQHandler                        0x00000d6a   Section        0  dma.o(i.DMA7_IRQHandler)
    i.DMA8_IRQHandler                        0x00000d74   Section        0  dma.o(i.DMA8_IRQHandler)
    i.DMA9_IRQHandler                        0x00000d7e   Section        0  dma.o(i.DMA9_IRQHandler)
    i.DMA_IRQHandler                         0x00000d88   Section        0  dma.o(i.DMA_IRQHandler)
    DMA_IRQHandler                           0x00000d89   Thumb Code    30  dma.o(i.DMA_IRQHandler)
    i.DWT_DelayInit                          0x00000db0   Section        0  common.o(i.DWT_DelayInit)
    i.DWT_DelayMs                            0x00000dd4   Section        0  common.o(i.DWT_DelayMs)
    i.DWT_DelayUs                            0x00000de8   Section        0  common.o(i.DWT_DelayUs)
    i.DelayInit                              0x00000e34   Section        0  common.o(i.DelayInit)
    i.DelayMs                                0x00000e3c   Section        0  common.o(i.DelayMs)
    i.ENET_Receive_IRQHandler                0x00000e48   Section        0  enet.o(i.ENET_Receive_IRQHandler)
    i.ENET_Transmit_IRQHandler               0x00000e6c   Section        0  enet.o(i.ENET_Transmit_IRQHandler)
    i.FTM0_IRQHandler                        0x00000e90   Section        0  ftm.o(i.FTM0_IRQHandler)
    i.FTM1_IRQHandler                        0x00000e9a   Section        0  ftm.o(i.FTM1_IRQHandler)
    i.FTM2_IRQHandler                        0x00000ea4   Section        0  ftm.o(i.FTM2_IRQHandler)
    i.FTM_DualChlConfig                      0x00000eb0   Section        0  ftm.o(i.FTM_DualChlConfig)
    FTM_DualChlConfig                        0x00000eb1   Thumb Code   180  ftm.o(i.FTM_DualChlConfig)
    i.FTM_IRQHandler                         0x00000f68   Section        0  ftm.o(i.FTM_IRQHandler)
    i.FTM_PWM_ChangeDuty                     0x00000fec   Section        0  ftm.o(i.FTM_PWM_ChangeDuty)
    i.FTM_PWM_InvertPolarity                 0x00001088   Section        0  ftm.o(i.FTM_PWM_InvertPolarity)
    i.FTM_PWM_QuickInit                      0x00001110   Section        0  ftm.o(i.FTM_PWM_QuickInit)
    i.FTM_SetMode                            0x000012d8   Section        0  ftm.o(i.FTM_SetMode)
    FTM_SetMode                              0x000012d9   Thumb Code  1136  ftm.o(i.FTM_SetMode)
    i.GPIO_Init                              0x0000174c   Section        0  gpio.o(i.GPIO_Init)
    i.GPIO_PinConfig                         0x00001810   Section        0  gpio.o(i.GPIO_PinConfig)
    i.GPIO_QuickInit                         0x00001864   Section        0  gpio.o(i.GPIO_QuickInit)
    i.GetClock                               0x00001884   Section        0  common.o(i.GetClock)
    i.GetData                                0x000018f4   Section        0  control.o(i.GetData)
    i.Judge                                  0x00001b58   Section        0  control.o(i.Judge)
    i.KEY_Scan                               0x00002100   Section        0  key.o(i.KEY_Scan)
    i.LPTimer_IRQHandler                     0x00002208   Section        0  lptmr.o(i.LPTimer_IRQHandler)
    i.MainMenuInit                           0x0000222c   Section        0  menu.o(i.MainMenuInit)
    i.Menu                                   0x00002384   Section        0  menu.o(i.Menu)
    i.NMI_Handler                            0x00002554   Section        0  common.o(i.NMI_Handler)
    i.NMI_isr                                0x0000255c   Section        0  common.o(i.NMI_isr)
    i.NullSubs                               0x0000255e   Section        0  menu.o(i.NullSubs)
    i.OLED_display_number_6x8                0x00002560   Section        0  oled.o(i.OLED_display_number_6x8)
    i.OLED_display_string_6x8                0x0000258c   Section        0  oled.o(i.OLED_display_string_6x8)
    i.OLED_fill_ram                          0x000025ae   Section        0  oled.o(i.OLED_fill_ram)
    i.OLED_init                              0x000025f0   Section        0  oled.o(i.OLED_init)
    i.OLED_set_pos                           0x000026d4   Section        0  oled.o(i.OLED_set_pos)
    i.OLED_write_byte                        0x00002700   Section        0  oled.o(i.OLED_write_byte)
    i.OLED_write_char_6x8                    0x0000273c   Section        0  oled.o(i.OLED_write_char_6x8)
    i.PDB0_IRQHandler                        0x0000276c   Section        0  pdb.o(i.PDB0_IRQHandler)
    i.PID_realize                            0x00002790   Section        0  control.o(i.PID_realize)
    i.PIT0_IRQHandler                        0x00002f0c   Section        0  pit.o(i.PIT0_IRQHandler)
    i.PIT1_IRQHandler                        0x00002f16   Section        0  pit.o(i.PIT1_IRQHandler)
    i.PIT2_IRQHandler                        0x00002f20   Section        0  pit.o(i.PIT2_IRQHandler)
    i.PIT3_IRQHandler                        0x00002f2a   Section        0  pit.o(i.PIT3_IRQHandler)
    i.PIT_CallbackInstall                    0x00002f34   Section        0  pit.o(i.PIT_CallbackInstall)
    i.PIT_IRQHandler                         0x00002f54   Section        0  pit.o(i.PIT_IRQHandler)
    PIT_IRQHandler                           0x00002f55   Thumb Code    42  pit.o(i.PIT_IRQHandler)
    i.PIT_ISR                                0x00002f88   Section        0  main_1.o(i.PIT_ISR)
    PIT_ISR                                  0x00002f89   Thumb Code    20  main_1.o(i.PIT_ISR)
    i.PIT_ITDMAConfig                        0x00002f9c   Section        0  pit.o(i.PIT_ITDMAConfig)
    i.PIT_Init                               0x0000301c   Section        0  pit.o(i.PIT_Init)
    i.PIT_QuickInit                          0x00003090   Section        0  pit.o(i.PIT_QuickInit)
    i.PORTA_IRQHandler                       0x000030a4   Section        0  gpio.o(i.PORTA_IRQHandler)
    i.PORTB_IRQHandler                       0x000030ae   Section        0  gpio.o(i.PORTB_IRQHandler)
    i.PORTC_IRQHandler                       0x000030b8   Section        0  gpio.o(i.PORTC_IRQHandler)
    i.PORTD_IRQHandler                       0x000030c2   Section        0  gpio.o(i.PORTD_IRQHandler)
    i.PORTE_IRQHandler                       0x000030cc   Section        0  gpio.o(i.PORTE_IRQHandler)
    i.PORT_IRQHandler                        0x000030d8   Section        0  gpio.o(i.PORT_IRQHandler)
    PORT_IRQHandler                          0x000030d9   Thumb Code    48  gpio.o(i.PORT_IRQHandler)
    i.PORT_PinMuxConfig                      0x00003110   Section        0  gpio.o(i.PORT_PinMuxConfig)
    i.PORT_PinOpenDrainConfig                0x00003168   Section        0  gpio.o(i.PORT_PinOpenDrainConfig)
    i.PORT_PinPullConfig                     0x000031bc   Section        0  gpio.o(i.PORT_PinPullConfig)
    i.RTC_IRQHandler                         0x0000326c   Section        0  rtc.o(i.RTC_IRQHandler)
    i.SPI0_IRQHandler                        0x000032bc   Section        0  spi.o(i.SPI0_IRQHandler)
    i.SPI1_IRQHandler                        0x000032c6   Section        0  spi.o(i.SPI1_IRQHandler)
    i.SPI2_IRQHandler                        0x000032d0   Section        0  spi.o(i.SPI2_IRQHandler)
    i.SPI_IRQHandler                         0x000032dc   Section        0  spi.o(i.SPI_IRQHandler)
    SPI_IRQHandler                           0x000032dd   Thumb Code    42  spi.o(i.SPI_IRQHandler)
    i.ShowMenu                               0x00003310   Section        0  menu.o(i.ShowMenu)
    i.SystemCoreClockUpdate                  0x000034d4   Section        0  system_mk60d10.o(i.SystemCoreClockUpdate)
    i.SystemInit                             0x0000362c   Section        0  system_mk60d10.o(i.SystemInit)
    i.TSI0_IRQHandler                        0x00003690   Section        0  tsi.o(i.TSI0_IRQHandler)
    i.UART0_RX_TX_IRQHandler                 0x000036c0   Section        0  uart.o(i.UART0_RX_TX_IRQHandler)
    i.UART1_RX_TX_IRQHandler                 0x000036ca   Section        0  uart.o(i.UART1_RX_TX_IRQHandler)
    i.UART2_RX_TX_IRQHandler                 0x000036d4   Section        0  uart.o(i.UART2_RX_TX_IRQHandler)
    i.UART3_RX_TX_IRQHandler                 0x000036de   Section        0  uart.o(i.UART3_RX_TX_IRQHandler)
    i.UART4_RX_TX_IRQHandler                 0x000036e8   Section        0  uart.o(i.UART4_RX_TX_IRQHandler)
    i.UART5_RX_TX_IRQHandler                 0x000036f2   Section        0  uart.o(i.UART5_RX_TX_IRQHandler)
    i.UART_EnableRxFIFO                      0x000036fc   Section        0  uart.o(i.UART_EnableRxFIFO)
    i.UART_EnableTxFIFO                      0x00003730   Section        0  uart.o(i.UART_EnableTxFIFO)
    i.UART_IRQ_Handler                       0x00003764   Section        0  uart.o(i.UART_IRQ_Handler)
    UART_IRQ_Handler                         0x00003765   Thumb Code   190  uart.o(i.UART_IRQ_Handler)
    i.UART_Init                              0x00003830   Section        0  uart.o(i.UART_Init)
    i.UART_QuickInit                         0x00003b0c   Section        0  uart.o(i.UART_QuickInit)
    i.Watchdog_IRQHandler                    0x00003b7c   Section        0  wdog.o(i.Watchdog_IRQHandler)
    i._FTM_InitBasic                         0x00003ba0   Section        0  ftm.o(i._FTM_InitBasic)
    _FTM_InitBasic                           0x00003ba1   Thumb Code   110  ftm.o(i._FTM_InitBasic)
    i.charge                                 0x00003c18   Section        0  control.o(i.charge)
    i.get_chl_pair_index                     0x00003f9c   Section        0  ftm.o(i.get_chl_pair_index)
    get_chl_pair_index                       0x00003f9d   Thumb Code    40  ftm.o(i.get_chl_pair_index)
    i.int16_to_string                        0x00003fc4   Section        0  oled.o(i.int16_to_string)
    i.main                                   0x00004022   Section        0  main_1.o(i.main)
    x$fpl$d2f                                0x00004030   Section       98  d2f.o(x$fpl$d2f)
    x$fpl$dadd                               0x00004094   Section      336  daddsub_clz.o(x$fpl$dadd)
    _dadd1                                   0x000040a5   Thumb Code     0  daddsub_clz.o(x$fpl$dadd)
    x$fpl$dcmpinf                            0x000041e4   Section       24  dcmpi.o(x$fpl$dcmpinf)
    x$fpl$ddiv                               0x000041fc   Section      688  ddiv.o(x$fpl$ddiv)
    ddiv_entry                               0x00004203   Thumb Code     0  ddiv.o(x$fpl$ddiv)
    x$fpl$deqf                               0x000044ac   Section      120  deqf.o(x$fpl$deqf)
    x$fpl$dleqf                              0x00004524   Section      120  dleqf.o(x$fpl$dleqf)
    x$fpl$dmul                               0x0000459c   Section      340  dmul.o(x$fpl$dmul)
    x$fpl$dnaninf                            0x000046f0   Section      156  dnaninf.o(x$fpl$dnaninf)
    x$fpl$dretinf                            0x0000478c   Section       12  dretinf.o(x$fpl$dretinf)
    x$fpl$dsub                               0x00004798   Section      468  daddsub_clz.o(x$fpl$dsub)
    _dsub1                                   0x000047a9   Thumb Code     0  daddsub_clz.o(x$fpl$dsub)
    x$fpl$f2d                                0x0000496c   Section       86  f2d.o(x$fpl$f2d)
    x$fpl$fadd                               0x000049c4   Section      196  faddsub_clz.o(x$fpl$fadd)
    _fadd1                                   0x000049d3   Thumb Code     0  faddsub_clz.o(x$fpl$fadd)
    x$fpl$fcmpinf                            0x00004a88   Section       24  fcmpi.o(x$fpl$fcmpinf)
    x$fpl$fdiv                               0x00004aa0   Section      388  fdiv.o(x$fpl$fdiv)
    _fdiv1                                   0x00004aa1   Thumb Code     0  fdiv.o(x$fpl$fdiv)
    x$fpl$feqf                               0x00004c24   Section      104  feqf.o(x$fpl$feqf)
    x$fpl$ffix                               0x00004c8c   Section       54  ffix.o(x$fpl$ffix)
    x$fpl$ffixu                              0x00004cc4   Section       62  ffixu.o(x$fpl$ffixu)
    x$fpl$fflt                               0x00004d04   Section       48  fflt_clz.o(x$fpl$fflt)
    x$fpl$fleqf                              0x00004d34   Section      104  fleqf.o(x$fpl$fleqf)
    x$fpl$fmul                               0x00004d9c   Section      258  fmul.o(x$fpl$fmul)
    x$fpl$fnaninf                            0x00004e9e   Section      140  fnaninf.o(x$fpl$fnaninf)
    x$fpl$fretinf                            0x00004f2a   Section       10  fretinf.o(x$fpl$fretinf)
    x$fpl$frleqf                             0x00004f34   Section       98  frleqf.o(x$fpl$frleqf)
    x$fpl$fsub                               0x00004f98   Section      234  faddsub_clz.o(x$fpl$fsub)
    _fsub1                                   0x00004fa7   Thumb Code     0  faddsub_clz.o(x$fpl$fsub)
    x$fpl$usenofp                            0x00005082   Section        0  usenofp.o(x$fpl$usenofp)
    .constdata                               0x00005084   Section       34  adc.o(.constdata)
    ADC_InstanceTable                        0x00005084   Data           8  adc.o(.constdata)
    SIM_ADCClockGateTable                    0x0000508c   Data          24  adc.o(.constdata)
    ADC_IRQnTable                            0x000050a4   Data           2  adc.o(.constdata)
    .constdata                               0x000050a8   Section       10  dac.o(.constdata)
    DAC_InstanceTable                        0x000050a8   Data           8  dac.o(.constdata)
    DAC_IRQnTable                            0x000050b0   Data           2  dac.o(.constdata)
    .constdata                               0x000050b4   Section       63  ftm.o(.constdata)
    FTM_InstanceTable                        0x000050b4   Data          12  ftm.o(.constdata)
    FTM_ChlMaxTable                          0x000050c0   Data          12  ftm.o(.constdata)
    SIM_FTMClockGateTable                    0x000050cc   Data          36  ftm.o(.constdata)
    FTM_IRQnTable                            0x000050f0   Data           3  ftm.o(.constdata)
    .constdata                               0x000050f4   Section       65  gpio.o(.constdata)
    GPIO_InstanceTable                       0x000050f4   Data          20  gpio.o(.constdata)
    PORT_InstanceTable                       0x00005108   Data          20  gpio.o(.constdata)
    SIM_GPIOClockGateTable                   0x0000511c   Data          20  gpio.o(.constdata)
    GPIO_IRQnTable                           0x00005130   Data           5  gpio.o(.constdata)
    .constdata                               0x00005135   Section        4  pit.o(.constdata)
    PIT_IRQnTable                            0x00005135   Data           4  pit.o(.constdata)
    .constdata                               0x0000513c   Section      132  spi.o(.constdata)
    SIM_SPIClockGateTable                    0x00005148   Data          36  spi.o(.constdata)
    SPI_IRQnTable                            0x0000516c   Data           3  spi.o(.constdata)
    s_baudratePrescaler                      0x00005170   Data          16  spi.o(.constdata)
    s_baudrateScaler                         0x00005180   Data          64  spi.o(.constdata)
    .constdata                               0x000051c0   Section      132  uart.o(.constdata)
    UARTBase                                 0x000051c0   Data          24  uart.o(.constdata)
    ClkTbl                                   0x000051d8   Data          72  uart.o(.constdata)
    UART_IRQnTable                           0x00005220   Data           6  uart.o(.constdata)
    UART_TIFOSizeTable                       0x00005228   Data          28  uart.o(.constdata)
    .constdata                               0x00005244   Section     2442  oled.o(.constdata)
    .conststring                             0x00005bd0   Section       17  uart.o(.conststring)
    .data                                    0x20000000   Section        4  system_mk60d10.o(.data)
    .data                                    0x20000004   Section        8  adc.o(.data)
    ADC_CallBackTable                        0x20000004   Data           8  adc.o(.data)
    .data                                    0x2000000c   Section        8  can.o(.data)
    CAN_CallBackTable                        0x2000000c   Data           8  can.o(.data)
    .data                                    0x20000014   Section        8  dac.o(.data)
    DAC_CallBackTable                        0x20000014   Data           8  dac.o(.data)
    .data                                    0x2000001c   Section       16  enet.o(.data)
    pxENETTxDescriptor                       0x2000001c   Data           4  enet.o(.data)
    pxENETRxDescriptors                      0x20000020   Data           4  enet.o(.data)
    ENET_CallBackTxTable                     0x20000024   Data           4  enet.o(.data)
    ENET_CallBackRxTable                     0x20000028   Data           4  enet.o(.data)
    .data                                    0x2000002c   Section        4  lptmr.o(.data)
    LPTMR_CallBackTable                      0x2000002c   Data           4  lptmr.o(.data)
    .data                                    0x20000030   Section        4  pdb.o(.data)
    PDB_CallBackTable                        0x20000030   Data           4  pdb.o(.data)
    .data                                    0x20000034   Section        4  pit.o(.data)
    fac_us                                   0x20000034   Data           4  pit.o(.data)
    .data                                    0x20000038   Section       52  rtc.o(.data)
    RTC_CallBackTable                        0x20000038   Data           4  rtc.o(.data)
    mdays                                    0x2000003c   Data          48  rtc.o(.data)
    .data                                    0x2000006c   Section       68  tsi.o(.data)
    TSI_CallBackTable                        0x2000006c   Data           4  tsi.o(.data)
    TSI_ChlCNTRTable                         0x20000070   Data          64  tsi.o(.data)
    .data                                    0x200000b0   Section       17  uart.o(.data)
    UART_DebugInstance                       0x200000b0   Data           1  uart.o(.data)
    ntab                                     0x200000bc   Data           4  uart.o(.data)
    is_fitst_init                            0x200000c0   Data           1  uart.o(.data)
    .data                                    0x200000c4   Section        4  wdog.o(.data)
    WDOG_CallBackTable                       0x200000c4   Data           4  wdog.o(.data)
    .data                                    0x200000c8   Section      264  control.o(.data)
    .data                                    0x200001d0   Section        1  key.o(.data)
    key_up                                   0x200001d0   Data           1  key.o(.data)
    .data                                    0x200001d4   Section       29  menu.o(.data)
    .bss                                     0x200001f4   Section       64  dma.o(.bss)
    DMA_CallBackTable                        0x200001f4   Data          64  dma.o(.bss)
    .bss                                     0x20000234   Section       12  ftm.o(.bss)
    FTM_CallBackTable                        0x20000234   Data          12  ftm.o(.bss)
    .bss                                     0x20000240   Section       20  gpio.o(.bss)
    GPIO_CallBackTable                       0x20000240   Data          20  gpio.o(.bss)
    .bss                                     0x20000254   Section       16  pit.o(.bss)
    PIT_CallBackTable                        0x20000254   Data          16  pit.o(.bss)
    .bss                                     0x20000264   Section       12  spi.o(.bss)
    SPI_CallBackTable                        0x20000264   Data          12  spi.o(.bss)
    .bss                                     0x20000270   Section       48  uart.o(.bss)
    UART_CallBackTxTable                     0x20000270   Data          24  uart.o(.bss)
    UART_CallBackRxTable                     0x20000288   Data          24  uart.o(.bss)
    .bss                                     0x200002a0   Section     1240  control.o(.bss)
    .bss                                     0x20000778   Section      160  menu.o(.bss)
    .bss                                     0x20000818   Section       96  libspace.o(.bss)
    HEAP                                     0x20000878   Section     1024  startup_mk60d10.o(HEAP)
    Heap_Mem                                 0x20000878   Data        1024  startup_mk60d10.o(HEAP)
    STACK                                    0x20000c78   Section     4096  startup_mk60d10.o(STACK)
    Stack_Mem                                0x20000c78   Data        4096  startup_mk60d10.o(STACK)
    __initial_sp                             0x20001c78   Data           0  startup_mk60d10.o(STACK)

    Global Symbols

    Symbol Name                              Value     Ov Type        Size  Object(Section)

    BuildAttributes$$THM_ISAv4$E$P$D$K$B$S$7EM$PE$A:L22UL41UL21$X:L11$S22US41US21$IEEE1$IW$USESV6$~STKCKD$USESV7$~SHL$OSPACE$ROPI$EBA8$UX$STANDARDLIB$REQ8$PRES8$EABIv2 0x00000000   Number         0  anon$$obj.o ABSOLUTE
    __ARM_use_no_argv                        0x00000000   Number         0  main_1.o ABSOLUTE
    __Vectors                                0x00000000   Data           4  startup_mk60d10.o(RESET)
    __ARM_exceptions_init                     - Undefined Weak Reference
    __alloca_initialize                       - Undefined Weak Reference
    __arm_preinit_                            - Undefined Weak Reference
    __cpp_initialize__aeabi_                  - Undefined Weak Reference
    __cxa_finalize                            - Undefined Weak Reference
    __rt_locale                               - Undefined Weak Reference
    __sigvec_lookup                           - Undefined Weak Reference
    _atexit_init                              - Undefined Weak Reference
    _call_atexit_fns                          - Undefined Weak Reference
    _clock_init                               - Undefined Weak Reference
    _fp_trap_init                             - Undefined Weak Reference
    _fp_trap_shutdown                         - Undefined Weak Reference
    _get_lc_collate                           - Undefined Weak Reference
    _get_lc_ctype                             - Undefined Weak Reference
    _get_lc_monetary                          - Undefined Weak Reference
    _get_lc_numeric                           - Undefined Weak Reference
    _get_lc_time                              - Undefined Weak Reference
    _getenv_init                              - Undefined Weak Reference
    _handle_redirection                       - Undefined Weak Reference
    _init_alloc                               - Undefined Weak Reference
    _init_user_alloc                          - Undefined Weak Reference
    _initio                                   - Undefined Weak Reference
    _rand_init                                - Undefined Weak Reference
    _signal_finish                            - Undefined Weak Reference
    _signal_init                              - Undefined Weak Reference
    _terminate_alloc                          - Undefined Weak Reference
    _terminate_user_alloc                     - Undefined Weak Reference
    _terminateio                              - Undefined Weak Reference
    __Vectors_End                            0x00000400   Data           0  startup_mk60d10.o(RESET)
    __Vectors_Size                           0x00000400   Number         0  startup_mk60d10.o ABSOLUTE
    __main                                   0x00000411   Thumb Code     8  __main.o(!!!main)
    __scatterload                            0x00000419   Thumb Code     0  __scatter.o(!!!scatter)
    __scatterload_rt2                        0x00000419   Thumb Code    44  __scatter.o(!!!scatter)
    __scatterload_rt2_thumb_only             0x00000419   Thumb Code     0  __scatter.o(!!!scatter)
    __scatterload_null                       0x00000427   Thumb Code     0  __scatter.o(!!!scatter)
    __decompress                             0x0000044d   Thumb Code    90  __dczerorl2.o(!!dczerorl2)
    __decompress1                            0x0000044d   Thumb Code     0  __dczerorl2.o(!!dczerorl2)
    __scatterload_zeroinit                   0x000004a9   Thumb Code    28  __scatter_zi.o(!!handler_zi)
    __rt_lib_init                            0x000004c5   Thumb Code     0  libinit.o(.ARM.Collect$$libinit$$00000000)
    __rt_lib_init_alloca_1                   0x000004c7   Thumb Code     0  libinit2.o(.ARM.Collect$$libinit$$0000002E)
    __rt_lib_init_argv_1                     0x000004c7   Thumb Code     0  libinit2.o(.ARM.Collect$$libinit$$0000002C)
    __rt_lib_init_atexit_1                   0x000004c7   Thumb Code     0  libinit2.o(.ARM.Collect$$libinit$$0000001B)
    __rt_lib_init_clock_1                    0x000004c7   Thumb Code     0  libinit2.o(.ARM.Collect$$libinit$$00000021)
    __rt_lib_init_cpp_1                      0x000004c7   Thumb Code     0  libinit2.o(.ARM.Collect$$libinit$$00000032)
    __rt_lib_init_exceptions_1               0x000004c7   Thumb Code     0  libinit2.o(.ARM.Collect$$libinit$$00000030)
    __rt_lib_init_fp_1                       0x000004c7   Thumb Code     0  libinit2.o(.ARM.Collect$$libinit$$00000002)
    __rt_lib_init_fp_trap_1                  0x000004c7   Thumb Code     0  libinit2.o(.ARM.Collect$$libinit$$0000001F)
    __rt_lib_init_getenv_1                   0x000004c7   Thumb Code     0  libinit2.o(.ARM.Collect$$libinit$$00000023)
    __rt_lib_init_heap_1                     0x000004c7   Thumb Code     0  libinit2.o(.ARM.Collect$$libinit$$0000000A)
    __rt_lib_init_lc_collate_1               0x000004c7   Thumb Code     0  libinit2.o(.ARM.Collect$$libinit$$00000011)
    __rt_lib_init_lc_ctype_1                 0x000004c7   Thumb Code     0  libinit2.o(.ARM.Collect$$libinit$$00000013)
    __rt_lib_init_lc_monetary_1              0x000004c7   Thumb Code     0  libinit2.o(.ARM.Collect$$libinit$$00000015)
    __rt_lib_init_lc_numeric_1               0x000004c7   Thumb Code     0  libinit2.o(.ARM.Collect$$libinit$$00000017)
    __rt_lib_init_lc_time_1                  0x000004c7   Thumb Code     0  libinit2.o(.ARM.Collect$$libinit$$00000019)
    __rt_lib_init_preinit_1                  0x000004c7   Thumb Code     0  libinit2.o(.ARM.Collect$$libinit$$00000004)
    __rt_lib_init_rand_1                     0x000004c7   Thumb Code     0  libinit2.o(.ARM.Collect$$libinit$$0000000E)
    __rt_lib_init_return                     0x000004c7   Thumb Code     0  libinit2.o(.ARM.Collect$$libinit$$00000033)
    __rt_lib_init_signal_1                   0x000004c7   Thumb Code     0  libinit2.o(.ARM.Collect$$libinit$$0000001D)
    __rt_lib_init_stdio_1                    0x000004c7   Thumb Code     0  libinit2.o(.ARM.Collect$$libinit$$00000025)
    __rt_lib_init_user_alloc_1               0x000004c7   Thumb Code     0  libinit2.o(.ARM.Collect$$libinit$$0000000C)
    __rt_lib_shutdown                        0x000004c9   Thumb Code     0  libshutdown.o(.ARM.Collect$$libshutdown$$00000000)
    __rt_lib_shutdown_cpp_1                  0x000004cb   Thumb Code     0  libshutdown2.o(.ARM.Collect$$libshutdown$$00000002)
    __rt_lib_shutdown_fp_trap_1              0x000004cb   Thumb Code     0  libshutdown2.o(.ARM.Collect$$libshutdown$$00000007)
    __rt_lib_shutdown_heap_1                 0x000004cb   Thumb Code     0  libshutdown2.o(.ARM.Collect$$libshutdown$$0000000F)
    __rt_lib_shutdown_return                 0x000004cb   Thumb Code     0  libshutdown2.o(.ARM.Collect$$libshutdown$$00000010)
    __rt_lib_shutdown_signal_1               0x000004cb   Thumb Code     0  libshutdown2.o(.ARM.Collect$$libshutdown$$0000000A)
    __rt_lib_shutdown_stdio_1                0x000004cb   Thumb Code     0  libshutdown2.o(.ARM.Collect$$libshutdown$$00000004)
    __rt_lib_shutdown_user_alloc_1           0x000004cb   Thumb Code     0  libshutdown2.o(.ARM.Collect$$libshutdown$$0000000C)
    __rt_entry                               0x000004cd   Thumb Code     0  __rtentry.o(.ARM.Collect$$rtentry$$00000000)
    __rt_entry_presh_1                       0x000004cd   Thumb Code     0  __rtentry2.o(.ARM.Collect$$rtentry$$00000002)
    __rt_entry_sh                            0x000004cd   Thumb Code     0  __rtentry4.o(.ARM.Collect$$rtentry$$00000004)
    __rt_entry_li                            0x000004d3   Thumb Code     0  __rtentry2.o(.ARM.Collect$$rtentry$$0000000A)
    __rt_entry_postsh_1                      0x000004d3   Thumb Code     0  __rtentry2.o(.ARM.Collect$$rtentry$$00000009)
    __rt_entry_main                          0x000004d7   Thumb Code     0  __rtentry2.o(.ARM.Collect$$rtentry$$0000000D)
    __rt_entry_postli_1                      0x000004d7   Thumb Code     0  __rtentry2.o(.ARM.Collect$$rtentry$$0000000C)
    __rt_exit                                0x000004df   Thumb Code     0  rtexit.o(.ARM.Collect$$rtexit$$00000000)
    __rt_exit_ls                             0x000004e1   Thumb Code     0  rtexit2.o(.ARM.Collect$$rtexit$$00000003)
    __rt_exit_prels_1                        0x000004e1   Thumb Code     0  rtexit2.o(.ARM.Collect$$rtexit$$00000002)
    __rt_exit_exit                           0x000004e5   Thumb Code     0  rtexit2.o(.ARM.Collect$$rtexit$$00000004)
    Reset_Handler                            0x000004ed   Thumb Code     8  startup_mk60d10.o(.text)
    HardFault_Handler                        0x000004f7   Thumb Code     2  startup_mk60d10.o(.text)
    MemManage_Handler                        0x000004f9   Thumb Code     2  startup_mk60d10.o(.text)
    BusFault_Handler                         0x000004fb   Thumb Code     2  startup_mk60d10.o(.text)
    UsageFault_Handler                       0x000004fd   Thumb Code     2  startup_mk60d10.o(.text)
    SVC_Handler                              0x000004ff   Thumb Code     2  startup_mk60d10.o(.text)
    DebugMon_Handler                         0x00000501   Thumb Code     2  startup_mk60d10.o(.text)
    PendSV_Handler                           0x00000503   Thumb Code     2  startup_mk60d10.o(.text)
    SysTick_Handler                          0x00000505   Thumb Code     2  startup_mk60d10.o(.text)
    CAN0_Bus_Off_IRQHandler                  0x00000507   Thumb Code     0  startup_mk60d10.o(.text)
    CAN0_Error_IRQHandler                    0x00000507   Thumb Code     0  startup_mk60d10.o(.text)
    CAN0_Rx_Warning_IRQHandler               0x00000507   Thumb Code     0  startup_mk60d10.o(.text)
    CAN0_Tx_Warning_IRQHandler               0x00000507   Thumb Code     0  startup_mk60d10.o(.text)
    CAN0_Wake_Up_IRQHandler                  0x00000507   Thumb Code     0  startup_mk60d10.o(.text)
    CAN1_Bus_Off_IRQHandler                  0x00000507   Thumb Code     0  startup_mk60d10.o(.text)
    CAN1_Error_IRQHandler                    0x00000507   Thumb Code     0  startup_mk60d10.o(.text)
    CAN1_Rx_Warning_IRQHandler               0x00000507   Thumb Code     0  startup_mk60d10.o(.text)
    CAN1_Tx_Warning_IRQHandler               0x00000507   Thumb Code     0  startup_mk60d10.o(.text)
    CAN1_Wake_Up_IRQHandler                  0x00000507   Thumb Code     0  startup_mk60d10.o(.text)
    CMP0_IRQHandler                          0x00000507   Thumb Code     0  startup_mk60d10.o(.text)
    CMP1_IRQHandler                          0x00000507   Thumb Code     0  startup_mk60d10.o(.text)
    CMP2_IRQHandler                          0x00000507   Thumb Code     0  startup_mk60d10.o(.text)
    CMT_IRQHandler                           0x00000507   Thumb Code     0  startup_mk60d10.o(.text)
    DMA_Error_IRQHandler                     0x00000507   Thumb Code     0  startup_mk60d10.o(.text)
    DefaultISR                               0x00000507   Thumb Code     0  startup_mk60d10.o(.text)
    ENET_1588_Timer_IRQHandler               0x00000507   Thumb Code     0  startup_mk60d10.o(.text)
    ENET_Error_IRQHandler                    0x00000507   Thumb Code     0  startup_mk60d10.o(.text)
    FTFL_IRQHandler                          0x00000507   Thumb Code     0  startup_mk60d10.o(.text)
    I2C0_IRQHandler                          0x00000507   Thumb Code     0  startup_mk60d10.o(.text)
    I2C1_IRQHandler                          0x00000507   Thumb Code     0  startup_mk60d10.o(.text)
    I2S0_Rx_IRQHandler                       0x00000507   Thumb Code     0  startup_mk60d10.o(.text)
    I2S0_Tx_IRQHandler                       0x00000507   Thumb Code     0  startup_mk60d10.o(.text)
    LLW_IRQHandler                           0x00000507   Thumb Code     0  startup_mk60d10.o(.text)
    LVD_LVW_IRQHandler                       0x00000507   Thumb Code     0  startup_mk60d10.o(.text)
    MCG_IRQHandler                           0x00000507   Thumb Code     0  startup_mk60d10.o(.text)
    MCM_IRQHandler                           0x00000507   Thumb Code     0  startup_mk60d10.o(.text)
    RNG_IRQHandler                           0x00000507   Thumb Code     0  startup_mk60d10.o(.text)
    RTC_Seconds_IRQHandler                   0x00000507   Thumb Code     0  startup_mk60d10.o(.text)
    Read_Collision_IRQHandler                0x00000507   Thumb Code     0  startup_mk60d10.o(.text)
    Reserved102_IRQHandler                   0x00000507   Thumb Code     0  startup_mk60d10.o(.text)
    Reserved108_IRQHandler                   0x00000507   Thumb Code     0  startup_mk60d10.o(.text)
    Reserved109_IRQHandler                   0x00000507   Thumb Code     0  startup_mk60d10.o(.text)
    Reserved111_IRQHandler                   0x00000507   Thumb Code     0  startup_mk60d10.o(.text)
    Reserved112_IRQHandler                   0x00000507   Thumb Code     0  startup_mk60d10.o(.text)
    Reserved113_IRQHandler                   0x00000507   Thumb Code     0  startup_mk60d10.o(.text)
    Reserved114_IRQHandler                   0x00000507   Thumb Code     0  startup_mk60d10.o(.text)
    Reserved115_IRQHandler                   0x00000507   Thumb Code     0  startup_mk60d10.o(.text)
    Reserved116_IRQHandler                   0x00000507   Thumb Code     0  startup_mk60d10.o(.text)
    Reserved117_IRQHandler                   0x00000507   Thumb Code     0  startup_mk60d10.o(.text)
    Reserved118_IRQHandler                   0x00000507   Thumb Code     0  startup_mk60d10.o(.text)
    Reserved119_IRQHandler                   0x00000507   Thumb Code     0  startup_mk60d10.o(.text)
    Reserved59_IRQHandler                    0x00000507   Thumb Code     0  startup_mk60d10.o(.text)
    Reserved95_IRQHandler                    0x00000507   Thumb Code     0  startup_mk60d10.o(.text)
    SDHC_IRQHandler                          0x00000507   Thumb Code     0  startup_mk60d10.o(.text)
    SWI_IRQHandler                           0x00000507   Thumb Code     0  startup_mk60d10.o(.text)
    UART0_ERR_IRQHandler                     0x00000507   Thumb Code     0  startup_mk60d10.o(.text)
    UART0_LON_IRQHandler                     0x00000507   Thumb Code     0  startup_mk60d10.o(.text)
    UART1_ERR_IRQHandler                     0x00000507   Thumb Code     0  startup_mk60d10.o(.text)
    UART2_ERR_IRQHandler                     0x00000507   Thumb Code     0  startup_mk60d10.o(.text)
    UART3_ERR_IRQHandler                     0x00000507   Thumb Code     0  startup_mk60d10.o(.text)
    UART4_ERR_IRQHandler                     0x00000507   Thumb Code     0  startup_mk60d10.o(.text)
    UART5_ERR_IRQHandler                     0x00000507   Thumb Code     0  startup_mk60d10.o(.text)
    USB0_IRQHandler                          0x00000507   Thumb Code     0  startup_mk60d10.o(.text)
    USBDCD_IRQHandler                        0x00000507   Thumb Code     0  startup_mk60d10.o(.text)
    __user_initial_stackheap                 0x00000509   Thumb Code     0  startup_mk60d10.o(.text)
    __use_two_region_memory                  0x0000052d   Thumb Code     2  heapauxi.o(.text)
    __rt_heap_escrow$2region                 0x0000052f   Thumb Code     2  heapauxi.o(.text)
    __rt_heap_expand$2region                 0x00000531   Thumb Code     2  heapauxi.o(.text)
    __user_setup_stackheap                   0x00000533   Thumb Code    74  sys_stackheap_outer.o(.text)
    exit                                     0x0000057d   Thumb Code    18  exit.o(.text)
    __user_libspace                          0x00000591   Thumb Code     8  libspace.o(.text)
    __user_perproc_libspace                  0x00000591   Thumb Code     0  libspace.o(.text)
    __user_perthread_libspace                0x00000591   Thumb Code     0  libspace.o(.text)
    _sys_exit                                0x00000599   Thumb Code     8  sys_exit.o(.text)
    __I$use$semihosting                      0x000005a5   Thumb Code     0  use_no_semi.o(.text)
    __use_no_semihosting_swi                 0x000005a5   Thumb Code     2  use_no_semi.o(.text)
    __semihosting_library_function           0x000005a7   Thumb Code     0  indicate_semi.o(.text)
    ADC0_IRQHandler                          0x000005a9   Thumb Code    16  adc.o(i.ADC0_IRQHandler)
    ADC1_IRQHandler                          0x000005bd   Thumb Code    16  adc.o(i.ADC1_IRQHandler)
    ADC_Calibration                          0x000005d1   Thumb Code   254  adc.o(i.ADC_Calibration)
    ADC_ChlMuxConfig                         0x000006d9   Thumb Code    48  adc.o(i.ADC_ChlMuxConfig)
    ADC_Init                                 0x0000070d   Thumb Code   662  adc.o(i.ADC_Init)
    ADC_QuickInit                            0x000009ad   Thumb Code   146  adc.o(i.ADC_QuickInit)
    ADC_QuickReadValue                       0x00000a41   Thumb Code    54  adc.o(i.ADC_QuickReadValue)
    ADC_ReadValue                            0x00000a7d   Thumb Code    16  adc.o(i.ADC_ReadValue)
    ADC_StartConversion                      0x00000a91   Thumb Code    54  adc.o(i.ADC_StartConversion)
    All_Init                                 0x00000acd   Thumb Code   290  main_1.o(i.All_Init)
    CAN0_ORed_Message_buffer_IRQHandler      0x00000c21   Thumb Code    10  can.o(i.CAN0_ORed_Message_buffer_IRQHandler)
    CAN1_ORed_Message_buffer_IRQHandler      0x00000c2b   Thumb Code    10  can.o(i.CAN1_ORed_Message_buffer_IRQHandler)
    CAN_IRQHandler                           0x00000c35   Thumb Code    22  can.o(i.CAN_IRQHandler)
    DAC0_IRQHandler                          0x00000c51   Thumb Code    10  dac.o(i.DAC0_IRQHandler)
    DAC1_IRQHandler                          0x00000c5b   Thumb Code    10  dac.o(i.DAC1_IRQHandler)
    DMA0_IRQHandler                          0x00000ce9   Thumb Code    10  dma.o(i.DMA0_IRQHandler)
    DMA10_IRQHandler                         0x00000cf3   Thumb Code    10  dma.o(i.DMA10_IRQHandler)
    DMA11_IRQHandler                         0x00000cfd   Thumb Code    10  dma.o(i.DMA11_IRQHandler)
    DMA12_IRQHandler                         0x00000d07   Thumb Code    10  dma.o(i.DMA12_IRQHandler)
    DMA13_IRQHandler                         0x00000d11   Thumb Code    10  dma.o(i.DMA13_IRQHandler)
    DMA14_IRQHandler                         0x00000d1b   Thumb Code    10  dma.o(i.DMA14_IRQHandler)
    DMA15_IRQHandler                         0x00000d25   Thumb Code    10  dma.o(i.DMA15_IRQHandler)
    DMA1_IRQHandler                          0x00000d2f   Thumb Code    10  dma.o(i.DMA1_IRQHandler)
    DMA2_IRQHandler                          0x00000d39   Thumb Code    10  dma.o(i.DMA2_IRQHandler)
    DMA3_IRQHandler                          0x00000d43   Thumb Code    10  dma.o(i.DMA3_IRQHandler)
    DMA4_IRQHandler                          0x00000d4d   Thumb Code    10  dma.o(i.DMA4_IRQHandler)
    DMA5_IRQHandler                          0x00000d57   Thumb Code    10  dma.o(i.DMA5_IRQHandler)
    DMA6_IRQHandler                          0x00000d61   Thumb Code    10  dma.o(i.DMA6_IRQHandler)
    DMA7_IRQHandler                          0x00000d6b   Thumb Code    10  dma.o(i.DMA7_IRQHandler)
    DMA8_IRQHandler                          0x00000d75   Thumb Code    10  dma.o(i.DMA8_IRQHandler)
    DMA9_IRQHandler                          0x00000d7f   Thumb Code    10  dma.o(i.DMA9_IRQHandler)
    DWT_DelayInit                            0x00000db1   Thumb Code    26  common.o(i.DWT_DelayInit)
    DWT_DelayMs                              0x00000dd5   Thumb Code    18  common.o(i.DWT_DelayMs)
    DWT_DelayUs                              0x00000de9   Thumb Code    62  common.o(i.DWT_DelayUs)
    DelayInit                                0x00000e35   Thumb Code     8  common.o(i.DelayInit)
    DelayMs                                  0x00000e3d   Thumb Code    12  common.o(i.DelayMs)
    ENET_Receive_IRQHandler                  0x00000e49   Thumb Code    28  enet.o(i.ENET_Receive_IRQHandler)
    ENET_Transmit_IRQHandler                 0x00000e6d   Thumb Code    28  enet.o(i.ENET_Transmit_IRQHandler)
    FTM0_IRQHandler                          0x00000e91   Thumb Code    10  ftm.o(i.FTM0_IRQHandler)
    FTM1_IRQHandler                          0x00000e9b   Thumb Code    10  ftm.o(i.FTM1_IRQHandler)
    FTM2_IRQHandler                          0x00000ea5   Thumb Code    10  ftm.o(i.FTM2_IRQHandler)
    FTM_IRQHandler                           0x00000f69   Thumb Code   118  ftm.o(i.FTM_IRQHandler)
    FTM_PWM_ChangeDuty                       0x00000fed   Thumb Code   150  ftm.o(i.FTM_PWM_ChangeDuty)
    FTM_PWM_InvertPolarity                   0x00001089   Thumb Code   132  ftm.o(i.FTM_PWM_InvertPolarity)
    FTM_PWM_QuickInit                        0x00001111   Thumb Code   452  ftm.o(i.FTM_PWM_QuickInit)
    GPIO_Init                                0x0000174d   Thumb Code   196  gpio.o(i.GPIO_Init)
    GPIO_PinConfig                           0x00001811   Thumb Code    70  gpio.o(i.GPIO_PinConfig)
    GPIO_QuickInit                           0x00001865   Thumb Code    30  gpio.o(i.GPIO_QuickInit)
    GetClock                                 0x00001885   Thumb Code   104  common.o(i.GetClock)
    GetData                                  0x000018f5   Thumb Code   534  control.o(i.GetData)
    Judge                                    0x00001b59   Thumb Code  1404  control.o(i.Judge)
    KEY_Scan                                 0x00002101   Thumb Code   252  key.o(i.KEY_Scan)
    LPTimer_IRQHandler                       0x00002209   Thumb Code    28  lptmr.o(i.LPTimer_IRQHandler)
    MainMenuInit                             0x0000222d   Thumb Code   226  menu.o(i.MainMenuInit)
    Menu                                     0x00002385   Thumb Code   424  menu.o(i.Menu)
    NMI_Handler                              0x00002555   Thumb Code     8  common.o(i.NMI_Handler)
    NMI_isr                                  0x0000255d   Thumb Code     2  common.o(i.NMI_isr)
    NullSubs                                 0x0000255f   Thumb Code     2  menu.o(i.NullSubs)
    OLED_display_number_6x8                  0x00002561   Thumb Code    36  oled.o(i.OLED_display_number_6x8)
    OLED_display_string_6x8                  0x0000258d   Thumb Code    34  oled.o(i.OLED_display_string_6x8)
    OLED_fill_ram                            0x000025af   Thumb Code    66  oled.o(i.OLED_fill_ram)
    OLED_init                                0x000025f1   Thumb Code   218  oled.o(i.OLED_init)
    OLED_set_pos                             0x000026d5   Thumb Code    42  oled.o(i.OLED_set_pos)
    OLED_write_byte                          0x00002701   Thumb Code    56  oled.o(i.OLED_write_byte)
    OLED_write_char_6x8                      0x0000273d   Thumb Code    42  oled.o(i.OLED_write_char_6x8)
    PDB0_IRQHandler                          0x0000276d   Thumb Code    28  pdb.o(i.PDB0_IRQHandler)
    PID_realize                              0x00002791   Thumb Code  1802  control.o(i.PID_realize)
    PIT0_IRQHandler                          0x00002f0d   Thumb Code    10  pit.o(i.PIT0_IRQHandler)
    PIT1_IRQHandler                          0x00002f17   Thumb Code    10  pit.o(i.PIT1_IRQHandler)
    PIT2_IRQHandler                          0x00002f21   Thumb Code    10  pit.o(i.PIT2_IRQHandler)
    PIT3_IRQHandler                          0x00002f2b   Thumb Code    10  pit.o(i.PIT3_IRQHandler)
    PIT_CallbackInstall                      0x00002f35   Thumb Code    22  pit.o(i.PIT_CallbackInstall)
    PIT_ITDMAConfig                          0x00002f9d   Thumb Code   114  pit.o(i.PIT_ITDMAConfig)
    PIT_Init                                 0x0000301d   Thumb Code    94  pit.o(i.PIT_Init)
    PIT_QuickInit                            0x00003091   Thumb Code    20  pit.o(i.PIT_QuickInit)
    PORTA_IRQHandler                         0x000030a5   Thumb Code    10  gpio.o(i.PORTA_IRQHandler)
    PORTB_IRQHandler                         0x000030af   Thumb Code    10  gpio.o(i.PORTB_IRQHandler)
    PORTC_IRQHandler                         0x000030b9   Thumb Code    10  gpio.o(i.PORTC_IRQHandler)
    PORTD_IRQHandler                         0x000030c3   Thumb Code    10  gpio.o(i.PORTD_IRQHandler)
    PORTE_IRQHandler                         0x000030cd   Thumb Code    10  gpio.o(i.PORTE_IRQHandler)
    PORT_PinMuxConfig                        0x00003111   Thumb Code    74  gpio.o(i.PORT_PinMuxConfig)
    PORT_PinOpenDrainConfig                  0x00003169   Thumb Code    72  gpio.o(i.PORT_PinOpenDrainConfig)
    PORT_PinPullConfig                       0x000031bd   Thumb Code   162  gpio.o(i.PORT_PinPullConfig)
    RTC_IRQHandler                           0x0000326d   Thumb Code    72  rtc.o(i.RTC_IRQHandler)
    SPI0_IRQHandler                          0x000032bd   Thumb Code    10  spi.o(i.SPI0_IRQHandler)
    SPI1_IRQHandler                          0x000032c7   Thumb Code    10  spi.o(i.SPI1_IRQHandler)
    SPI2_IRQHandler                          0x000032d1   Thumb Code    10  spi.o(i.SPI2_IRQHandler)
    ShowMenu                                 0x00003311   Thumb Code   388  menu.o(i.ShowMenu)
    SystemCoreClockUpdate                    0x000034d5   Thumb Code   324  system_mk60d10.o(i.SystemCoreClockUpdate)
    SystemInit                               0x0000362d   Thumb Code    88  system_mk60d10.o(i.SystemInit)
    TSI0_IRQHandler                          0x00003691   Thumb Code    38  tsi.o(i.TSI0_IRQHandler)
    UART0_RX_TX_IRQHandler                   0x000036c1   Thumb Code    10  uart.o(i.UART0_RX_TX_IRQHandler)
    UART1_RX_TX_IRQHandler                   0x000036cb   Thumb Code    10  uart.o(i.UART1_RX_TX_IRQHandler)
    UART2_RX_TX_IRQHandler                   0x000036d5   Thumb Code    10  uart.o(i.UART2_RX_TX_IRQHandler)
    UART3_RX_TX_IRQHandler                   0x000036df   Thumb Code    10  uart.o(i.UART3_RX_TX_IRQHandler)
    UART4_RX_TX_IRQHandler                   0x000036e9   Thumb Code    10  uart.o(i.UART4_RX_TX_IRQHandler)
    UART5_RX_TX_IRQHandler                   0x000036f3   Thumb Code    10  uart.o(i.UART5_RX_TX_IRQHandler)
    UART_EnableRxFIFO                        0x000036fd   Thumb Code    46  uart.o(i.UART_EnableRxFIFO)
    UART_EnableTxFIFO                        0x00003731   Thumb Code    46  uart.o(i.UART_EnableTxFIFO)
    UART_Init                                0x00003831   Thumb Code   716  uart.o(i.UART_Init)
    UART_QuickInit                           0x00003b0d   Thumb Code   112  uart.o(i.UART_QuickInit)
    Watchdog_IRQHandler                      0x00003b7d   Thumb Code    28  wdog.o(i.Watchdog_IRQHandler)
    charge                                   0x00003c19   Thumb Code   742  control.o(i.charge)
    int16_to_string                          0x00003fc5   Thumb Code    94  oled.o(i.int16_to_string)
    main                                     0x00004023   Thumb Code    12  main_1.o(i.main)
    __aeabi_d2f                              0x00004031   Thumb Code     0  d2f.o(x$fpl$d2f)
    _d2f                                     0x00004031   Thumb Code    98  d2f.o(x$fpl$d2f)
    __aeabi_dadd                             0x00004095   Thumb Code     0  daddsub_clz.o(x$fpl$dadd)
    _dadd                                    0x00004095   Thumb Code   332  daddsub_clz.o(x$fpl$dadd)
    __fpl_dcmp_Inf                           0x000041e5   Thumb Code    24  dcmpi.o(x$fpl$dcmpinf)
    __aeabi_ddiv                             0x000041fd   Thumb Code     0  ddiv.o(x$fpl$ddiv)
    _ddiv                                    0x000041fd   Thumb Code   552  ddiv.o(x$fpl$ddiv)
    __aeabi_cdcmpeq                          0x000044ad   Thumb Code     0  deqf.o(x$fpl$deqf)
    _dcmpeq                                  0x000044ad   Thumb Code   120  deqf.o(x$fpl$deqf)
    __aeabi_cdcmple                          0x00004525   Thumb Code     0  dleqf.o(x$fpl$dleqf)
    _dcmple                                  0x00004525   Thumb Code   120  dleqf.o(x$fpl$dleqf)
    __fpl_dcmple_InfNaN                      0x00004587   Thumb Code     0  dleqf.o(x$fpl$dleqf)
    __aeabi_dmul                             0x0000459d   Thumb Code     0  dmul.o(x$fpl$dmul)
    _dmul                                    0x0000459d   Thumb Code   332  dmul.o(x$fpl$dmul)
    __fpl_dnaninf                            0x000046f1   Thumb Code   156  dnaninf.o(x$fpl$dnaninf)
    __fpl_dretinf                            0x0000478d   Thumb Code    12  dretinf.o(x$fpl$dretinf)
    __aeabi_dsub                             0x00004799   Thumb Code     0  daddsub_clz.o(x$fpl$dsub)
    _dsub                                    0x00004799   Thumb Code   464  daddsub_clz.o(x$fpl$dsub)
    __aeabi_f2d                              0x0000496d   Thumb Code     0  f2d.o(x$fpl$f2d)
    _f2d                                     0x0000496d   Thumb Code    86  f2d.o(x$fpl$f2d)
    __aeabi_fadd                             0x000049c5   Thumb Code     0  faddsub_clz.o(x$fpl$fadd)
    _fadd                                    0x000049c5   Thumb Code   196  faddsub_clz.o(x$fpl$fadd)
    __fpl_fcmp_Inf                           0x00004a89   Thumb Code    24  fcmpi.o(x$fpl$fcmpinf)
    __aeabi_fdiv                             0x00004aa1   Thumb Code     0  fdiv.o(x$fpl$fdiv)
    _fdiv                                    0x00004aa1   Thumb Code   384  fdiv.o(x$fpl$fdiv)
    __aeabi_cfcmpeq                          0x00004c25   Thumb Code     0  feqf.o(x$fpl$feqf)
    _fcmpeq                                  0x00004c25   Thumb Code   104  feqf.o(x$fpl$feqf)
    __aeabi_f2iz                             0x00004c8d   Thumb Code     0  ffix.o(x$fpl$ffix)
    _ffix                                    0x00004c8d   Thumb Code    54  ffix.o(x$fpl$ffix)
    __aeabi_f2uiz                            0x00004cc5   Thumb Code     0  ffixu.o(x$fpl$ffixu)
    _ffixu                                   0x00004cc5   Thumb Code    62  ffixu.o(x$fpl$ffixu)
    __aeabi_i2f                              0x00004d05   Thumb Code     0  fflt_clz.o(x$fpl$fflt)
    _fflt                                    0x00004d05   Thumb Code    48  fflt_clz.o(x$fpl$fflt)
    __aeabi_cfcmple                          0x00004d35   Thumb Code     0  fleqf.o(x$fpl$fleqf)
    _fcmple                                  0x00004d35   Thumb Code   104  fleqf.o(x$fpl$fleqf)
    __fpl_fcmple_InfNaN                      0x00004d87   Thumb Code     0  fleqf.o(x$fpl$fleqf)
    __aeabi_fmul                             0x00004d9d   Thumb Code     0  fmul.o(x$fpl$fmul)
    _fmul                                    0x00004d9d   Thumb Code   258  fmul.o(x$fpl$fmul)
    __fpl_fnaninf                            0x00004e9f   Thumb Code   140  fnaninf.o(x$fpl$fnaninf)
    __fpl_fretinf                            0x00004f2b   Thumb Code    10  fretinf.o(x$fpl$fretinf)
    __aeabi_cfrcmple                         0x00004f35   Thumb Code     0  frleqf.o(x$fpl$frleqf)
    _frcmple                                 0x00004f35   Thumb Code    98  frleqf.o(x$fpl$frleqf)
    __aeabi_fsub                             0x00004f99   Thumb Code     0  faddsub_clz.o(x$fpl$fsub)
    _fsub                                    0x00004f99   Thumb Code   234  faddsub_clz.o(x$fpl$fsub)
    __I$use$fp                               0x00005082   Number         0  usenofp.o(x$fpl$usenofp)
    SPI_InstanceTable                        0x0000513c   Data          12  spi.o(.constdata)
    ASCII_6X8                                0x00005244   Data         570  oled.o(.constdata)
    ASCII_8X16                               0x0000547e   Data        1520  oled.o(.constdata)
    FONT_CHINESE                             0x00005a6e   Data         320  oled.o(.constdata)
    FONT_HANGZI                              0x00005bae   Data          32  oled.o(.constdata)
    Region$$Table$$Base                      0x00005be4   Number         0  anon$$obj.o(Region$$Table)
    Region$$Table$$Limit                     0x00005c04   Number         0  anon$$obj.o(Region$$Table)
    SystemCoreClock                          0x20000000   Data           4  system_mk60d10.o(.data)
    __stdout                                 0x200000b4   Data           4  uart.o(.data)
    __stdin                                  0x200000b8   Data           4  uart.o(.data)
    i                                        0x200000c8   Data           1  control.o(.data)
    j                                        0x200000c9   Data           1  control.o(.data)
    err                                      0x200000cc   Data           4  control.o(.data)
    errc                                     0x200000d0   Data           4  control.o(.data)
    adjust                                   0x200000d4   Data           4  control.o(.data)
    L_speed                                  0x200000d8   Data           4  control.o(.data)
    R_speed                                  0x200000dc   Data           4  control.o(.data)
    loop_err                                 0x200000e0   Data           4  control.o(.data)
    loop_errc                                0x200000e4   Data           4  control.o(.data)
    charge_err                               0x200000e8   Data           4  control.o(.data)
    charge_errc                              0x200000ec   Data           4  control.o(.data)
    charge_k                                 0x200000f0   Data           4  control.o(.data)
    charge_adjust                            0x200000f4   Data           4  control.o(.data)
    L_outside                                0x200000f8   Data           4  control.o(.data)
    R_outside                                0x200000fc   Data           4  control.o(.data)
    L_inside                                 0x20000100   Data           4  control.o(.data)
    R_inside                                 0x20000104   Data           4  control.o(.data)
    L_vertical                               0x20000108   Data           4  control.o(.data)
    R_vertical                               0x2000010c   Data           4  control.o(.data)
    L_vertical_last                          0x20000110   Data           4  control.o(.data)
    R_vertical_last                          0x20000114   Data           4  control.o(.data)
    outflag                                  0x20000118   Data           4  control.o(.data)
    outloop_flag                             0x2000011c   Data           4  control.o(.data)
    loop_shield_flag                         0x20000120   Data           4  control.o(.data)
    loop_flag                                0x20000124   Data           4  control.o(.data)
    yisiloop                                 0x20000128   Data           4  control.o(.data)
    buchang                                  0x2000012c   Data           4  control.o(.data)
    V_battery                                0x20000130   Data           4  control.o(.data)
    I_true                                   0x20000134   Data           4  control.o(.data)
    charge_pwm                               0x20000138   Data           4  control.o(.data)
    power                                    0x2000013c   Data           4  control.o(.data)
    loop_direction                           0x20000140   Data           4  control.o(.data)
    LZ_count                                 0x20000144   Data           4  control.o(.data)
    LZflag                                   0x20000148   Data           4  control.o(.data)
    LZflag1                                  0x2000014c   Data           4  control.o(.data)
    LZflag2                                  0x20000150   Data           4  control.o(.data)
    LZflag3                                  0x20000154   Data           4  control.o(.data)
    LZ_number                                0x20000158   Data           4  control.o(.data)
    LZ_number_last                           0x2000015c   Data           4  control.o(.data)
    LZ_shield_flag                           0x20000160   Data           4  control.o(.data)
    k                                        0x20000164   Data           4  control.o(.data)
    k_sum                                    0x20000168   Data           4  control.o(.data)
    loop_shield_count                        0x2000016c   Data           4  control.o(.data)
    count                                    0x20000170   Data           4  control.o(.data)
    LZ_shield_count                          0x20000174   Data           4  control.o(.data)
    V_start                                  0x20000178   Data           4  control.o(.data)
    charge_kp                                0x2000017c   Data           4  control.o(.data)
    charge_kd                                0x20000180   Data           4  control.o(.data)
    aim                                      0x20000184   Data           4  control.o(.data)
    speed                                    0x20000188   Data           4  control.o(.data)
    set_speed                                0x2000018c   Data           4  control.o(.data)
    inloop_speed                             0x20000190   Data           4  control.o(.data)
    Sloop_speed                              0x20000194   Data           4  control.o(.data)
    Lloop_speed                              0x20000198   Data           4  control.o(.data)
    kp                                       0x2000019c   Data           4  control.o(.data)
    loop_kp                                  0x200001a0   Data           4  control.o(.data)
    kd                                       0x200001a4   Data           4  control.o(.data)
    loop_kd                                  0x200001a8   Data           4  control.o(.data)
    inloop_sum                               0x200001ac   Data           4  control.o(.data)
    inbloop_sum                              0x200001b0   Data           4  control.o(.data)
    outloop_sum                              0x200001b4   Data           4  control.o(.data)
    outloop_err                              0x200001b8   Data           4  control.o(.data)
    loop_num                                 0x200001bc   Data           4  control.o(.data)
    loop_dir                                 0x200001c0   Data          12  control.o(.data)
    LZ_PD                                    0x200001cc   Data           4  control.o(.data)
    page                                     0x200001d4   Data           4  menu.o(.data)
    keyflag                                  0x200001d8   Data           4  menu.o(.data)
    A                                        0x200001dc   Data           4  menu.o(.data)
    KEY                                      0x200001e0   Data           4  menu.o(.data)
    MenuPoint                                0x200001e4   Data           4  menu.o(.data)
    DisplayStart                             0x200001e8   Data           2  menu.o(.data)
    UserChoose                               0x200001ea   Data           2  menu.o(.data)
    DisplayPoint                             0x200001ec   Data           2  menu.o(.data)
    MaxItems                                 0x200001ee   Data           2  menu.o(.data)
    kong                                     0x200001f0   Data           1  menu.o(.data)
    errc_temp                                0x200002a0   Data          20  control.o(.bss)
    loop_errc_temp                           0x200002b4   Data          20  control.o(.bss)
    Data_sum                                 0x200002c8   Data          24  control.o(.bss)
    Data_reg                                 0x200002e0   Data         120  control.o(.bss)
    I                                        0x20000358   Data         528  control.o(.bss)
    V                                        0x20000568   Data         528  control.o(.bss)
    MainMenu                                 0x20000778   Data         160  menu.o(.bss)
    __libspace_start                         0x20000818   Data          96  libspace.o(.bss)
    __temporary_stack_top$libspace           0x20000878   Data           0  libspace.o(.bss)



==============================================================================

Memory Map of the image

  Image Entry point : 0x00000411

  Load Region LR_IROM1 (Base: 0x00000000, Size: 0x00005df8, Max: 0x00080000, ABSOLUTE, COMPRESSED[0x00005ca0])

    Execution Region ER_IROM1 (Exec base: 0x00000000, Load base: 0x00000000, Size: 0x00005c04, Max: 0x00080000, ABSOLUTE)

    Exec Addr    Load Addr    Size         Type   Attr      Idx    E Section Name        Object

    0x00000000   0x00000000   0x00000400   Data   RO           57    RESET               startup_mk60d10.o
    0x00000400   0x00000400   0x00000010   Code   RO           58    .ARM.__at_0x400     startup_mk60d10.o
    0x00000410   0x00000410   0x00000008   Code   RO         2885  * !!!main             c_w.l(__main.o)
    0x00000418   0x00000418   0x00000034   Code   RO         3111    !!!scatter          c_w.l(__scatter.o)
    0x0000044c   0x0000044c   0x0000005a   Code   RO         3109    !!dczerorl2         c_w.l(__dczerorl2.o)
    0x000004a6   0x000004a6   0x00000002   PAD
    0x000004a8   0x000004a8   0x0000001c   Code   RO         3113    !!handler_zi        c_w.l(__scatter_zi.o)
    0x000004c4   0x000004c4   0x00000002   Code   RO         2979    .ARM.Collect$$libinit$$00000000  c_w.l(libinit.o)
    0x000004c6   0x000004c6   0x00000000   Code   RO         2986    .ARM.Collect$$libinit$$00000002  c_w.l(libinit2.o)
    0x000004c6   0x000004c6   0x00000000   Code   RO         2988    .ARM.Collect$$libinit$$00000004  c_w.l(libinit2.o)
    0x000004c6   0x000004c6   0x00000000   Code   RO         2991    .ARM.Collect$$libinit$$0000000A  c_w.l(libinit2.o)
    0x000004c6   0x000004c6   0x00000000   Code   RO         2993    .ARM.Collect$$libinit$$0000000C  c_w.l(libinit2.o)
    0x000004c6   0x000004c6   0x00000000   Code   RO         2995    .ARM.Collect$$libinit$$0000000E  c_w.l(libinit2.o)
    0x000004c6   0x000004c6   0x00000000   Code   RO         2998    .ARM.Collect$$libinit$$00000011  c_w.l(libinit2.o)
    0x000004c6   0x000004c6   0x00000000   Code   RO         3000    .ARM.Collect$$libinit$$00000013  c_w.l(libinit2.o)
    0x000004c6   0x000004c6   0x00000000   Code   RO         3002    .ARM.Collect$$libinit$$00000015  c_w.l(libinit2.o)
    0x000004c6   0x000004c6   0x00000000   Code   RO         3004    .ARM.Collect$$libinit$$00000017  c_w.l(libinit2.o)
    0x000004c6   0x000004c6   0x00000000   Code   RO         3006    .ARM.Collect$$libinit$$00000019  c_w.l(libinit2.o)
    0x000004c6   0x000004c6   0x00000000   Code   RO         3008    .ARM.Collect$$libinit$$0000001B  c_w.l(libinit2.o)
    0x000004c6   0x000004c6   0x00000000   Code   RO         3010    .ARM.Collect$$libinit$$0000001D  c_w.l(libinit2.o)
    0x000004c6   0x000004c6   0x00000000   Code   RO         3012    .ARM.Collect$$libinit$$0000001F  c_w.l(libinit2.o)
    0x000004c6   0x000004c6   0x00000000   Code   RO         3014    .ARM.Collect$$libinit$$00000021  c_w.l(libinit2.o)
    0x000004c6   0x000004c6   0x00000000   Code   RO         3016    .ARM.Collect$$libinit$$00000023  c_w.l(libinit2.o)
    0x000004c6   0x000004c6   0x00000000   Code   RO         3018    .ARM.Collect$$libinit$$00000025  c_w.l(libinit2.o)
    0x000004c6   0x000004c6   0x00000000   Code   RO         3022    .ARM.Collect$$libinit$$0000002C  c_w.l(libinit2.o)
    0x000004c6   0x000004c6   0x00000000   Code   RO         3024    .ARM.Collect$$libinit$$0000002E  c_w.l(libinit2.o)
    0x000004c6   0x000004c6   0x00000000   Code   RO         3026    .ARM.Collect$$libinit$$00000030  c_w.l(libinit2.o)
    0x000004c6   0x000004c6   0x00000000   Code   RO         3028    .ARM.Collect$$libinit$$00000032  c_w.l(libinit2.o)
    0x000004c6   0x000004c6   0x00000002   Code   RO         3029    .ARM.Collect$$libinit$$00000033  c_w.l(libinit2.o)
    0x000004c8   0x000004c8   0x00000002   Code   RO         3049    .ARM.Collect$$libshutdown$$00000000  c_w.l(libshutdown.o)
    0x000004ca   0x000004ca   0x00000000   Code   RO         3062    .ARM.Collect$$libshutdown$$00000002  c_w.l(libshutdown2.o)
    0x000004ca   0x000004ca   0x00000000   Code   RO         3064    .ARM.Collect$$libshutdown$$00000004  c_w.l(libshutdown2.o)
    0x000004ca   0x000004ca   0x00000000   Code   RO         3067    .ARM.Collect$$libshutdown$$00000007  c_w.l(libshutdown2.o)
    0x000004ca   0x000004ca   0x00000000   Code   RO         3070    .ARM.Collect$$libshutdown$$0000000A  c_w.l(libshutdown2.o)
    0x000004ca   0x000004ca   0x00000000   Code   RO         3072    .ARM.Collect$$libshutdown$$0000000C  c_w.l(libshutdown2.o)
    0x000004ca   0x000004ca   0x00000000   Code   RO         3075    .ARM.Collect$$libshutdown$$0000000F  c_w.l(libshutdown2.o)
    0x000004ca   0x000004ca   0x00000002   Code   RO         3076    .ARM.Collect$$libshutdown$$00000010  c_w.l(libshutdown2.o)
    0x000004cc   0x000004cc   0x00000000   Code   RO         2939    .ARM.Collect$$rtentry$$00000000  c_w.l(__rtentry.o)
    0x000004cc   0x000004cc   0x00000000   Code   RO         2956    .ARM.Collect$$rtentry$$00000002  c_w.l(__rtentry2.o)
    0x000004cc   0x000004cc   0x00000006   Code   RO         2968    .ARM.Collect$$rtentry$$00000004  c_w.l(__rtentry4.o)
    0x000004d2   0x000004d2   0x00000000   Code   RO         2958    .ARM.Collect$$rtentry$$00000009  c_w.l(__rtentry2.o)
    0x000004d2   0x000004d2   0x00000004   Code   RO         2959    .ARM.Collect$$rtentry$$0000000A  c_w.l(__rtentry2.o)
    0x000004d6   0x000004d6   0x00000000   Code   RO         2961    .ARM.Collect$$rtentry$$0000000C  c_w.l(__rtentry2.o)
    0x000004d6   0x000004d6   0x00000008   Code   RO         2962    .ARM.Collect$$rtentry$$0000000D  c_w.l(__rtentry2.o)
    0x000004de   0x000004de   0x00000002   Code   RO         2983    .ARM.Collect$$rtexit$$00000000  c_w.l(rtexit.o)
    0x000004e0   0x000004e0   0x00000000   Code   RO         3031    .ARM.Collect$$rtexit$$00000002  c_w.l(rtexit2.o)
    0x000004e0   0x000004e0   0x00000004   Code   RO         3032    .ARM.Collect$$rtexit$$00000003  c_w.l(rtexit2.o)
    0x000004e4   0x000004e4   0x00000006   Code   RO         3033    .ARM.Collect$$rtexit$$00000004  c_w.l(rtexit2.o)
    0x000004ea   0x000004ea   0x00000002   PAD
    0x000004ec   0x000004ec   0x00000040   Code   RO           59    .text               startup_mk60d10.o
    0x0000052c   0x0000052c   0x00000006   Code   RO         2883    .text               c_w.l(heapauxi.o)
    0x00000532   0x00000532   0x0000004a   Code   RO         2970    .text               c_w.l(sys_stackheap_outer.o)
    0x0000057c   0x0000057c   0x00000012   Code   RO         2972    .text               c_w.l(exit.o)
    0x0000058e   0x0000058e   0x00000002   PAD
    0x00000590   0x00000590   0x00000008   Code   RO         2980    .text               c_w.l(libspace.o)
    0x00000598   0x00000598   0x0000000c   Code   RO         3041    .text               c_w.l(sys_exit.o)
    0x000005a4   0x000005a4   0x00000002   Code   RO         3052    .text               c_w.l(use_no_semi.o)
    0x000005a6   0x000005a6   0x00000000   Code   RO         3054    .text               c_w.l(indicate_semi.o)
    0x000005a6   0x000005a6   0x00000002   PAD
    0x000005a8   0x000005a8   0x00000014   Code   RO           67    i.ADC0_IRQHandler   adc.o
    0x000005bc   0x000005bc   0x00000014   Code   RO           68    i.ADC1_IRQHandler   adc.o
    0x000005d0   0x000005d0   0x00000108   Code   RO           69    i.ADC_Calibration   adc.o
    0x000006d8   0x000006d8   0x00000034   Code   RO           71    i.ADC_ChlMuxConfig  adc.o
    0x0000070c   0x0000070c   0x000002a0   Code   RO           74    i.ADC_Init          adc.o
    0x000009ac   0x000009ac   0x00000092   Code   RO           76    i.ADC_QuickInit     adc.o
    0x00000a3e   0x00000a3e   0x00000002   PAD
    0x00000a40   0x00000a40   0x0000003c   Code   RO           77    i.ADC_QuickReadValue  adc.o
    0x00000a7c   0x00000a7c   0x00000014   Code   RO           78    i.ADC_ReadValue     adc.o
    0x00000a90   0x00000a90   0x0000003c   Code   RO           79    i.ADC_StartConversion  adc.o
    0x00000acc   0x00000acc   0x00000154   Code   RO         2850    i.All_Init          main_1.o
    0x00000c20   0x00000c20   0x0000000a   Code   RO          197    i.CAN0_ORed_Message_buffer_IRQHandler  can.o
    0x00000c2a   0x00000c2a   0x0000000a   Code   RO          198    i.CAN1_ORed_Message_buffer_IRQHandler  can.o
    0x00000c34   0x00000c34   0x0000001c   Code   RO          200    i.CAN_IRQHandler    can.o
    0x00000c50   0x00000c50   0x0000000a   Code   RO          539    i.DAC0_IRQHandler   dac.o
    0x00000c5a   0x00000c5a   0x0000000a   Code   RO          540    i.DAC1_IRQHandler   dac.o
    0x00000c64   0x00000c64   0x00000084   Code   RO          543    i.DAC_IRQHandler    dac.o
    0x00000ce8   0x00000ce8   0x0000000a   Code   RO          635    i.DMA0_IRQHandler   dma.o
    0x00000cf2   0x00000cf2   0x0000000a   Code   RO          636    i.DMA10_IRQHandler  dma.o
    0x00000cfc   0x00000cfc   0x0000000a   Code   RO          637    i.DMA11_IRQHandler  dma.o
    0x00000d06   0x00000d06   0x0000000a   Code   RO          638    i.DMA12_IRQHandler  dma.o
    0x00000d10   0x00000d10   0x0000000a   Code   RO          639    i.DMA13_IRQHandler  dma.o
    0x00000d1a   0x00000d1a   0x0000000a   Code   RO          640    i.DMA14_IRQHandler  dma.o
    0x00000d24   0x00000d24   0x0000000a   Code   RO          641    i.DMA15_IRQHandler  dma.o
    0x00000d2e   0x00000d2e   0x0000000a   Code   RO          642    i.DMA1_IRQHandler   dma.o
    0x00000d38   0x00000d38   0x0000000a   Code   RO          643    i.DMA2_IRQHandler   dma.o
    0x00000d42   0x00000d42   0x0000000a   Code   RO          644    i.DMA3_IRQHandler   dma.o
    0x00000d4c   0x00000d4c   0x0000000a   Code   RO          645    i.DMA4_IRQHandler   dma.o
    0x00000d56   0x00000d56   0x0000000a   Code   RO          646    i.DMA5_IRQHandler   dma.o
    0x00000d60   0x00000d60   0x0000000a   Code   RO          647    i.DMA6_IRQHandler   dma.o
    0x00000d6a   0x00000d6a   0x0000000a   Code   RO          648    i.DMA7_IRQHandler   dma.o
    0x00000d74   0x00000d74   0x0000000a   Code   RO          649    i.DMA8_IRQHandler   dma.o
    0x00000d7e   0x00000d7e   0x0000000a   Code   RO          650    i.DMA9_IRQHandler   dma.o
    0x00000d88   0x00000d88   0x00000028   Code   RO          662    i.DMA_IRQHandler    dma.o
    0x00000db0   0x00000db0   0x00000024   Code   RO          347    i.DWT_DelayInit     common.o
    0x00000dd4   0x00000dd4   0x00000012   Code   RO          348    i.DWT_DelayMs       common.o
    0x00000de6   0x00000de6   0x00000002   PAD
    0x00000de8   0x00000de8   0x0000004c   Code   RO          349    i.DWT_DelayUs       common.o
    0x00000e34   0x00000e34   0x00000008   Code   RO          350    i.DelayInit         common.o
    0x00000e3c   0x00000e3c   0x0000000c   Code   RO          351    i.DelayMs           common.o
    0x00000e48   0x00000e48   0x00000024   Code   RO          872    i.ENET_Receive_IRQHandler  enet.o
    0x00000e6c   0x00000e6c   0x00000024   Code   RO          874    i.ENET_Transmit_IRQHandler  enet.o
    0x00000e90   0x00000e90   0x0000000a   Code   RO         1073    i.FTM0_IRQHandler   ftm.o
    0x00000e9a   0x00000e9a   0x0000000a   Code   RO         1074    i.FTM1_IRQHandler   ftm.o
    0x00000ea4   0x00000ea4   0x0000000a   Code   RO         1075    i.FTM2_IRQHandler   ftm.o
    0x00000eae   0x00000eae   0x00000002   PAD
    0x00000eb0   0x00000eb0   0x000000b8   Code   RO         1077    i.FTM_DualChlConfig  ftm.o
    0x00000f68   0x00000f68   0x00000084   Code   RO         1081    i.FTM_IRQHandler    ftm.o
    0x00000fec   0x00000fec   0x0000009c   Code   RO         1084    i.FTM_PWM_ChangeDuty  ftm.o
    0x00001088   0x00001088   0x00000088   Code   RO         1085    i.FTM_PWM_InvertPolarity  ftm.o
    0x00001110   0x00001110   0x000001c8   Code   RO         1086    i.FTM_PWM_QuickInit  ftm.o
    0x000012d8   0x000012d8   0x00000474   Code   RO         1090    i.FTM_SetMode       ftm.o
    0x0000174c   0x0000174c   0x000000c4   Code   RO         1221    i.GPIO_Init         gpio.o
    0x00001810   0x00001810   0x00000054   Code   RO         1222    i.GPIO_PinConfig    gpio.o
    0x00001864   0x00001864   0x0000001e   Code   RO         1223    i.GPIO_QuickInit    gpio.o
    0x00001882   0x00001882   0x00000002   PAD
    0x00001884   0x00001884   0x00000070   Code   RO          354    i.GetClock          common.o
    0x000018f4   0x000018f4   0x00000264   Code   RO         2674    i.GetData           control.o
    0x00001b58   0x00001b58   0x000005a8   Code   RO         2675    i.Judge             control.o
    0x00002100   0x00002100   0x00000108   Code   RO         2770    i.KEY_Scan          key.o
    0x00002208   0x00002208   0x00000024   Code   RO         1568    i.LPTimer_IRQHandler  lptmr.o
    0x0000222c   0x0000222c   0x00000158   Code   RO         2804    i.MainMenuInit      menu.o
    0x00002384   0x00002384   0x000001d0   Code   RO         2805    i.Menu              menu.o
    0x00002554   0x00002554   0x00000008   Code   RO          356    i.NMI_Handler       common.o
    0x0000255c   0x0000255c   0x00000002   Code   RO          357    i.NMI_isr           common.o
    0x0000255e   0x0000255e   0x00000002   Code   RO         2806    i.NullSubs          menu.o
    0x00002560   0x00002560   0x0000002c   Code   RO         2567    i.OLED_display_number_6x8  oled.o
    0x0000258c   0x0000258c   0x00000022   Code   RO         2569    i.OLED_display_string_6x8  oled.o
    0x000025ae   0x000025ae   0x00000042   Code   RO         2571    i.OLED_fill_ram     oled.o
    0x000025f0   0x000025f0   0x000000e4   Code   RO         2572    i.OLED_init         oled.o
    0x000026d4   0x000026d4   0x0000002a   Code   RO         2573    i.OLED_set_pos      oled.o
    0x000026fe   0x000026fe   0x00000002   PAD
    0x00002700   0x00002700   0x0000003c   Code   RO         2575    i.OLED_write_byte   oled.o
    0x0000273c   0x0000273c   0x00000030   Code   RO         2576    i.OLED_write_char_6x8  oled.o
    0x0000276c   0x0000276c   0x00000024   Code   RO         1646    i.PDB0_IRQHandler   pdb.o
    0x00002790   0x00002790   0x0000077c   Code   RO         2677    i.PID_realize       control.o
    0x00002f0c   0x00002f0c   0x0000000a   Code   RO         1725    i.PIT0_IRQHandler   pit.o
    0x00002f16   0x00002f16   0x0000000a   Code   RO         1726    i.PIT1_IRQHandler   pit.o
    0x00002f20   0x00002f20   0x0000000a   Code   RO         1727    i.PIT2_IRQHandler   pit.o
    0x00002f2a   0x00002f2a   0x0000000a   Code   RO         1728    i.PIT3_IRQHandler   pit.o
    0x00002f34   0x00002f34   0x00000020   Code   RO         1729    i.PIT_CallbackInstall  pit.o
    0x00002f54   0x00002f54   0x00000034   Code   RO         1731    i.PIT_IRQHandler    pit.o
    0x00002f88   0x00002f88   0x00000014   Code   RO         2851    i.PIT_ISR           main_1.o
    0x00002f9c   0x00002f9c   0x00000080   Code   RO         1732    i.PIT_ITDMAConfig   pit.o
    0x0000301c   0x0000301c   0x00000074   Code   RO         1733    i.PIT_Init          pit.o
    0x00003090   0x00003090   0x00000014   Code   RO         1734    i.PIT_QuickInit     pit.o
    0x000030a4   0x000030a4   0x0000000a   Code   RO         1232    i.PORTA_IRQHandler  gpio.o
    0x000030ae   0x000030ae   0x0000000a   Code   RO         1233    i.PORTB_IRQHandler  gpio.o
    0x000030b8   0x000030b8   0x0000000a   Code   RO         1234    i.PORTC_IRQHandler  gpio.o
    0x000030c2   0x000030c2   0x0000000a   Code   RO         1235    i.PORTD_IRQHandler  gpio.o
    0x000030cc   0x000030cc   0x0000000a   Code   RO         1236    i.PORTE_IRQHandler  gpio.o
    0x000030d6   0x000030d6   0x00000002   PAD
    0x000030d8   0x000030d8   0x00000038   Code   RO         1237    i.PORT_IRQHandler   gpio.o
    0x00003110   0x00003110   0x00000058   Code   RO         1238    i.PORT_PinMuxConfig  gpio.o
    0x00003168   0x00003168   0x00000054   Code   RO         1239    i.PORT_PinOpenDrainConfig  gpio.o
    0x000031bc   0x000031bc   0x000000b0   Code   RO         1241    i.PORT_PinPullConfig  gpio.o
    0x0000326c   0x0000326c   0x00000050   Code   RO         1818    i.RTC_IRQHandler    rtc.o
    0x000032bc   0x000032bc   0x0000000a   Code   RO         2031    i.SPI0_IRQHandler   spi.o
    0x000032c6   0x000032c6   0x0000000a   Code   RO         2032    i.SPI1_IRQHandler   spi.o
    0x000032d0   0x000032d0   0x0000000a   Code   RO         2033    i.SPI2_IRQHandler   spi.o
    0x000032da   0x000032da   0x00000002   PAD
    0x000032dc   0x000032dc   0x00000034   Code   RO         2038    i.SPI_IRQHandler    spi.o
    0x00003310   0x00003310   0x000001c4   Code   RO         2807    i.ShowMenu          menu.o
    0x000034d4   0x000034d4   0x00000158   Code   RO            3    i.SystemCoreClockUpdate  system_mk60d10.o
    0x0000362c   0x0000362c   0x00000064   Code   RO            4    i.SystemInit        system_mk60d10.o
    0x00003690   0x00003690   0x00000030   Code   RO         2190    i.TSI0_IRQHandler   tsi.o
    0x000036c0   0x000036c0   0x0000000a   Code   RO         2255    i.UART0_RX_TX_IRQHandler  uart.o
    0x000036ca   0x000036ca   0x0000000a   Code   RO         2256    i.UART1_RX_TX_IRQHandler  uart.o
    0x000036d4   0x000036d4   0x0000000a   Code   RO         2257    i.UART2_RX_TX_IRQHandler  uart.o
    0x000036de   0x000036de   0x0000000a   Code   RO         2258    i.UART3_RX_TX_IRQHandler  uart.o
    0x000036e8   0x000036e8   0x0000000a   Code   RO         2259    i.UART4_RX_TX_IRQHandler  uart.o
    0x000036f2   0x000036f2   0x0000000a   Code   RO         2260    i.UART5_RX_TX_IRQHandler  uart.o
    0x000036fc   0x000036fc   0x00000034   Code   RO         2264    i.UART_EnableRxFIFO  uart.o
    0x00003730   0x00003730   0x00000034   Code   RO         2265    i.UART_EnableTxFIFO  uart.o
    0x00003764   0x00003764   0x000000cc   Code   RO         2268    i.UART_IRQ_Handler  uart.o
    0x00003830   0x00003830   0x000002dc   Code   RO         2270    i.UART_Init         uart.o
    0x00003b0c   0x00003b0c   0x00000070   Code   RO         2271    i.UART_QuickInit    uart.o
    0x00003b7c   0x00003b7c   0x00000024   Code   RO         2495    i.Watchdog_IRQHandler  wdog.o
    0x00003ba0   0x00003ba0   0x00000078   Code   RO         1092    i._FTM_InitBasic    ftm.o
    0x00003c18   0x00003c18   0x00000384   Code   RO         2678    i.charge            control.o
    0x00003f9c   0x00003f9c   0x00000028   Code   RO         1093    i.get_chl_pair_index  ftm.o
    0x00003fc4   0x00003fc4   0x0000005e   Code   RO         2577    i.int16_to_string   oled.o
    0x00004022   0x00004022   0x0000000c   Code   RO         2852    i.main              main_1.o
    0x0000402e   0x0000402e   0x00000002   PAD
    0x00004030   0x00004030   0x00000062   Code   RO         2887    x$fpl$d2f           fz_ws.l(d2f.o)
    0x00004092   0x00004092   0x00000002   PAD
    0x00004094   0x00004094   0x00000150   Code   RO         2889    x$fpl$dadd          fz_ws.l(daddsub_clz.o)
    0x000041e4   0x000041e4   0x00000018   Code   RO         2942    x$fpl$dcmpinf       fz_ws.l(dcmpi.o)
    0x000041fc   0x000041fc   0x000002b0   Code   RO         2896    x$fpl$ddiv          fz_ws.l(ddiv.o)
    0x000044ac   0x000044ac   0x00000078   Code   RO         2899    x$fpl$deqf          fz_ws.l(deqf.o)
    0x00004524   0x00004524   0x00000078   Code   RO         2901    x$fpl$dleqf         fz_ws.l(dleqf.o)
    0x0000459c   0x0000459c   0x00000154   Code   RO         2903    x$fpl$dmul          fz_ws.l(dmul.o)
    0x000046f0   0x000046f0   0x0000009c   Code   RO         2944    x$fpl$dnaninf       fz_ws.l(dnaninf.o)
    0x0000478c   0x0000478c   0x0000000c   Code   RO         2946    x$fpl$dretinf       fz_ws.l(dretinf.o)
    0x00004798   0x00004798   0x000001d4   Code   RO         2891    x$fpl$dsub          fz_ws.l(daddsub_clz.o)
    0x0000496c   0x0000496c   0x00000056   Code   RO         2905    x$fpl$f2d           fz_ws.l(f2d.o)
    0x000049c2   0x000049c2   0x00000002   PAD
    0x000049c4   0x000049c4   0x000000c4   Code   RO         2907    x$fpl$fadd          fz_ws.l(faddsub_clz.o)
    0x00004a88   0x00004a88   0x00000018   Code   RO         2948    x$fpl$fcmpinf       fz_ws.l(fcmpi.o)
    0x00004aa0   0x00004aa0   0x00000184   Code   RO         2914    x$fpl$fdiv          fz_ws.l(fdiv.o)
    0x00004c24   0x00004c24   0x00000068   Code   RO         2917    x$fpl$feqf          fz_ws.l(feqf.o)
    0x00004c8c   0x00004c8c   0x00000036   Code   RO         2919    x$fpl$ffix          fz_ws.l(ffix.o)
    0x00004cc2   0x00004cc2   0x00000002   PAD
    0x00004cc4   0x00004cc4   0x0000003e   Code   RO         2923    x$fpl$ffixu         fz_ws.l(ffixu.o)
    0x00004d02   0x00004d02   0x00000002   PAD
    0x00004d04   0x00004d04   0x00000030   Code   RO         2928    x$fpl$fflt          fz_ws.l(fflt_clz.o)
    0x00004d34   0x00004d34   0x00000068   Code   RO         2933    x$fpl$fleqf         fz_ws.l(fleqf.o)
    0x00004d9c   0x00004d9c   0x00000102   Code   RO         2935    x$fpl$fmul          fz_ws.l(fmul.o)
    0x00004e9e   0x00004e9e   0x0000008c   Code   RO         2950    x$fpl$fnaninf       fz_ws.l(fnaninf.o)
    0x00004f2a   0x00004f2a   0x0000000a   Code   RO         2952    x$fpl$fretinf       fz_ws.l(fretinf.o)
    0x00004f34   0x00004f34   0x00000062   Code   RO         2937    x$fpl$frleqf        fz_ws.l(frleqf.o)
    0x00004f96   0x00004f96   0x00000002   PAD
    0x00004f98   0x00004f98   0x000000ea   Code   RO         2909    x$fpl$fsub          fz_ws.l(faddsub_clz.o)
    0x00005082   0x00005082   0x00000000   Code   RO         2954    x$fpl$usenofp       fz_ws.l(usenofp.o)
    0x00005082   0x00005082   0x00000002   PAD
    0x00005084   0x00005084   0x00000022   Data   RO           80    .constdata          adc.o
    0x000050a6   0x000050a6   0x00000002   PAD
    0x000050a8   0x000050a8   0x0000000a   Data   RO          552    .constdata          dac.o
    0x000050b2   0x000050b2   0x00000002   PAD
    0x000050b4   0x000050b4   0x0000003f   Data   RO         1095    .constdata          ftm.o
    0x000050f3   0x000050f3   0x00000001   PAD
    0x000050f4   0x000050f4   0x00000041   Data   RO         1243    .constdata          gpio.o
    0x00005135   0x00005135   0x00000004   Data   RO         1737    .constdata          pit.o
    0x00005139   0x00005139   0x00000003   PAD
    0x0000513c   0x0000513c   0x00000084   Data   RO         2045    .constdata          spi.o
    0x000051c0   0x000051c0   0x00000084   Data   RO         2283    .constdata          uart.o
    0x00005244   0x00005244   0x0000098a   Data   RO         2578    .constdata          oled.o
    0x00005bce   0x00005bce   0x00000002   PAD
    0x00005bd0   0x00005bd0   0x00000011   Data   RO         2284    .conststring        uart.o
    0x00005be1   0x00005be1   0x00000003   PAD
    0x00005be4   0x00005be4   0x00000020   Data   RO         3107    Region$$Table       anon$$obj.o


    Execution Region RW_IRAM1 (Exec base: 0x20000000, Load base: 0x00005c04, Size: 0x00001c78, Max: 0x00010000, ABSOLUTE, COMPRESSED[0x0000009c])

    Exec Addr    Load Addr    Size         Type   Attr      Idx    E Section Name        Object

    0x20000000   COMPRESSED   0x00000004   Data   RW            5    .data               system_mk60d10.o
    0x20000004   COMPRESSED   0x00000008   Data   RW           81    .data               adc.o
    0x2000000c   COMPRESSED   0x00000008   Data   RW          217    .data               can.o
    0x20000014   COMPRESSED   0x00000008   Data   RW          553    .data               dac.o
    0x2000001c   COMPRESSED   0x00000010   Data   RW          877    .data               enet.o
    0x2000002c   COMPRESSED   0x00000004   Data   RW         1570    .data               lptmr.o
    0x20000030   COMPRESSED   0x00000004   Data   RW         1657    .data               pdb.o
    0x20000034   COMPRESSED   0x00000004   Data   RW         1738    .data               pit.o
    0x20000038   COMPRESSED   0x00000034   Data   RW         1829    .data               rtc.o
    0x2000006c   COMPRESSED   0x00000044   Data   RW         2197    .data               tsi.o
    0x200000b0   COMPRESSED   0x00000011   Data   RW         2285    .data               uart.o
    0x200000c1   COMPRESSED   0x00000003   PAD
    0x200000c4   COMPRESSED   0x00000004   Data   RW         2496    .data               wdog.o
    0x200000c8   COMPRESSED   0x00000108   Data   RW         2680    .data               control.o
    0x200001d0   COMPRESSED   0x00000001   Data   RW         2771    .data               key.o
    0x200001d1   COMPRESSED   0x00000003   PAD
    0x200001d4   COMPRESSED   0x0000001d   Data   RW         2809    .data               menu.o
    0x200001f1   COMPRESSED   0x00000003   PAD
    0x200001f4        -       0x00000040   Zero   RW          669    .bss                dma.o
    0x20000234        -       0x0000000c   Zero   RW         1094    .bss                ftm.o
    0x20000240        -       0x00000014   Zero   RW         1242    .bss                gpio.o
    0x20000254        -       0x00000010   Zero   RW         1736    .bss                pit.o
    0x20000264        -       0x0000000c   Zero   RW         2044    .bss                spi.o
    0x20000270        -       0x00000030   Zero   RW         2282    .bss                uart.o
    0x200002a0        -       0x000004d8   Zero   RW         2679    .bss                control.o
    0x20000778        -       0x000000a0   Zero   RW         2808    .bss                menu.o
    0x20000818        -       0x00000060   Zero   RW         2981    .bss                c_w.l(libspace.o)
    0x20000878        -       0x00000400   Zero   RW           56    HEAP                startup_mk60d10.o
    0x20000c78        -       0x00001000   Zero   RW           55    STACK               startup_mk60d10.o


==============================================================================

Image component sizes


      Code (inc. data)   RO Data    RW Data    ZI Data      Debug   Object Name

      1314         54         34          8          0     246907   adc.o
        48          6          0          8          0      25250   can.o
       272         32          0          0          0       3637   common.o
      4876        690          0        264       1240       6111   control.o
       152         10         10          8          0       3020   dac.o
       200         10          0          0         64      10550   dma.o
        72         16          0         16          0       3597   enet.o
      2394         64         63          0         12      10381   ftm.o
       764         68         65          0         20       6552   gpio.o
       264         12          0          1          0        707   key.o
        36          8          0          4          0       1861   lptmr.o
       372         50          0          0          0       1334   main_1.o
      1262        230          0         29        160       2987   menu.o
       616         28       2442          0          0       5521   oled.o
        36          8          0          4          0       1890   pdb.o
       388         56          4          4         16       5203   pit.o
        80          8          0         52          0       2471   rtc.o
        82         10        132          0         12       3738   spi.o
        80         42       1024          0       5120        952   startup_mk60d10.o
       444         40          0          4          0       5939   system_mk60d10.o
        48         10          0         68          0       3122   tsi.o
      1212         42        149         17         48       9609   uart.o
        36          8          0          4          0       1310   wdog.o

    ----------------------------------------------------------------------
     15064       1502       3968        500       6692     362649   Object Totals
         0          0         32          0          0          0   (incl. Generated)
        16          0         13          9          0          0   (incl. Padding)

    ----------------------------------------------------------------------

      Code (inc. data)   RO Data    RW Data    ZI Data      Debug   Library Member Name

        90          0          0          0          0          0   __dczerorl2.o
         8          0          0          0          0         68   __main.o
         0          0          0          0          0          0   __rtentry.o
        12          0          0          0          0          0   __rtentry2.o
         6          0          0          0          0          0   __rtentry4.o
        52          8          0          0          0          0   __scatter.o
        28          0          0          0          0          0   __scatter_zi.o
        18          0          0          0          0         80   exit.o
         6          0          0          0          0        152   heapauxi.o
         0          0          0          0          0          0   indicate_semi.o
         2          0          0          0          0          0   libinit.o
         2          0          0          0          0          0   libinit2.o
         2          0          0          0          0          0   libshutdown.o
         2          0          0          0          0          0   libshutdown2.o
         8          4          0          0         96         68   libspace.o
         2          0          0          0          0          0   rtexit.o
        10          0          0          0          0          0   rtexit2.o
        12          4          0          0          0         68   sys_exit.o
        74          0          0          0          0         80   sys_stackheap_outer.o
         2          0          0          0          0         68   use_no_semi.o
        98          4          0          0          0         92   d2f.o
       804         16          0          0          0        272   daddsub_clz.o
        24          0          0          0          0         68   dcmpi.o
       688        140          0          0          0        208   ddiv.o
       120          4          0          0          0         92   deqf.o
       120          4          0          0          0         92   dleqf.o
       340         12          0          0          0        104   dmul.o
       156          4          0          0          0         92   dnaninf.o
        12          0          0          0          0         68   dretinf.o
        86          4          0          0          0         84   f2d.o
       430          8          0          0          0        168   faddsub_clz.o
        24          0          0          0          0         68   fcmpi.o
       388         76          0          0          0         96   fdiv.o
       104          4          0          0          0         84   feqf.o
        54          4          0          0          0         84   ffix.o
        62          4          0          0          0         84   ffixu.o
        48          0          0          0          0         68   fflt_clz.o
       104          4          0          0          0         84   fleqf.o
       258          4          0          0          0         84   fmul.o
       140          4          0          0          0         84   fnaninf.o
        10          0          0          0          0         68   fretinf.o
        98          0          0          0          0         68   frleqf.o
         0          0          0          0          0          0   usenofp.o

    ----------------------------------------------------------------------
      4524        312          0          0         96       2796   Library Totals
        20          0          0          0          0          0   (incl. Padding)

    ----------------------------------------------------------------------

      Code (inc. data)   RO Data    RW Data    ZI Data      Debug   Library Name

       336         16          0          0         96        584   c_w.l
      4168        296          0          0          0       2212   fz_ws.l

    ----------------------------------------------------------------------
      4524        312          0          0         96       2796   Library Totals

    ----------------------------------------------------------------------

==============================================================================


      Code (inc. data)   RO Data    RW Data    ZI Data      Debug   

     19588       1814       3968        500       6788     358213   Grand Totals
     19588       1814       3968        156       6788     358213   ELF Image Totals (compressed)
     19588       1814       3968        156          0          0   ROM Totals

==============================================================================

    Total RO  Size (Code + RO Data)                23556 (  23.00kB)
    Total RW  Size (RW Data + ZI Data)              7288 (   7.12kB)
    Total ROM Size (Code + RO Data + RW Data)      23712 (  23.16kB)

==============================================================================

