<!doctype html public "-//w3c//dtd html 4.0 transitional//en">
<html><head>
<title>Static Call Graph - [.\Objects\TEST.axf]</title></head>
<body><HR>
<H1>Static Call Graph for image .\Objects\TEST.axf</H1><HR>
<BR><P>#&#060CALLGRAPH&#062# ARM Linker, 5060750: Last Updated: Thu Jul 04 15:33:05 2019
<BR><P>
<H3>Maximum Stack Usage =        112 bytes + Unknown(Functions without stacksize, Cycles, Untraceable Function Pointers)</H3><H3>
Call chain for Maximum Stack Depth:</H3>
PIT_ISR &rArr; charge &rArr; __aeabi_dmul
<P>
<H3>
Functions with no stack information
</H3><UL>
 <LI><a href="#[8a]">__user_initial_stackheap</a>
</UL>
</UL>
<P>
<H3>
Mutually Recursive functions
</H3> <LI><a href="#[5]">HardFault_Handler</a>&nbsp;&nbsp;&nbsp;&rArr;&nbsp;&nbsp;&nbsp;<a href="#[5]">HardFault_Handler</a><BR>
 <LI><a href="#[6]">MemManage_Handler</a>&nbsp;&nbsp;&nbsp;&rArr;&nbsp;&nbsp;&nbsp;<a href="#[6]">MemManage_Handler</a><BR>
 <LI><a href="#[7]">BusFault_Handler</a>&nbsp;&nbsp;&nbsp;&rArr;&nbsp;&nbsp;&nbsp;<a href="#[7]">BusFault_Handler</a><BR>
 <LI><a href="#[8]">UsageFault_Handler</a>&nbsp;&nbsp;&nbsp;&rArr;&nbsp;&nbsp;&nbsp;<a href="#[8]">UsageFault_Handler</a><BR>
 <LI><a href="#[9]">SVC_Handler</a>&nbsp;&nbsp;&nbsp;&rArr;&nbsp;&nbsp;&nbsp;<a href="#[9]">SVC_Handler</a><BR>
 <LI><a href="#[a]">DebugMon_Handler</a>&nbsp;&nbsp;&nbsp;&rArr;&nbsp;&nbsp;&nbsp;<a href="#[a]">DebugMon_Handler</a><BR>
 <LI><a href="#[b]">PendSV_Handler</a>&nbsp;&nbsp;&nbsp;&rArr;&nbsp;&nbsp;&nbsp;<a href="#[b]">PendSV_Handler</a><BR>
 <LI><a href="#[c]">SysTick_Handler</a>&nbsp;&nbsp;&nbsp;&rArr;&nbsp;&nbsp;&nbsp;<a href="#[c]">SysTick_Handler</a><BR>
 <LI><a href="#[2b]">CAN0_Bus_Off_IRQHandler</a>&nbsp;&nbsp;&nbsp;&rArr;&nbsp;&nbsp;&nbsp;<a href="#[2b]">CAN0_Bus_Off_IRQHandler</a><BR>
</UL>
<P>
<H3>
Function Pointers
</H3><UL>
 <LI><a href="#[46]">ADC0_IRQHandler</a> from adc.o(i.ADC0_IRQHandler) referenced from startup_mk60d10.o(RESET)
 <LI><a href="#[47]">ADC1_IRQHandler</a> from adc.o(i.ADC1_IRQHandler) referenced from startup_mk60d10.o(RESET)
 <LI><a href="#[7]">BusFault_Handler</a> from startup_mk60d10.o(.text) referenced from startup_mk60d10.o(RESET)
 <LI><a href="#[2b]">CAN0_Bus_Off_IRQHandler</a> from startup_mk60d10.o(.text) referenced from startup_mk60d10.o(RESET)
 <LI><a href="#[2c]">CAN0_Error_IRQHandler</a> from startup_mk60d10.o(.text) referenced from startup_mk60d10.o(RESET)
 <LI><a href="#[2a]">CAN0_ORed_Message_buffer_IRQHandler</a> from can.o(i.CAN0_ORed_Message_buffer_IRQHandler) referenced from startup_mk60d10.o(RESET)
 <LI><a href="#[2e]">CAN0_Rx_Warning_IRQHandler</a> from startup_mk60d10.o(.text) referenced from startup_mk60d10.o(RESET)
 <LI><a href="#[2d]">CAN0_Tx_Warning_IRQHandler</a> from startup_mk60d10.o(.text) referenced from startup_mk60d10.o(RESET)
 <LI><a href="#[2f]">CAN0_Wake_Up_IRQHandler</a> from startup_mk60d10.o(.text) referenced from startup_mk60d10.o(RESET)
 <LI><a href="#[33]">CAN1_Bus_Off_IRQHandler</a> from startup_mk60d10.o(.text) referenced from startup_mk60d10.o(RESET)
 <LI><a href="#[34]">CAN1_Error_IRQHandler</a> from startup_mk60d10.o(.text) referenced from startup_mk60d10.o(RESET)
 <LI><a href="#[32]">CAN1_ORed_Message_buffer_IRQHandler</a> from can.o(i.CAN1_ORed_Message_buffer_IRQHandler) referenced from startup_mk60d10.o(RESET)
 <LI><a href="#[36]">CAN1_Rx_Warning_IRQHandler</a> from startup_mk60d10.o(.text) referenced from startup_mk60d10.o(RESET)
 <LI><a href="#[35]">CAN1_Tx_Warning_IRQHandler</a> from startup_mk60d10.o(.text) referenced from startup_mk60d10.o(RESET)
 <LI><a href="#[37]">CAN1_Wake_Up_IRQHandler</a> from startup_mk60d10.o(.text) referenced from startup_mk60d10.o(RESET)
 <LI><a href="#[48]">CMP0_IRQHandler</a> from startup_mk60d10.o(.text) referenced from startup_mk60d10.o(RESET)
 <LI><a href="#[49]">CMP1_IRQHandler</a> from startup_mk60d10.o(.text) referenced from startup_mk60d10.o(RESET)
 <LI><a href="#[4a]">CMP2_IRQHandler</a> from startup_mk60d10.o(.text) referenced from startup_mk60d10.o(RESET)
 <LI><a href="#[4e]">CMT_IRQHandler</a> from startup_mk60d10.o(.text) referenced from startup_mk60d10.o(RESET)
 <LI><a href="#[5e]">DAC0_IRQHandler</a> from dac.o(i.DAC0_IRQHandler) referenced from startup_mk60d10.o(RESET)
 <LI><a href="#[5f]">DAC1_IRQHandler</a> from dac.o(i.DAC1_IRQHandler) referenced from startup_mk60d10.o(RESET)
 <LI><a href="#[d]">DMA0_IRQHandler</a> from dma.o(i.DMA0_IRQHandler) referenced from startup_mk60d10.o(RESET)
 <LI><a href="#[17]">DMA10_IRQHandler</a> from dma.o(i.DMA10_IRQHandler) referenced from startup_mk60d10.o(RESET)
 <LI><a href="#[18]">DMA11_IRQHandler</a> from dma.o(i.DMA11_IRQHandler) referenced from startup_mk60d10.o(RESET)
 <LI><a href="#[19]">DMA12_IRQHandler</a> from dma.o(i.DMA12_IRQHandler) referenced from startup_mk60d10.o(RESET)
 <LI><a href="#[1a]">DMA13_IRQHandler</a> from dma.o(i.DMA13_IRQHandler) referenced from startup_mk60d10.o(RESET)
 <LI><a href="#[1b]">DMA14_IRQHandler</a> from dma.o(i.DMA14_IRQHandler) referenced from startup_mk60d10.o(RESET)
 <LI><a href="#[1c]">DMA15_IRQHandler</a> from dma.o(i.DMA15_IRQHandler) referenced from startup_mk60d10.o(RESET)
 <LI><a href="#[e]">DMA1_IRQHandler</a> from dma.o(i.DMA1_IRQHandler) referenced from startup_mk60d10.o(RESET)
 <LI><a href="#[f]">DMA2_IRQHandler</a> from dma.o(i.DMA2_IRQHandler) referenced from startup_mk60d10.o(RESET)
 <LI><a href="#[10]">DMA3_IRQHandler</a> from dma.o(i.DMA3_IRQHandler) referenced from startup_mk60d10.o(RESET)
 <LI><a href="#[11]">DMA4_IRQHandler</a> from dma.o(i.DMA4_IRQHandler) referenced from startup_mk60d10.o(RESET)
 <LI><a href="#[12]">DMA5_IRQHandler</a> from dma.o(i.DMA5_IRQHandler) referenced from startup_mk60d10.o(RESET)
 <LI><a href="#[13]">DMA6_IRQHandler</a> from dma.o(i.DMA6_IRQHandler) referenced from startup_mk60d10.o(RESET)
 <LI><a href="#[14]">DMA7_IRQHandler</a> from dma.o(i.DMA7_IRQHandler) referenced from startup_mk60d10.o(RESET)
 <LI><a href="#[15]">DMA8_IRQHandler</a> from dma.o(i.DMA8_IRQHandler) referenced from startup_mk60d10.o(RESET)
 <LI><a href="#[16]">DMA9_IRQHandler</a> from dma.o(i.DMA9_IRQHandler) referenced from startup_mk60d10.o(RESET)
 <LI><a href="#[1d]">DMA_Error_IRQHandler</a> from startup_mk60d10.o(.text) referenced from startup_mk60d10.o(RESET)
 <LI><a href="#[a]">DebugMon_Handler</a> from startup_mk60d10.o(.text) referenced from startup_mk60d10.o(RESET)
 <LI><a href="#[75]">DefaultISR</a> from startup_mk60d10.o(.text) referenced 136 times from startup_mk60d10.o(RESET)
 <LI><a href="#[58]">ENET_1588_Timer_IRQHandler</a> from startup_mk60d10.o(.text) referenced from startup_mk60d10.o(RESET)
 <LI><a href="#[5b]">ENET_Error_IRQHandler</a> from startup_mk60d10.o(.text) referenced from startup_mk60d10.o(RESET)
 <LI><a href="#[5a]">ENET_Receive_IRQHandler</a> from enet.o(i.ENET_Receive_IRQHandler) referenced from startup_mk60d10.o(RESET)
 <LI><a href="#[59]">ENET_Transmit_IRQHandler</a> from enet.o(i.ENET_Transmit_IRQHandler) referenced from startup_mk60d10.o(RESET)
 <LI><a href="#[1f]">FTFL_IRQHandler</a> from startup_mk60d10.o(.text) referenced from startup_mk60d10.o(RESET)
 <LI><a href="#[4b]">FTM0_IRQHandler</a> from ftm.o(i.FTM0_IRQHandler) referenced from startup_mk60d10.o(RESET)
 <LI><a href="#[4c]">FTM1_IRQHandler</a> from ftm.o(i.FTM1_IRQHandler) referenced from startup_mk60d10.o(RESET)
 <LI><a href="#[4d]">FTM2_IRQHandler</a> from ftm.o(i.FTM2_IRQHandler) referenced from startup_mk60d10.o(RESET)
 <LI><a href="#[5]">HardFault_Handler</a> from startup_mk60d10.o(.text) referenced from startup_mk60d10.o(RESET)
 <LI><a href="#[25]">I2C0_IRQHandler</a> from startup_mk60d10.o(.text) referenced from startup_mk60d10.o(RESET)
 <LI><a href="#[26]">I2C1_IRQHandler</a> from startup_mk60d10.o(.text) referenced from startup_mk60d10.o(RESET)
 <LI><a href="#[31]">I2S0_Rx_IRQHandler</a> from startup_mk60d10.o(.text) referenced from startup_mk60d10.o(RESET)
 <LI><a href="#[30]">I2S0_Tx_IRQHandler</a> from startup_mk60d10.o(.text) referenced from startup_mk60d10.o(RESET)
 <LI><a href="#[22]">LLW_IRQHandler</a> from startup_mk60d10.o(.text) referenced from startup_mk60d10.o(RESET)
 <LI><a href="#[62]">LPTimer_IRQHandler</a> from lptmr.o(i.LPTimer_IRQHandler) referenced from startup_mk60d10.o(RESET)
 <LI><a href="#[21]">LVD_LVW_IRQHandler</a> from startup_mk60d10.o(.text) referenced from startup_mk60d10.o(RESET)
 <LI><a href="#[61]">MCG_IRQHandler</a> from startup_mk60d10.o(.text) referenced from startup_mk60d10.o(RESET)
 <LI><a href="#[1e]">MCM_IRQHandler</a> from startup_mk60d10.o(.text) referenced from startup_mk60d10.o(RESET)
 <LI><a href="#[6]">MemManage_Handler</a> from startup_mk60d10.o(.text) referenced from startup_mk60d10.o(RESET)
 <LI><a href="#[4]">NMI_Handler</a> from common.o(i.NMI_Handler) referenced from startup_mk60d10.o(RESET)
 <LI><a href="#[79]">NullSubs</a> from menu.o(i.NullSubs) referenced from menu.o(i.MainMenuInit)
 <LI><a href="#[55]">PDB0_IRQHandler</a> from pdb.o(i.PDB0_IRQHandler) referenced from startup_mk60d10.o(RESET)
 <LI><a href="#[51]">PIT0_IRQHandler</a> from pit.o(i.PIT0_IRQHandler) referenced from startup_mk60d10.o(RESET)
 <LI><a href="#[52]">PIT1_IRQHandler</a> from pit.o(i.PIT1_IRQHandler) referenced from startup_mk60d10.o(RESET)
 <LI><a href="#[53]">PIT2_IRQHandler</a> from pit.o(i.PIT2_IRQHandler) referenced from startup_mk60d10.o(RESET)
 <LI><a href="#[54]">PIT3_IRQHandler</a> from pit.o(i.PIT3_IRQHandler) referenced from startup_mk60d10.o(RESET)
 <LI><a href="#[78]">PIT_ISR</a> from main_1.o(i.PIT_ISR) referenced from main_1.o(i.All_Init)
 <LI><a href="#[64]">PORTA_IRQHandler</a> from gpio.o(i.PORTA_IRQHandler) referenced from startup_mk60d10.o(RESET)
 <LI><a href="#[65]">PORTB_IRQHandler</a> from gpio.o(i.PORTB_IRQHandler) referenced from startup_mk60d10.o(RESET)
 <LI><a href="#[66]">PORTC_IRQHandler</a> from gpio.o(i.PORTC_IRQHandler) referenced from startup_mk60d10.o(RESET)
 <LI><a href="#[67]">PORTD_IRQHandler</a> from gpio.o(i.PORTD_IRQHandler) referenced from startup_mk60d10.o(RESET)
 <LI><a href="#[68]">PORTE_IRQHandler</a> from gpio.o(i.PORTE_IRQHandler) referenced from startup_mk60d10.o(RESET)
 <LI><a href="#[b]">PendSV_Handler</a> from startup_mk60d10.o(.text) referenced from startup_mk60d10.o(RESET)
 <LI><a href="#[24]">RNG_IRQHandler</a> from startup_mk60d10.o(.text) referenced from startup_mk60d10.o(RESET)
 <LI><a href="#[4f]">RTC_IRQHandler</a> from rtc.o(i.RTC_IRQHandler) referenced from startup_mk60d10.o(RESET)
 <LI><a href="#[50]">RTC_Seconds_IRQHandler</a> from startup_mk60d10.o(.text) referenced from startup_mk60d10.o(RESET)
 <LI><a href="#[20]">Read_Collision_IRQHandler</a> from startup_mk60d10.o(.text) referenced from startup_mk60d10.o(RESET)
 <LI><a href="#[63]">Reserved102_IRQHandler</a> from startup_mk60d10.o(.text) referenced from startup_mk60d10.o(RESET)
 <LI><a href="#[69]">Reserved108_IRQHandler</a> from startup_mk60d10.o(.text) referenced from startup_mk60d10.o(RESET)
 <LI><a href="#[6a]">Reserved109_IRQHandler</a> from startup_mk60d10.o(.text) referenced from startup_mk60d10.o(RESET)
 <LI><a href="#[6c]">Reserved111_IRQHandler</a> from startup_mk60d10.o(.text) referenced from startup_mk60d10.o(RESET)
 <LI><a href="#[6d]">Reserved112_IRQHandler</a> from startup_mk60d10.o(.text) referenced from startup_mk60d10.o(RESET)
 <LI><a href="#[6e]">Reserved113_IRQHandler</a> from startup_mk60d10.o(.text) referenced from startup_mk60d10.o(RESET)
 <LI><a href="#[6f]">Reserved114_IRQHandler</a> from startup_mk60d10.o(.text) referenced from startup_mk60d10.o(RESET)
 <LI><a href="#[70]">Reserved115_IRQHandler</a> from startup_mk60d10.o(.text) referenced from startup_mk60d10.o(RESET)
 <LI><a href="#[71]">Reserved116_IRQHandler</a> from startup_mk60d10.o(.text) referenced from startup_mk60d10.o(RESET)
 <LI><a href="#[72]">Reserved117_IRQHandler</a> from startup_mk60d10.o(.text) referenced from startup_mk60d10.o(RESET)
 <LI><a href="#[73]">Reserved118_IRQHandler</a> from startup_mk60d10.o(.text) referenced from startup_mk60d10.o(RESET)
 <LI><a href="#[74]">Reserved119_IRQHandler</a> from startup_mk60d10.o(.text) referenced from startup_mk60d10.o(RESET)
 <LI><a href="#[38]">Reserved59_IRQHandler</a> from startup_mk60d10.o(.text) referenced from startup_mk60d10.o(RESET)
 <LI><a href="#[5c]">Reserved95_IRQHandler</a> from startup_mk60d10.o(.text) referenced from startup_mk60d10.o(RESET)
 <LI><a href="#[3]">Reset_Handler</a> from startup_mk60d10.o(.text) referenced from startup_mk60d10.o(RESET)
 <LI><a href="#[5d]">SDHC_IRQHandler</a> from startup_mk60d10.o(.text) referenced from startup_mk60d10.o(RESET)
 <LI><a href="#[27]">SPI0_IRQHandler</a> from spi.o(i.SPI0_IRQHandler) referenced from startup_mk60d10.o(RESET)
 <LI><a href="#[28]">SPI1_IRQHandler</a> from spi.o(i.SPI1_IRQHandler) referenced from startup_mk60d10.o(RESET)
 <LI><a href="#[29]">SPI2_IRQHandler</a> from spi.o(i.SPI2_IRQHandler) referenced from startup_mk60d10.o(RESET)
 <LI><a href="#[9]">SVC_Handler</a> from startup_mk60d10.o(.text) referenced from startup_mk60d10.o(RESET)
 <LI><a href="#[6b]">SWI_IRQHandler</a> from startup_mk60d10.o(.text) referenced from startup_mk60d10.o(RESET)
 <LI><a href="#[c]">SysTick_Handler</a> from startup_mk60d10.o(.text) referenced from startup_mk60d10.o(RESET)
 <LI><a href="#[76]">SystemInit</a> from system_mk60d10.o(i.SystemInit) referenced from startup_mk60d10.o(.text)
 <LI><a href="#[60]">TSI0_IRQHandler</a> from tsi.o(i.TSI0_IRQHandler) referenced from startup_mk60d10.o(RESET)
 <LI><a href="#[3b]">UART0_ERR_IRQHandler</a> from startup_mk60d10.o(.text) referenced from startup_mk60d10.o(RESET)
 <LI><a href="#[39]">UART0_LON_IRQHandler</a> from startup_mk60d10.o(.text) referenced from startup_mk60d10.o(RESET)
 <LI><a href="#[3a]">UART0_RX_TX_IRQHandler</a> from uart.o(i.UART0_RX_TX_IRQHandler) referenced from startup_mk60d10.o(RESET)
 <LI><a href="#[3d]">UART1_ERR_IRQHandler</a> from startup_mk60d10.o(.text) referenced from startup_mk60d10.o(RESET)
 <LI><a href="#[3c]">UART1_RX_TX_IRQHandler</a> from uart.o(i.UART1_RX_TX_IRQHandler) referenced from startup_mk60d10.o(RESET)
 <LI><a href="#[3f]">UART2_ERR_IRQHandler</a> from startup_mk60d10.o(.text) referenced from startup_mk60d10.o(RESET)
 <LI><a href="#[3e]">UART2_RX_TX_IRQHandler</a> from uart.o(i.UART2_RX_TX_IRQHandler) referenced from startup_mk60d10.o(RESET)
 <LI><a href="#[41]">UART3_ERR_IRQHandler</a> from startup_mk60d10.o(.text) referenced from startup_mk60d10.o(RESET)
 <LI><a href="#[40]">UART3_RX_TX_IRQHandler</a> from uart.o(i.UART3_RX_TX_IRQHandler) referenced from startup_mk60d10.o(RESET)
 <LI><a href="#[43]">UART4_ERR_IRQHandler</a> from startup_mk60d10.o(.text) referenced from startup_mk60d10.o(RESET)
 <LI><a href="#[42]">UART4_RX_TX_IRQHandler</a> from uart.o(i.UART4_RX_TX_IRQHandler) referenced from startup_mk60d10.o(RESET)
 <LI><a href="#[45]">UART5_ERR_IRQHandler</a> from startup_mk60d10.o(.text) referenced from startup_mk60d10.o(RESET)
 <LI><a href="#[44]">UART5_RX_TX_IRQHandler</a> from uart.o(i.UART5_RX_TX_IRQHandler) referenced from startup_mk60d10.o(RESET)
 <LI><a href="#[56]">USB0_IRQHandler</a> from startup_mk60d10.o(.text) referenced from startup_mk60d10.o(RESET)
 <LI><a href="#[57]">USBDCD_IRQHandler</a> from startup_mk60d10.o(.text) referenced from startup_mk60d10.o(RESET)
 <LI><a href="#[8]">UsageFault_Handler</a> from startup_mk60d10.o(.text) referenced from startup_mk60d10.o(RESET)
 <LI><a href="#[23]">Watchdog_IRQHandler</a> from wdog.o(i.Watchdog_IRQHandler) referenced from startup_mk60d10.o(RESET)
 <LI><a href="#[7a]">__main</a> from __main.o(!!!main) referenced from startup_mk60d10.o(.text)
</UL>
<P>
<H3>
Global Symbols
</H3>
<P><STRONG><a name="[7a]"></a>__main</STRONG> (Thumb, 8 bytes, Stack size 0 bytes, __main.o(!!!main))
<BR><BR>[Calls]<UL><LI><a href="#[7c]">&gt;&gt;</a>&nbsp;&nbsp;&nbsp;__rt_entry
<LI><a href="#[7b]">&gt;&gt;</a>&nbsp;&nbsp;&nbsp;__scatterload
</UL>

<P><STRONG><a name="[7b]"></a>__scatterload</STRONG> (Thumb, 0 bytes, Stack size unknown bytes, __scatter.o(!!!scatter))
<BR><BR>[Called By]<UL><LI><a href="#[7a]">&gt;&gt;</a>&nbsp;&nbsp;&nbsp;__main
</UL>

<P><STRONG><a name="[7d]"></a>__scatterload_rt2</STRONG> (Thumb, 44 bytes, Stack size unknown bytes, __scatter.o(!!!scatter), UNUSED)
<BR><BR>[Calls]<UL><LI><a href="#[7c]">&gt;&gt;</a>&nbsp;&nbsp;&nbsp;__rt_entry
</UL>

<P><STRONG><a name="[f6]"></a>__scatterload_rt2_thumb_only</STRONG> (Thumb, 0 bytes, Stack size unknown bytes, __scatter.o(!!!scatter), UNUSED)

<P><STRONG><a name="[f7]"></a>__scatterload_null</STRONG> (Thumb, 0 bytes, Stack size unknown bytes, __scatter.o(!!!scatter), UNUSED)

<P><STRONG><a name="[f8]"></a>__decompress</STRONG> (Thumb, 90 bytes, Stack size unknown bytes, __dczerorl2.o(!!dczerorl2), UNUSED)

<P><STRONG><a name="[f9]"></a>__decompress1</STRONG> (Thumb, 0 bytes, Stack size unknown bytes, __dczerorl2.o(!!dczerorl2), UNUSED)

<P><STRONG><a name="[fa]"></a>__scatterload_zeroinit</STRONG> (Thumb, 28 bytes, Stack size unknown bytes, __scatter_zi.o(!!handler_zi), UNUSED)

<P><STRONG><a name="[81]"></a>__rt_lib_init</STRONG> (Thumb, 0 bytes, Stack size unknown bytes, libinit.o(.ARM.Collect$$libinit$$00000000))
<BR><BR>[Called By]<UL><LI><a href="#[80]">&gt;&gt;</a>&nbsp;&nbsp;&nbsp;__rt_entry_li
</UL>

<P><STRONG><a name="[fb]"></a>__rt_lib_init_alloca_1</STRONG> (Thumb, 0 bytes, Stack size unknown bytes, libinit2.o(.ARM.Collect$$libinit$$0000002E))

<P><STRONG><a name="[fc]"></a>__rt_lib_init_argv_1</STRONG> (Thumb, 0 bytes, Stack size unknown bytes, libinit2.o(.ARM.Collect$$libinit$$0000002C))

<P><STRONG><a name="[fd]"></a>__rt_lib_init_atexit_1</STRONG> (Thumb, 0 bytes, Stack size unknown bytes, libinit2.o(.ARM.Collect$$libinit$$0000001B))

<P><STRONG><a name="[fe]"></a>__rt_lib_init_clock_1</STRONG> (Thumb, 0 bytes, Stack size unknown bytes, libinit2.o(.ARM.Collect$$libinit$$00000021))

<P><STRONG><a name="[ff]"></a>__rt_lib_init_cpp_1</STRONG> (Thumb, 0 bytes, Stack size unknown bytes, libinit2.o(.ARM.Collect$$libinit$$00000032))

<P><STRONG><a name="[100]"></a>__rt_lib_init_exceptions_1</STRONG> (Thumb, 0 bytes, Stack size unknown bytes, libinit2.o(.ARM.Collect$$libinit$$00000030))

<P><STRONG><a name="[101]"></a>__rt_lib_init_fp_1</STRONG> (Thumb, 0 bytes, Stack size unknown bytes, libinit2.o(.ARM.Collect$$libinit$$00000002))

<P><STRONG><a name="[102]"></a>__rt_lib_init_fp_trap_1</STRONG> (Thumb, 0 bytes, Stack size unknown bytes, libinit2.o(.ARM.Collect$$libinit$$0000001F))

<P><STRONG><a name="[103]"></a>__rt_lib_init_getenv_1</STRONG> (Thumb, 0 bytes, Stack size unknown bytes, libinit2.o(.ARM.Collect$$libinit$$00000023))

<P><STRONG><a name="[104]"></a>__rt_lib_init_heap_1</STRONG> (Thumb, 0 bytes, Stack size unknown bytes, libinit2.o(.ARM.Collect$$libinit$$0000000A))

<P><STRONG><a name="[105]"></a>__rt_lib_init_lc_collate_1</STRONG> (Thumb, 0 bytes, Stack size unknown bytes, libinit2.o(.ARM.Collect$$libinit$$00000011))

<P><STRONG><a name="[106]"></a>__rt_lib_init_lc_ctype_1</STRONG> (Thumb, 0 bytes, Stack size unknown bytes, libinit2.o(.ARM.Collect$$libinit$$00000013))

<P><STRONG><a name="[107]"></a>__rt_lib_init_lc_monetary_1</STRONG> (Thumb, 0 bytes, Stack size unknown bytes, libinit2.o(.ARM.Collect$$libinit$$00000015))

<P><STRONG><a name="[108]"></a>__rt_lib_init_lc_numeric_1</STRONG> (Thumb, 0 bytes, Stack size unknown bytes, libinit2.o(.ARM.Collect$$libinit$$00000017))

<P><STRONG><a name="[109]"></a>__rt_lib_init_lc_time_1</STRONG> (Thumb, 0 bytes, Stack size unknown bytes, libinit2.o(.ARM.Collect$$libinit$$00000019))

<P><STRONG><a name="[10a]"></a>__rt_lib_init_preinit_1</STRONG> (Thumb, 0 bytes, Stack size unknown bytes, libinit2.o(.ARM.Collect$$libinit$$00000004))

<P><STRONG><a name="[10b]"></a>__rt_lib_init_rand_1</STRONG> (Thumb, 0 bytes, Stack size unknown bytes, libinit2.o(.ARM.Collect$$libinit$$0000000E))

<P><STRONG><a name="[10c]"></a>__rt_lib_init_return</STRONG> (Thumb, 0 bytes, Stack size unknown bytes, libinit2.o(.ARM.Collect$$libinit$$00000033))

<P><STRONG><a name="[10d]"></a>__rt_lib_init_signal_1</STRONG> (Thumb, 0 bytes, Stack size unknown bytes, libinit2.o(.ARM.Collect$$libinit$$0000001D))

<P><STRONG><a name="[10e]"></a>__rt_lib_init_stdio_1</STRONG> (Thumb, 0 bytes, Stack size unknown bytes, libinit2.o(.ARM.Collect$$libinit$$00000025))

<P><STRONG><a name="[10f]"></a>__rt_lib_init_user_alloc_1</STRONG> (Thumb, 0 bytes, Stack size unknown bytes, libinit2.o(.ARM.Collect$$libinit$$0000000C))

<P><STRONG><a name="[86]"></a>__rt_lib_shutdown</STRONG> (Thumb, 0 bytes, Stack size unknown bytes, libshutdown.o(.ARM.Collect$$libshutdown$$00000000))
<BR><BR>[Called By]<UL><LI><a href="#[85]">&gt;&gt;</a>&nbsp;&nbsp;&nbsp;__rt_exit_ls
</UL>

<P><STRONG><a name="[110]"></a>__rt_lib_shutdown_cpp_1</STRONG> (Thumb, 0 bytes, Stack size unknown bytes, libshutdown2.o(.ARM.Collect$$libshutdown$$00000002))

<P><STRONG><a name="[111]"></a>__rt_lib_shutdown_fp_trap_1</STRONG> (Thumb, 0 bytes, Stack size unknown bytes, libshutdown2.o(.ARM.Collect$$libshutdown$$00000007))

<P><STRONG><a name="[112]"></a>__rt_lib_shutdown_heap_1</STRONG> (Thumb, 0 bytes, Stack size unknown bytes, libshutdown2.o(.ARM.Collect$$libshutdown$$0000000F))

<P><STRONG><a name="[113]"></a>__rt_lib_shutdown_return</STRONG> (Thumb, 0 bytes, Stack size unknown bytes, libshutdown2.o(.ARM.Collect$$libshutdown$$00000010))

<P><STRONG><a name="[114]"></a>__rt_lib_shutdown_signal_1</STRONG> (Thumb, 0 bytes, Stack size unknown bytes, libshutdown2.o(.ARM.Collect$$libshutdown$$0000000A))

<P><STRONG><a name="[115]"></a>__rt_lib_shutdown_stdio_1</STRONG> (Thumb, 0 bytes, Stack size unknown bytes, libshutdown2.o(.ARM.Collect$$libshutdown$$00000004))

<P><STRONG><a name="[116]"></a>__rt_lib_shutdown_user_alloc_1</STRONG> (Thumb, 0 bytes, Stack size unknown bytes, libshutdown2.o(.ARM.Collect$$libshutdown$$0000000C))

<P><STRONG><a name="[7c]"></a>__rt_entry</STRONG> (Thumb, 0 bytes, Stack size unknown bytes, __rtentry.o(.ARM.Collect$$rtentry$$00000000))
<BR><BR>[Called By]<UL><LI><a href="#[7a]">&gt;&gt;</a>&nbsp;&nbsp;&nbsp;__main
<LI><a href="#[7d]">&gt;&gt;</a>&nbsp;&nbsp;&nbsp;__scatterload_rt2
</UL>

<P><STRONG><a name="[117]"></a>__rt_entry_presh_1</STRONG> (Thumb, 0 bytes, Stack size unknown bytes, __rtentry2.o(.ARM.Collect$$rtentry$$00000002))

<P><STRONG><a name="[7e]"></a>__rt_entry_sh</STRONG> (Thumb, 0 bytes, Stack size unknown bytes, __rtentry4.o(.ARM.Collect$$rtentry$$00000004))
<BR><BR>[Stack]<UL><LI>Max Depth = 8 + Unknown Stack Size
<LI>Call Chain = __rt_entry_sh &rArr; __user_setup_stackheap
</UL>
<BR>[Calls]<UL><LI><a href="#[7f]">&gt;&gt;</a>&nbsp;&nbsp;&nbsp;__user_setup_stackheap
</UL>

<P><STRONG><a name="[80]"></a>__rt_entry_li</STRONG> (Thumb, 0 bytes, Stack size unknown bytes, __rtentry2.o(.ARM.Collect$$rtentry$$0000000A))
<BR><BR>[Calls]<UL><LI><a href="#[81]">&gt;&gt;</a>&nbsp;&nbsp;&nbsp;__rt_lib_init
</UL>

<P><STRONG><a name="[118]"></a>__rt_entry_postsh_1</STRONG> (Thumb, 0 bytes, Stack size unknown bytes, __rtentry2.o(.ARM.Collect$$rtentry$$00000009))

<P><STRONG><a name="[82]"></a>__rt_entry_main</STRONG> (Thumb, 0 bytes, Stack size unknown bytes, __rtentry2.o(.ARM.Collect$$rtentry$$0000000D))
<BR><BR>[Stack]<UL><LI>Max Depth = 104 + Unknown Stack Size
<LI>Call Chain = __rt_entry_main &rArr; main &rArr; All_Init &rArr; FTM_PWM_QuickInit &rArr; FTM_SetMode &rArr; FTM_DualChlConfig
</UL>
<BR>[Calls]<UL><LI><a href="#[83]">&gt;&gt;</a>&nbsp;&nbsp;&nbsp;main
<LI><a href="#[84]">&gt;&gt;</a>&nbsp;&nbsp;&nbsp;exit
</UL>

<P><STRONG><a name="[119]"></a>__rt_entry_postli_1</STRONG> (Thumb, 0 bytes, Stack size unknown bytes, __rtentry2.o(.ARM.Collect$$rtentry$$0000000C))

<P><STRONG><a name="[8b]"></a>__rt_exit</STRONG> (Thumb, 0 bytes, Stack size unknown bytes, rtexit.o(.ARM.Collect$$rtexit$$00000000))
<BR><BR>[Called By]<UL><LI><a href="#[84]">&gt;&gt;</a>&nbsp;&nbsp;&nbsp;exit
</UL>

<P><STRONG><a name="[85]"></a>__rt_exit_ls</STRONG> (Thumb, 0 bytes, Stack size unknown bytes, rtexit2.o(.ARM.Collect$$rtexit$$00000003))
<BR><BR>[Calls]<UL><LI><a href="#[86]">&gt;&gt;</a>&nbsp;&nbsp;&nbsp;__rt_lib_shutdown
</UL>

<P><STRONG><a name="[11a]"></a>__rt_exit_prels_1</STRONG> (Thumb, 0 bytes, Stack size unknown bytes, rtexit2.o(.ARM.Collect$$rtexit$$00000002))

<P><STRONG><a name="[87]"></a>__rt_exit_exit</STRONG> (Thumb, 0 bytes, Stack size unknown bytes, rtexit2.o(.ARM.Collect$$rtexit$$00000004))
<BR><BR>[Calls]<UL><LI><a href="#[88]">&gt;&gt;</a>&nbsp;&nbsp;&nbsp;_sys_exit
</UL>

<P><STRONG><a name="[3]"></a>Reset_Handler</STRONG> (Thumb, 8 bytes, Stack size 0 bytes, startup_mk60d10.o(.text))
<BR>[Address Reference Count : 1]<UL><LI> startup_mk60d10.o(RESET)
</UL>
<P><STRONG><a name="[5]"></a>HardFault_Handler</STRONG> (Thumb, 2 bytes, Stack size 0 bytes, startup_mk60d10.o(.text))
<BR><BR>[Calls]<UL><LI><a href="#[5]">&gt;&gt;</a>&nbsp;&nbsp;&nbsp;HardFault_Handler
</UL>
<BR>[Called By]<UL><LI><a href="#[5]">&gt;&gt;</a>&nbsp;&nbsp;&nbsp;HardFault_Handler
</UL>
<BR>[Address Reference Count : 1]<UL><LI> startup_mk60d10.o(RESET)
</UL>
<P><STRONG><a name="[6]"></a>MemManage_Handler</STRONG> (Thumb, 2 bytes, Stack size 0 bytes, startup_mk60d10.o(.text))
<BR><BR>[Calls]<UL><LI><a href="#[6]">&gt;&gt;</a>&nbsp;&nbsp;&nbsp;MemManage_Handler
</UL>
<BR>[Called By]<UL><LI><a href="#[6]">&gt;&gt;</a>&nbsp;&nbsp;&nbsp;MemManage_Handler
</UL>
<BR>[Address Reference Count : 1]<UL><LI> startup_mk60d10.o(RESET)
</UL>
<P><STRONG><a name="[7]"></a>BusFault_Handler</STRONG> (Thumb, 2 bytes, Stack size 0 bytes, startup_mk60d10.o(.text))
<BR><BR>[Calls]<UL><LI><a href="#[7]">&gt;&gt;</a>&nbsp;&nbsp;&nbsp;BusFault_Handler
</UL>
<BR>[Called By]<UL><LI><a href="#[7]">&gt;&gt;</a>&nbsp;&nbsp;&nbsp;BusFault_Handler
</UL>
<BR>[Address Reference Count : 1]<UL><LI> startup_mk60d10.o(RESET)
</UL>
<P><STRONG><a name="[8]"></a>UsageFault_Handler</STRONG> (Thumb, 2 bytes, Stack size 0 bytes, startup_mk60d10.o(.text))
<BR><BR>[Calls]<UL><LI><a href="#[8]">&gt;&gt;</a>&nbsp;&nbsp;&nbsp;UsageFault_Handler
</UL>
<BR>[Called By]<UL><LI><a href="#[8]">&gt;&gt;</a>&nbsp;&nbsp;&nbsp;UsageFault_Handler
</UL>
<BR>[Address Reference Count : 1]<UL><LI> startup_mk60d10.o(RESET)
</UL>
<P><STRONG><a name="[9]"></a>SVC_Handler</STRONG> (Thumb, 2 bytes, Stack size 0 bytes, startup_mk60d10.o(.text))
<BR><BR>[Calls]<UL><LI><a href="#[9]">&gt;&gt;</a>&nbsp;&nbsp;&nbsp;SVC_Handler
</UL>
<BR>[Called By]<UL><LI><a href="#[9]">&gt;&gt;</a>&nbsp;&nbsp;&nbsp;SVC_Handler
</UL>
<BR>[Address Reference Count : 1]<UL><LI> startup_mk60d10.o(RESET)
</UL>
<P><STRONG><a name="[a]"></a>DebugMon_Handler</STRONG> (Thumb, 2 bytes, Stack size 0 bytes, startup_mk60d10.o(.text))
<BR><BR>[Calls]<UL><LI><a href="#[a]">&gt;&gt;</a>&nbsp;&nbsp;&nbsp;DebugMon_Handler
</UL>
<BR>[Called By]<UL><LI><a href="#[a]">&gt;&gt;</a>&nbsp;&nbsp;&nbsp;DebugMon_Handler
</UL>
<BR>[Address Reference Count : 1]<UL><LI> startup_mk60d10.o(RESET)
</UL>
<P><STRONG><a name="[b]"></a>PendSV_Handler</STRONG> (Thumb, 2 bytes, Stack size 0 bytes, startup_mk60d10.o(.text))
<BR><BR>[Calls]<UL><LI><a href="#[b]">&gt;&gt;</a>&nbsp;&nbsp;&nbsp;PendSV_Handler
</UL>
<BR>[Called By]<UL><LI><a href="#[b]">&gt;&gt;</a>&nbsp;&nbsp;&nbsp;PendSV_Handler
</UL>
<BR>[Address Reference Count : 1]<UL><LI> startup_mk60d10.o(RESET)
</UL>
<P><STRONG><a name="[c]"></a>SysTick_Handler</STRONG> (Thumb, 2 bytes, Stack size 0 bytes, startup_mk60d10.o(.text))
<BR><BR>[Calls]<UL><LI><a href="#[c]">&gt;&gt;</a>&nbsp;&nbsp;&nbsp;SysTick_Handler
</UL>
<BR>[Called By]<UL><LI><a href="#[c]">&gt;&gt;</a>&nbsp;&nbsp;&nbsp;SysTick_Handler
</UL>
<BR>[Address Reference Count : 1]<UL><LI> startup_mk60d10.o(RESET)
</UL>
<P><STRONG><a name="[2b]"></a>CAN0_Bus_Off_IRQHandler</STRONG> (Thumb, 0 bytes, Stack size 0 bytes, startup_mk60d10.o(.text))
<BR><BR>[Calls]<UL><LI><a href="#[2b]">&gt;&gt;</a>&nbsp;&nbsp;&nbsp;CAN0_Bus_Off_IRQHandler
</UL>
<BR>[Called By]<UL><LI><a href="#[2b]">&gt;&gt;</a>&nbsp;&nbsp;&nbsp;CAN0_Bus_Off_IRQHandler
</UL>
<BR>[Address Reference Count : 1]<UL><LI> startup_mk60d10.o(RESET)
</UL>
<P><STRONG><a name="[2c]"></a>CAN0_Error_IRQHandler</STRONG> (Thumb, 0 bytes, Stack size 0 bytes, startup_mk60d10.o(.text))
<BR>[Address Reference Count : 1]<UL><LI> startup_mk60d10.o(RESET)
</UL>
<P><STRONG><a name="[2e]"></a>CAN0_Rx_Warning_IRQHandler</STRONG> (Thumb, 0 bytes, Stack size 0 bytes, startup_mk60d10.o(.text))
<BR>[Address Reference Count : 1]<UL><LI> startup_mk60d10.o(RESET)
</UL>
<P><STRONG><a name="[2d]"></a>CAN0_Tx_Warning_IRQHandler</STRONG> (Thumb, 0 bytes, Stack size 0 bytes, startup_mk60d10.o(.text))
<BR>[Address Reference Count : 1]<UL><LI> startup_mk60d10.o(RESET)
</UL>
<P><STRONG><a name="[2f]"></a>CAN0_Wake_Up_IRQHandler</STRONG> (Thumb, 0 bytes, Stack size 0 bytes, startup_mk60d10.o(.text))
<BR>[Address Reference Count : 1]<UL><LI> startup_mk60d10.o(RESET)
</UL>
<P><STRONG><a name="[33]"></a>CAN1_Bus_Off_IRQHandler</STRONG> (Thumb, 0 bytes, Stack size 0 bytes, startup_mk60d10.o(.text))
<BR>[Address Reference Count : 1]<UL><LI> startup_mk60d10.o(RESET)
</UL>
<P><STRONG><a name="[34]"></a>CAN1_Error_IRQHandler</STRONG> (Thumb, 0 bytes, Stack size 0 bytes, startup_mk60d10.o(.text))
<BR>[Address Reference Count : 1]<UL><LI> startup_mk60d10.o(RESET)
</UL>
<P><STRONG><a name="[36]"></a>CAN1_Rx_Warning_IRQHandler</STRONG> (Thumb, 0 bytes, Stack size 0 bytes, startup_mk60d10.o(.text))
<BR>[Address Reference Count : 1]<UL><LI> startup_mk60d10.o(RESET)
</UL>
<P><STRONG><a name="[35]"></a>CAN1_Tx_Warning_IRQHandler</STRONG> (Thumb, 0 bytes, Stack size 0 bytes, startup_mk60d10.o(.text))
<BR>[Address Reference Count : 1]<UL><LI> startup_mk60d10.o(RESET)
</UL>
<P><STRONG><a name="[37]"></a>CAN1_Wake_Up_IRQHandler</STRONG> (Thumb, 0 bytes, Stack size 0 bytes, startup_mk60d10.o(.text))
<BR>[Address Reference Count : 1]<UL><LI> startup_mk60d10.o(RESET)
</UL>
<P><STRONG><a name="[48]"></a>CMP0_IRQHandler</STRONG> (Thumb, 0 bytes, Stack size 0 bytes, startup_mk60d10.o(.text))
<BR>[Address Reference Count : 1]<UL><LI> startup_mk60d10.o(RESET)
</UL>
<P><STRONG><a name="[49]"></a>CMP1_IRQHandler</STRONG> (Thumb, 0 bytes, Stack size 0 bytes, startup_mk60d10.o(.text))
<BR>[Address Reference Count : 1]<UL><LI> startup_mk60d10.o(RESET)
</UL>
<P><STRONG><a name="[4a]"></a>CMP2_IRQHandler</STRONG> (Thumb, 0 bytes, Stack size 0 bytes, startup_mk60d10.o(.text))
<BR>[Address Reference Count : 1]<UL><LI> startup_mk60d10.o(RESET)
</UL>
<P><STRONG><a name="[4e]"></a>CMT_IRQHandler</STRONG> (Thumb, 0 bytes, Stack size 0 bytes, startup_mk60d10.o(.text))
<BR>[Address Reference Count : 1]<UL><LI> startup_mk60d10.o(RESET)
</UL>
<P><STRONG><a name="[1d]"></a>DMA_Error_IRQHandler</STRONG> (Thumb, 0 bytes, Stack size 0 bytes, startup_mk60d10.o(.text))
<BR>[Address Reference Count : 1]<UL><LI> startup_mk60d10.o(RESET)
</UL>
<P><STRONG><a name="[75]"></a>DefaultISR</STRONG> (Thumb, 0 bytes, Stack size 0 bytes, startup_mk60d10.o(.text))
<BR>[Address Reference Count : 1]<UL><LI> startup_mk60d10.o(RESET)
</UL>
<P><STRONG><a name="[58]"></a>ENET_1588_Timer_IRQHandler</STRONG> (Thumb, 0 bytes, Stack size 0 bytes, startup_mk60d10.o(.text))
<BR>[Address Reference Count : 1]<UL><LI> startup_mk60d10.o(RESET)
</UL>
<P><STRONG><a name="[5b]"></a>ENET_Error_IRQHandler</STRONG> (Thumb, 0 bytes, Stack size 0 bytes, startup_mk60d10.o(.text))
<BR>[Address Reference Count : 1]<UL><LI> startup_mk60d10.o(RESET)
</UL>
<P><STRONG><a name="[1f]"></a>FTFL_IRQHandler</STRONG> (Thumb, 0 bytes, Stack size 0 bytes, startup_mk60d10.o(.text))
<BR>[Address Reference Count : 1]<UL><LI> startup_mk60d10.o(RESET)
</UL>
<P><STRONG><a name="[25]"></a>I2C0_IRQHandler</STRONG> (Thumb, 0 bytes, Stack size 0 bytes, startup_mk60d10.o(.text))
<BR>[Address Reference Count : 1]<UL><LI> startup_mk60d10.o(RESET)
</UL>
<P><STRONG><a name="[26]"></a>I2C1_IRQHandler</STRONG> (Thumb, 0 bytes, Stack size 0 bytes, startup_mk60d10.o(.text))
<BR>[Address Reference Count : 1]<UL><LI> startup_mk60d10.o(RESET)
</UL>
<P><STRONG><a name="[31]"></a>I2S0_Rx_IRQHandler</STRONG> (Thumb, 0 bytes, Stack size 0 bytes, startup_mk60d10.o(.text))
<BR>[Address Reference Count : 1]<UL><LI> startup_mk60d10.o(RESET)
</UL>
<P><STRONG><a name="[30]"></a>I2S0_Tx_IRQHandler</STRONG> (Thumb, 0 bytes, Stack size 0 bytes, startup_mk60d10.o(.text))
<BR>[Address Reference Count : 1]<UL><LI> startup_mk60d10.o(RESET)
</UL>
<P><STRONG><a name="[22]"></a>LLW_IRQHandler</STRONG> (Thumb, 0 bytes, Stack size 0 bytes, startup_mk60d10.o(.text))
<BR>[Address Reference Count : 1]<UL><LI> startup_mk60d10.o(RESET)
</UL>
<P><STRONG><a name="[21]"></a>LVD_LVW_IRQHandler</STRONG> (Thumb, 0 bytes, Stack size 0 bytes, startup_mk60d10.o(.text))
<BR>[Address Reference Count : 1]<UL><LI> startup_mk60d10.o(RESET)
</UL>
<P><STRONG><a name="[61]"></a>MCG_IRQHandler</STRONG> (Thumb, 0 bytes, Stack size 0 bytes, startup_mk60d10.o(.text))
<BR>[Address Reference Count : 1]<UL><LI> startup_mk60d10.o(RESET)
</UL>
<P><STRONG><a name="[1e]"></a>MCM_IRQHandler</STRONG> (Thumb, 0 bytes, Stack size 0 bytes, startup_mk60d10.o(.text))
<BR>[Address Reference Count : 1]<UL><LI> startup_mk60d10.o(RESET)
</UL>
<P><STRONG><a name="[24]"></a>RNG_IRQHandler</STRONG> (Thumb, 0 bytes, Stack size 0 bytes, startup_mk60d10.o(.text))
<BR>[Address Reference Count : 1]<UL><LI> startup_mk60d10.o(RESET)
</UL>
<P><STRONG><a name="[50]"></a>RTC_Seconds_IRQHandler</STRONG> (Thumb, 0 bytes, Stack size 0 bytes, startup_mk60d10.o(.text))
<BR>[Address Reference Count : 1]<UL><LI> startup_mk60d10.o(RESET)
</UL>
<P><STRONG><a name="[20]"></a>Read_Collision_IRQHandler</STRONG> (Thumb, 0 bytes, Stack size 0 bytes, startup_mk60d10.o(.text))
<BR>[Address Reference Count : 1]<UL><LI> startup_mk60d10.o(RESET)
</UL>
<P><STRONG><a name="[63]"></a>Reserved102_IRQHandler</STRONG> (Thumb, 0 bytes, Stack size 0 bytes, startup_mk60d10.o(.text))
<BR>[Address Reference Count : 1]<UL><LI> startup_mk60d10.o(RESET)
</UL>
<P><STRONG><a name="[69]"></a>Reserved108_IRQHandler</STRONG> (Thumb, 0 bytes, Stack size 0 bytes, startup_mk60d10.o(.text))
<BR>[Address Reference Count : 1]<UL><LI> startup_mk60d10.o(RESET)
</UL>
<P><STRONG><a name="[6a]"></a>Reserved109_IRQHandler</STRONG> (Thumb, 0 bytes, Stack size 0 bytes, startup_mk60d10.o(.text))
<BR>[Address Reference Count : 1]<UL><LI> startup_mk60d10.o(RESET)
</UL>
<P><STRONG><a name="[6c]"></a>Reserved111_IRQHandler</STRONG> (Thumb, 0 bytes, Stack size 0 bytes, startup_mk60d10.o(.text))
<BR>[Address Reference Count : 1]<UL><LI> startup_mk60d10.o(RESET)
</UL>
<P><STRONG><a name="[6d]"></a>Reserved112_IRQHandler</STRONG> (Thumb, 0 bytes, Stack size 0 bytes, startup_mk60d10.o(.text))
<BR>[Address Reference Count : 1]<UL><LI> startup_mk60d10.o(RESET)
</UL>
<P><STRONG><a name="[6e]"></a>Reserved113_IRQHandler</STRONG> (Thumb, 0 bytes, Stack size 0 bytes, startup_mk60d10.o(.text))
<BR>[Address Reference Count : 1]<UL><LI> startup_mk60d10.o(RESET)
</UL>
<P><STRONG><a name="[6f]"></a>Reserved114_IRQHandler</STRONG> (Thumb, 0 bytes, Stack size 0 bytes, startup_mk60d10.o(.text))
<BR>[Address Reference Count : 1]<UL><LI> startup_mk60d10.o(RESET)
</UL>
<P><STRONG><a name="[70]"></a>Reserved115_IRQHandler</STRONG> (Thumb, 0 bytes, Stack size 0 bytes, startup_mk60d10.o(.text))
<BR>[Address Reference Count : 1]<UL><LI> startup_mk60d10.o(RESET)
</UL>
<P><STRONG><a name="[71]"></a>Reserved116_IRQHandler</STRONG> (Thumb, 0 bytes, Stack size 0 bytes, startup_mk60d10.o(.text))
<BR>[Address Reference Count : 1]<UL><LI> startup_mk60d10.o(RESET)
</UL>
<P><STRONG><a name="[72]"></a>Reserved117_IRQHandler</STRONG> (Thumb, 0 bytes, Stack size 0 bytes, startup_mk60d10.o(.text))
<BR>[Address Reference Count : 1]<UL><LI> startup_mk60d10.o(RESET)
</UL>
<P><STRONG><a name="[73]"></a>Reserved118_IRQHandler</STRONG> (Thumb, 0 bytes, Stack size 0 bytes, startup_mk60d10.o(.text))
<BR>[Address Reference Count : 1]<UL><LI> startup_mk60d10.o(RESET)
</UL>
<P><STRONG><a name="[74]"></a>Reserved119_IRQHandler</STRONG> (Thumb, 0 bytes, Stack size 0 bytes, startup_mk60d10.o(.text))
<BR>[Address Reference Count : 1]<UL><LI> startup_mk60d10.o(RESET)
</UL>
<P><STRONG><a name="[38]"></a>Reserved59_IRQHandler</STRONG> (Thumb, 0 bytes, Stack size 0 bytes, startup_mk60d10.o(.text))
<BR>[Address Reference Count : 1]<UL><LI> startup_mk60d10.o(RESET)
</UL>
<P><STRONG><a name="[5c]"></a>Reserved95_IRQHandler</STRONG> (Thumb, 0 bytes, Stack size 0 bytes, startup_mk60d10.o(.text))
<BR>[Address Reference Count : 1]<UL><LI> startup_mk60d10.o(RESET)
</UL>
<P><STRONG><a name="[5d]"></a>SDHC_IRQHandler</STRONG> (Thumb, 0 bytes, Stack size 0 bytes, startup_mk60d10.o(.text))
<BR>[Address Reference Count : 1]<UL><LI> startup_mk60d10.o(RESET)
</UL>
<P><STRONG><a name="[6b]"></a>SWI_IRQHandler</STRONG> (Thumb, 0 bytes, Stack size 0 bytes, startup_mk60d10.o(.text))
<BR>[Address Reference Count : 1]<UL><LI> startup_mk60d10.o(RESET)
</UL>
<P><STRONG><a name="[3b]"></a>UART0_ERR_IRQHandler</STRONG> (Thumb, 0 bytes, Stack size 0 bytes, startup_mk60d10.o(.text))
<BR>[Address Reference Count : 1]<UL><LI> startup_mk60d10.o(RESET)
</UL>
<P><STRONG><a name="[39]"></a>UART0_LON_IRQHandler</STRONG> (Thumb, 0 bytes, Stack size 0 bytes, startup_mk60d10.o(.text))
<BR>[Address Reference Count : 1]<UL><LI> startup_mk60d10.o(RESET)
</UL>
<P><STRONG><a name="[3d]"></a>UART1_ERR_IRQHandler</STRONG> (Thumb, 0 bytes, Stack size 0 bytes, startup_mk60d10.o(.text))
<BR>[Address Reference Count : 1]<UL><LI> startup_mk60d10.o(RESET)
</UL>
<P><STRONG><a name="[3f]"></a>UART2_ERR_IRQHandler</STRONG> (Thumb, 0 bytes, Stack size 0 bytes, startup_mk60d10.o(.text))
<BR>[Address Reference Count : 1]<UL><LI> startup_mk60d10.o(RESET)
</UL>
<P><STRONG><a name="[41]"></a>UART3_ERR_IRQHandler</STRONG> (Thumb, 0 bytes, Stack size 0 bytes, startup_mk60d10.o(.text))
<BR>[Address Reference Count : 1]<UL><LI> startup_mk60d10.o(RESET)
</UL>
<P><STRONG><a name="[43]"></a>UART4_ERR_IRQHandler</STRONG> (Thumb, 0 bytes, Stack size 0 bytes, startup_mk60d10.o(.text))
<BR>[Address Reference Count : 1]<UL><LI> startup_mk60d10.o(RESET)
</UL>
<P><STRONG><a name="[45]"></a>UART5_ERR_IRQHandler</STRONG> (Thumb, 0 bytes, Stack size 0 bytes, startup_mk60d10.o(.text))
<BR>[Address Reference Count : 1]<UL><LI> startup_mk60d10.o(RESET)
</UL>
<P><STRONG><a name="[56]"></a>USB0_IRQHandler</STRONG> (Thumb, 0 bytes, Stack size 0 bytes, startup_mk60d10.o(.text))
<BR>[Address Reference Count : 1]<UL><LI> startup_mk60d10.o(RESET)
</UL>
<P><STRONG><a name="[57]"></a>USBDCD_IRQHandler</STRONG> (Thumb, 0 bytes, Stack size 0 bytes, startup_mk60d10.o(.text))
<BR>[Address Reference Count : 1]<UL><LI> startup_mk60d10.o(RESET)
</UL>
<P><STRONG><a name="[8a]"></a>__user_initial_stackheap</STRONG> (Thumb, 0 bytes, Stack size unknown bytes, startup_mk60d10.o(.text))
<BR><BR>[Called By]<UL><LI><a href="#[7f]">&gt;&gt;</a>&nbsp;&nbsp;&nbsp;__user_setup_stackheap
</UL>

<P><STRONG><a name="[11b]"></a>__use_two_region_memory</STRONG> (Thumb, 2 bytes, Stack size 0 bytes, heapauxi.o(.text), UNUSED)

<P><STRONG><a name="[11c]"></a>__rt_heap_escrow$2region</STRONG> (Thumb, 2 bytes, Stack size 0 bytes, heapauxi.o(.text), UNUSED)

<P><STRONG><a name="[11d]"></a>__rt_heap_expand$2region</STRONG> (Thumb, 2 bytes, Stack size 0 bytes, heapauxi.o(.text), UNUSED)

<P><STRONG><a name="[7f]"></a>__user_setup_stackheap</STRONG> (Thumb, 74 bytes, Stack size 8 bytes, sys_stackheap_outer.o(.text))
<BR><BR>[Stack]<UL><LI>Max Depth = 8 + Unknown Stack Size
<LI>Call Chain = __user_setup_stackheap
</UL>
<BR>[Calls]<UL><LI><a href="#[8a]">&gt;&gt;</a>&nbsp;&nbsp;&nbsp;__user_initial_stackheap
<LI><a href="#[89]">&gt;&gt;</a>&nbsp;&nbsp;&nbsp;__user_perproc_libspace
</UL>
<BR>[Called By]<UL><LI><a href="#[7e]">&gt;&gt;</a>&nbsp;&nbsp;&nbsp;__rt_entry_sh
</UL>

<P><STRONG><a name="[84]"></a>exit</STRONG> (Thumb, 18 bytes, Stack size 8 bytes, exit.o(.text))
<BR><BR>[Stack]<UL><LI>Max Depth = 8 + Unknown Stack Size
<LI>Call Chain = exit
</UL>
<BR>[Calls]<UL><LI><a href="#[8b]">&gt;&gt;</a>&nbsp;&nbsp;&nbsp;__rt_exit
</UL>
<BR>[Called By]<UL><LI><a href="#[82]">&gt;&gt;</a>&nbsp;&nbsp;&nbsp;__rt_entry_main
</UL>

<P><STRONG><a name="[11e]"></a>__user_libspace</STRONG> (Thumb, 8 bytes, Stack size 0 bytes, libspace.o(.text), UNUSED)

<P><STRONG><a name="[89]"></a>__user_perproc_libspace</STRONG> (Thumb, 0 bytes, Stack size 0 bytes, libspace.o(.text))
<BR><BR>[Called By]<UL><LI><a href="#[7f]">&gt;&gt;</a>&nbsp;&nbsp;&nbsp;__user_setup_stackheap
</UL>

<P><STRONG><a name="[11f]"></a>__user_perthread_libspace</STRONG> (Thumb, 0 bytes, Stack size 0 bytes, libspace.o(.text), UNUSED)

<P><STRONG><a name="[88]"></a>_sys_exit</STRONG> (Thumb, 8 bytes, Stack size 0 bytes, sys_exit.o(.text))
<BR><BR>[Called By]<UL><LI><a href="#[87]">&gt;&gt;</a>&nbsp;&nbsp;&nbsp;__rt_exit_exit
</UL>

<P><STRONG><a name="[120]"></a>__I$use$semihosting</STRONG> (Thumb, 0 bytes, Stack size 0 bytes, use_no_semi.o(.text), UNUSED)

<P><STRONG><a name="[121]"></a>__use_no_semihosting_swi</STRONG> (Thumb, 2 bytes, Stack size 0 bytes, use_no_semi.o(.text), UNUSED)

<P><STRONG><a name="[122]"></a>__semihosting_library_function</STRONG> (Thumb, 0 bytes, Stack size unknown bytes, indicate_semi.o(.text), UNUSED)

<P><STRONG><a name="[46]"></a>ADC0_IRQHandler</STRONG> (Thumb, 16 bytes, Stack size 8 bytes, adc.o(i.ADC0_IRQHandler))
<BR><BR>[Stack]<UL><LI>Max Depth = 8<LI>Call Chain = ADC0_IRQHandler
</UL>
<BR>[Address Reference Count : 1]<UL><LI> startup_mk60d10.o(RESET)
</UL>
<P><STRONG><a name="[47]"></a>ADC1_IRQHandler</STRONG> (Thumb, 16 bytes, Stack size 8 bytes, adc.o(i.ADC1_IRQHandler))
<BR><BR>[Stack]<UL><LI>Max Depth = 8<LI>Call Chain = ADC1_IRQHandler
</UL>
<BR>[Address Reference Count : 1]<UL><LI> startup_mk60d10.o(RESET)
</UL>
<P><STRONG><a name="[8d]"></a>ADC_Calibration</STRONG> (Thumb, 254 bytes, Stack size 12 bytes, adc.o(i.ADC_Calibration))
<BR><BR>[Stack]<UL><LI>Max Depth = 12<LI>Call Chain = ADC_Calibration
</UL>
<BR>[Called By]<UL><LI><a href="#[8c]">&gt;&gt;</a>&nbsp;&nbsp;&nbsp;ADC_Init
</UL>

<P><STRONG><a name="[91]"></a>ADC_ChlMuxConfig</STRONG> (Thumb, 48 bytes, Stack size 0 bytes, adc.o(i.ADC_ChlMuxConfig))
<BR><BR>[Called By]<UL><LI><a href="#[8e]">&gt;&gt;</a>&nbsp;&nbsp;&nbsp;ADC_QuickInit
</UL>

<P><STRONG><a name="[8c]"></a>ADC_Init</STRONG> (Thumb, 662 bytes, Stack size 8 bytes, adc.o(i.ADC_Init))
<BR><BR>[Stack]<UL><LI>Max Depth = 20<LI>Call Chain = ADC_Init &rArr; ADC_Calibration
</UL>
<BR>[Calls]<UL><LI><a href="#[8d]">&gt;&gt;</a>&nbsp;&nbsp;&nbsp;ADC_Calibration
</UL>
<BR>[Called By]<UL><LI><a href="#[8e]">&gt;&gt;</a>&nbsp;&nbsp;&nbsp;ADC_QuickInit
</UL>

<P><STRONG><a name="[8e]"></a>ADC_QuickInit</STRONG> (Thumb, 146 bytes, Stack size 40 bytes, adc.o(i.ADC_QuickInit))
<BR><BR>[Stack]<UL><LI>Max Depth = 60<LI>Call Chain = ADC_QuickInit &rArr; ADC_Init &rArr; ADC_Calibration
</UL>
<BR>[Calls]<UL><LI><a href="#[90]">&gt;&gt;</a>&nbsp;&nbsp;&nbsp;PORT_PinPullConfig
<LI><a href="#[8f]">&gt;&gt;</a>&nbsp;&nbsp;&nbsp;PORT_PinMuxConfig
<LI><a href="#[8c]">&gt;&gt;</a>&nbsp;&nbsp;&nbsp;ADC_Init
<LI><a href="#[91]">&gt;&gt;</a>&nbsp;&nbsp;&nbsp;ADC_ChlMuxConfig
</UL>
<BR>[Called By]<UL><LI><a href="#[95]">&gt;&gt;</a>&nbsp;&nbsp;&nbsp;All_Init
</UL>

<P><STRONG><a name="[92]"></a>ADC_QuickReadValue</STRONG> (Thumb, 54 bytes, Stack size 20 bytes, adc.o(i.ADC_QuickReadValue))
<BR><BR>[Stack]<UL><LI>Max Depth = 28<LI>Call Chain = ADC_QuickReadValue &rArr; ADC_StartConversion
</UL>
<BR>[Calls]<UL><LI><a href="#[93]">&gt;&gt;</a>&nbsp;&nbsp;&nbsp;ADC_StartConversion
<LI><a href="#[94]">&gt;&gt;</a>&nbsp;&nbsp;&nbsp;ADC_ReadValue
</UL>
<BR>[Called By]<UL><LI><a href="#[d1]">&gt;&gt;</a>&nbsp;&nbsp;&nbsp;charge
<LI><a href="#[b2]">&gt;&gt;</a>&nbsp;&nbsp;&nbsp;GetData
</UL>

<P><STRONG><a name="[94]"></a>ADC_ReadValue</STRONG> (Thumb, 16 bytes, Stack size 0 bytes, adc.o(i.ADC_ReadValue))
<BR><BR>[Called By]<UL><LI><a href="#[92]">&gt;&gt;</a>&nbsp;&nbsp;&nbsp;ADC_QuickReadValue
</UL>

<P><STRONG><a name="[93]"></a>ADC_StartConversion</STRONG> (Thumb, 54 bytes, Stack size 8 bytes, adc.o(i.ADC_StartConversion))
<BR><BR>[Stack]<UL><LI>Max Depth = 8<LI>Call Chain = ADC_StartConversion
</UL>
<BR>[Called By]<UL><LI><a href="#[92]">&gt;&gt;</a>&nbsp;&nbsp;&nbsp;ADC_QuickReadValue
</UL>

<P><STRONG><a name="[95]"></a>All_Init</STRONG> (Thumb, 290 bytes, Stack size 8 bytes, main_1.o(i.All_Init))
<BR><BR>[Stack]<UL><LI>Max Depth = 104<LI>Call Chain = All_Init &rArr; FTM_PWM_QuickInit &rArr; FTM_SetMode &rArr; FTM_DualChlConfig
</UL>
<BR>[Calls]<UL><LI><a href="#[96]">&gt;&gt;</a>&nbsp;&nbsp;&nbsp;DelayInit
<LI><a href="#[8e]">&gt;&gt;</a>&nbsp;&nbsp;&nbsp;ADC_QuickInit
<LI><a href="#[9f]">&gt;&gt;</a>&nbsp;&nbsp;&nbsp;GPIO_QuickInit
<LI><a href="#[9a]">&gt;&gt;</a>&nbsp;&nbsp;&nbsp;FTM_PWM_QuickInit
<LI><a href="#[9b]">&gt;&gt;</a>&nbsp;&nbsp;&nbsp;FTM_PWM_ChangeDuty
<LI><a href="#[9c]">&gt;&gt;</a>&nbsp;&nbsp;&nbsp;PIT_QuickInit
<LI><a href="#[9e]">&gt;&gt;</a>&nbsp;&nbsp;&nbsp;PIT_ITDMAConfig
<LI><a href="#[9d]">&gt;&gt;</a>&nbsp;&nbsp;&nbsp;PIT_CallbackInstall
<LI><a href="#[98]">&gt;&gt;</a>&nbsp;&nbsp;&nbsp;MainMenuInit
<LI><a href="#[99]">&gt;&gt;</a>&nbsp;&nbsp;&nbsp;OLED_init
<LI><a href="#[97]">&gt;&gt;</a>&nbsp;&nbsp;&nbsp;UART_QuickInit
</UL>
<BR>[Called By]<UL><LI><a href="#[83]">&gt;&gt;</a>&nbsp;&nbsp;&nbsp;main
</UL>

<P><STRONG><a name="[2a]"></a>CAN0_ORed_Message_buffer_IRQHandler</STRONG> (Thumb, 10 bytes, Stack size 8 bytes, can.o(i.CAN0_ORed_Message_buffer_IRQHandler))
<BR><BR>[Stack]<UL><LI>Max Depth = 16<LI>Call Chain = CAN0_ORed_Message_buffer_IRQHandler &rArr; CAN_IRQHandler
</UL>
<BR>[Calls]<UL><LI><a href="#[a0]">&gt;&gt;</a>&nbsp;&nbsp;&nbsp;CAN_IRQHandler
</UL>
<BR>[Address Reference Count : 1]<UL><LI> startup_mk60d10.o(RESET)
</UL>
<P><STRONG><a name="[32]"></a>CAN1_ORed_Message_buffer_IRQHandler</STRONG> (Thumb, 10 bytes, Stack size 8 bytes, can.o(i.CAN1_ORed_Message_buffer_IRQHandler))
<BR><BR>[Stack]<UL><LI>Max Depth = 16<LI>Call Chain = CAN1_ORed_Message_buffer_IRQHandler &rArr; CAN_IRQHandler
</UL>
<BR>[Calls]<UL><LI><a href="#[a0]">&gt;&gt;</a>&nbsp;&nbsp;&nbsp;CAN_IRQHandler
</UL>
<BR>[Address Reference Count : 1]<UL><LI> startup_mk60d10.o(RESET)
</UL>
<P><STRONG><a name="[a0]"></a>CAN_IRQHandler</STRONG> (Thumb, 22 bytes, Stack size 8 bytes, can.o(i.CAN_IRQHandler))
<BR><BR>[Stack]<UL><LI>Max Depth = 8<LI>Call Chain = CAN_IRQHandler
</UL>
<BR>[Called By]<UL><LI><a href="#[32]">&gt;&gt;</a>&nbsp;&nbsp;&nbsp;CAN1_ORed_Message_buffer_IRQHandler
<LI><a href="#[2a]">&gt;&gt;</a>&nbsp;&nbsp;&nbsp;CAN0_ORed_Message_buffer_IRQHandler
</UL>

<P><STRONG><a name="[5e]"></a>DAC0_IRQHandler</STRONG> (Thumb, 10 bytes, Stack size 8 bytes, dac.o(i.DAC0_IRQHandler))
<BR><BR>[Stack]<UL><LI>Max Depth = 24<LI>Call Chain = DAC0_IRQHandler &rArr; DAC_IRQHandler
</UL>
<BR>[Calls]<UL><LI><a href="#[a1]">&gt;&gt;</a>&nbsp;&nbsp;&nbsp;DAC_IRQHandler
</UL>
<BR>[Address Reference Count : 1]<UL><LI> startup_mk60d10.o(RESET)
</UL>
<P><STRONG><a name="[5f]"></a>DAC1_IRQHandler</STRONG> (Thumb, 10 bytes, Stack size 8 bytes, dac.o(i.DAC1_IRQHandler))
<BR><BR>[Stack]<UL><LI>Max Depth = 24<LI>Call Chain = DAC1_IRQHandler &rArr; DAC_IRQHandler
</UL>
<BR>[Calls]<UL><LI><a href="#[a1]">&gt;&gt;</a>&nbsp;&nbsp;&nbsp;DAC_IRQHandler
</UL>
<BR>[Address Reference Count : 1]<UL><LI> startup_mk60d10.o(RESET)
</UL>
<P><STRONG><a name="[d]"></a>DMA0_IRQHandler</STRONG> (Thumb, 10 bytes, Stack size 8 bytes, dma.o(i.DMA0_IRQHandler))
<BR><BR>[Stack]<UL><LI>Max Depth = 16<LI>Call Chain = DMA0_IRQHandler &rArr; DMA_IRQHandler
</UL>
<BR>[Calls]<UL><LI><a href="#[a2]">&gt;&gt;</a>&nbsp;&nbsp;&nbsp;DMA_IRQHandler
</UL>
<BR>[Address Reference Count : 1]<UL><LI> startup_mk60d10.o(RESET)
</UL>
<P><STRONG><a name="[17]"></a>DMA10_IRQHandler</STRONG> (Thumb, 10 bytes, Stack size 8 bytes, dma.o(i.DMA10_IRQHandler))
<BR><BR>[Stack]<UL><LI>Max Depth = 16<LI>Call Chain = DMA10_IRQHandler &rArr; DMA_IRQHandler
</UL>
<BR>[Calls]<UL><LI><a href="#[a2]">&gt;&gt;</a>&nbsp;&nbsp;&nbsp;DMA_IRQHandler
</UL>
<BR>[Address Reference Count : 1]<UL><LI> startup_mk60d10.o(RESET)
</UL>
<P><STRONG><a name="[18]"></a>DMA11_IRQHandler</STRONG> (Thumb, 10 bytes, Stack size 8 bytes, dma.o(i.DMA11_IRQHandler))
<BR><BR>[Stack]<UL><LI>Max Depth = 16<LI>Call Chain = DMA11_IRQHandler &rArr; DMA_IRQHandler
</UL>
<BR>[Calls]<UL><LI><a href="#[a2]">&gt;&gt;</a>&nbsp;&nbsp;&nbsp;DMA_IRQHandler
</UL>
<BR>[Address Reference Count : 1]<UL><LI> startup_mk60d10.o(RESET)
</UL>
<P><STRONG><a name="[19]"></a>DMA12_IRQHandler</STRONG> (Thumb, 10 bytes, Stack size 8 bytes, dma.o(i.DMA12_IRQHandler))
<BR><BR>[Stack]<UL><LI>Max Depth = 16<LI>Call Chain = DMA12_IRQHandler &rArr; DMA_IRQHandler
</UL>
<BR>[Calls]<UL><LI><a href="#[a2]">&gt;&gt;</a>&nbsp;&nbsp;&nbsp;DMA_IRQHandler
</UL>
<BR>[Address Reference Count : 1]<UL><LI> startup_mk60d10.o(RESET)
</UL>
<P><STRONG><a name="[1a]"></a>DMA13_IRQHandler</STRONG> (Thumb, 10 bytes, Stack size 8 bytes, dma.o(i.DMA13_IRQHandler))
<BR><BR>[Stack]<UL><LI>Max Depth = 16<LI>Call Chain = DMA13_IRQHandler &rArr; DMA_IRQHandler
</UL>
<BR>[Calls]<UL><LI><a href="#[a2]">&gt;&gt;</a>&nbsp;&nbsp;&nbsp;DMA_IRQHandler
</UL>
<BR>[Address Reference Count : 1]<UL><LI> startup_mk60d10.o(RESET)
</UL>
<P><STRONG><a name="[1b]"></a>DMA14_IRQHandler</STRONG> (Thumb, 10 bytes, Stack size 8 bytes, dma.o(i.DMA14_IRQHandler))
<BR><BR>[Stack]<UL><LI>Max Depth = 16<LI>Call Chain = DMA14_IRQHandler &rArr; DMA_IRQHandler
</UL>
<BR>[Calls]<UL><LI><a href="#[a2]">&gt;&gt;</a>&nbsp;&nbsp;&nbsp;DMA_IRQHandler
</UL>
<BR>[Address Reference Count : 1]<UL><LI> startup_mk60d10.o(RESET)
</UL>
<P><STRONG><a name="[1c]"></a>DMA15_IRQHandler</STRONG> (Thumb, 10 bytes, Stack size 8 bytes, dma.o(i.DMA15_IRQHandler))
<BR><BR>[Stack]<UL><LI>Max Depth = 16<LI>Call Chain = DMA15_IRQHandler &rArr; DMA_IRQHandler
</UL>
<BR>[Calls]<UL><LI><a href="#[a2]">&gt;&gt;</a>&nbsp;&nbsp;&nbsp;DMA_IRQHandler
</UL>
<BR>[Address Reference Count : 1]<UL><LI> startup_mk60d10.o(RESET)
</UL>
<P><STRONG><a name="[e]"></a>DMA1_IRQHandler</STRONG> (Thumb, 10 bytes, Stack size 8 bytes, dma.o(i.DMA1_IRQHandler))
<BR><BR>[Stack]<UL><LI>Max Depth = 16<LI>Call Chain = DMA1_IRQHandler &rArr; DMA_IRQHandler
</UL>
<BR>[Calls]<UL><LI><a href="#[a2]">&gt;&gt;</a>&nbsp;&nbsp;&nbsp;DMA_IRQHandler
</UL>
<BR>[Address Reference Count : 1]<UL><LI> startup_mk60d10.o(RESET)
</UL>
<P><STRONG><a name="[f]"></a>DMA2_IRQHandler</STRONG> (Thumb, 10 bytes, Stack size 8 bytes, dma.o(i.DMA2_IRQHandler))
<BR><BR>[Stack]<UL><LI>Max Depth = 16<LI>Call Chain = DMA2_IRQHandler &rArr; DMA_IRQHandler
</UL>
<BR>[Calls]<UL><LI><a href="#[a2]">&gt;&gt;</a>&nbsp;&nbsp;&nbsp;DMA_IRQHandler
</UL>
<BR>[Address Reference Count : 1]<UL><LI> startup_mk60d10.o(RESET)
</UL>
<P><STRONG><a name="[10]"></a>DMA3_IRQHandler</STRONG> (Thumb, 10 bytes, Stack size 8 bytes, dma.o(i.DMA3_IRQHandler))
<BR><BR>[Stack]<UL><LI>Max Depth = 16<LI>Call Chain = DMA3_IRQHandler &rArr; DMA_IRQHandler
</UL>
<BR>[Calls]<UL><LI><a href="#[a2]">&gt;&gt;</a>&nbsp;&nbsp;&nbsp;DMA_IRQHandler
</UL>
<BR>[Address Reference Count : 1]<UL><LI> startup_mk60d10.o(RESET)
</UL>
<P><STRONG><a name="[11]"></a>DMA4_IRQHandler</STRONG> (Thumb, 10 bytes, Stack size 8 bytes, dma.o(i.DMA4_IRQHandler))
<BR><BR>[Stack]<UL><LI>Max Depth = 16<LI>Call Chain = DMA4_IRQHandler &rArr; DMA_IRQHandler
</UL>
<BR>[Calls]<UL><LI><a href="#[a2]">&gt;&gt;</a>&nbsp;&nbsp;&nbsp;DMA_IRQHandler
</UL>
<BR>[Address Reference Count : 1]<UL><LI> startup_mk60d10.o(RESET)
</UL>
<P><STRONG><a name="[12]"></a>DMA5_IRQHandler</STRONG> (Thumb, 10 bytes, Stack size 8 bytes, dma.o(i.DMA5_IRQHandler))
<BR><BR>[Stack]<UL><LI>Max Depth = 16<LI>Call Chain = DMA5_IRQHandler &rArr; DMA_IRQHandler
</UL>
<BR>[Calls]<UL><LI><a href="#[a2]">&gt;&gt;</a>&nbsp;&nbsp;&nbsp;DMA_IRQHandler
</UL>
<BR>[Address Reference Count : 1]<UL><LI> startup_mk60d10.o(RESET)
</UL>
<P><STRONG><a name="[13]"></a>DMA6_IRQHandler</STRONG> (Thumb, 10 bytes, Stack size 8 bytes, dma.o(i.DMA6_IRQHandler))
<BR><BR>[Stack]<UL><LI>Max Depth = 16<LI>Call Chain = DMA6_IRQHandler &rArr; DMA_IRQHandler
</UL>
<BR>[Calls]<UL><LI><a href="#[a2]">&gt;&gt;</a>&nbsp;&nbsp;&nbsp;DMA_IRQHandler
</UL>
<BR>[Address Reference Count : 1]<UL><LI> startup_mk60d10.o(RESET)
</UL>
<P><STRONG><a name="[14]"></a>DMA7_IRQHandler</STRONG> (Thumb, 10 bytes, Stack size 8 bytes, dma.o(i.DMA7_IRQHandler))
<BR><BR>[Stack]<UL><LI>Max Depth = 16<LI>Call Chain = DMA7_IRQHandler &rArr; DMA_IRQHandler
</UL>
<BR>[Calls]<UL><LI><a href="#[a2]">&gt;&gt;</a>&nbsp;&nbsp;&nbsp;DMA_IRQHandler
</UL>
<BR>[Address Reference Count : 1]<UL><LI> startup_mk60d10.o(RESET)
</UL>
<P><STRONG><a name="[15]"></a>DMA8_IRQHandler</STRONG> (Thumb, 10 bytes, Stack size 8 bytes, dma.o(i.DMA8_IRQHandler))
<BR><BR>[Stack]<UL><LI>Max Depth = 16<LI>Call Chain = DMA8_IRQHandler &rArr; DMA_IRQHandler
</UL>
<BR>[Calls]<UL><LI><a href="#[a2]">&gt;&gt;</a>&nbsp;&nbsp;&nbsp;DMA_IRQHandler
</UL>
<BR>[Address Reference Count : 1]<UL><LI> startup_mk60d10.o(RESET)
</UL>
<P><STRONG><a name="[16]"></a>DMA9_IRQHandler</STRONG> (Thumb, 10 bytes, Stack size 8 bytes, dma.o(i.DMA9_IRQHandler))
<BR><BR>[Stack]<UL><LI>Max Depth = 16<LI>Call Chain = DMA9_IRQHandler &rArr; DMA_IRQHandler
</UL>
<BR>[Calls]<UL><LI><a href="#[a2]">&gt;&gt;</a>&nbsp;&nbsp;&nbsp;DMA_IRQHandler
</UL>
<BR>[Address Reference Count : 1]<UL><LI> startup_mk60d10.o(RESET)
</UL>
<P><STRONG><a name="[a5]"></a>DWT_DelayInit</STRONG> (Thumb, 26 bytes, Stack size 0 bytes, common.o(i.DWT_DelayInit))
<BR><BR>[Called By]<UL><LI><a href="#[96]">&gt;&gt;</a>&nbsp;&nbsp;&nbsp;DelayInit
</UL>

<P><STRONG><a name="[a3]"></a>DWT_DelayMs</STRONG> (Thumb, 18 bytes, Stack size 8 bytes, common.o(i.DWT_DelayMs))
<BR><BR>[Stack]<UL><LI>Max Depth = 20<LI>Call Chain = DWT_DelayMs &rArr; DWT_DelayUs
</UL>
<BR>[Calls]<UL><LI><a href="#[a4]">&gt;&gt;</a>&nbsp;&nbsp;&nbsp;DWT_DelayUs
</UL>
<BR>[Called By]<UL><LI><a href="#[a6]">&gt;&gt;</a>&nbsp;&nbsp;&nbsp;DelayMs
<LI><a href="#[c1]">&gt;&gt;</a>&nbsp;&nbsp;&nbsp;Menu
</UL>

<P><STRONG><a name="[a4]"></a>DWT_DelayUs</STRONG> (Thumb, 62 bytes, Stack size 12 bytes, common.o(i.DWT_DelayUs))
<BR><BR>[Stack]<UL><LI>Max Depth = 12<LI>Call Chain = DWT_DelayUs
</UL>
<BR>[Called By]<UL><LI><a href="#[a3]">&gt;&gt;</a>&nbsp;&nbsp;&nbsp;DWT_DelayMs
</UL>

<P><STRONG><a name="[96]"></a>DelayInit</STRONG> (Thumb, 8 bytes, Stack size 4 bytes, common.o(i.DelayInit))
<BR><BR>[Stack]<UL><LI>Max Depth = 4<LI>Call Chain = DelayInit
</UL>
<BR>[Calls]<UL><LI><a href="#[a5]">&gt;&gt;</a>&nbsp;&nbsp;&nbsp;DWT_DelayInit
</UL>
<BR>[Called By]<UL><LI><a href="#[95]">&gt;&gt;</a>&nbsp;&nbsp;&nbsp;All_Init
</UL>

<P><STRONG><a name="[a6]"></a>DelayMs</STRONG> (Thumb, 12 bytes, Stack size 8 bytes, common.o(i.DelayMs))
<BR><BR>[Stack]<UL><LI>Max Depth = 28<LI>Call Chain = DelayMs &rArr; DWT_DelayMs &rArr; DWT_DelayUs
</UL>
<BR>[Calls]<UL><LI><a href="#[a3]">&gt;&gt;</a>&nbsp;&nbsp;&nbsp;DWT_DelayMs
</UL>
<BR>[Called By]<UL><LI><a href="#[c0]">&gt;&gt;</a>&nbsp;&nbsp;&nbsp;KEY_Scan
</UL>

<P><STRONG><a name="[5a]"></a>ENET_Receive_IRQHandler</STRONG> (Thumb, 28 bytes, Stack size 8 bytes, enet.o(i.ENET_Receive_IRQHandler))
<BR><BR>[Stack]<UL><LI>Max Depth = 8<LI>Call Chain = ENET_Receive_IRQHandler
</UL>
<BR>[Address Reference Count : 1]<UL><LI> startup_mk60d10.o(RESET)
</UL>
<P><STRONG><a name="[59]"></a>ENET_Transmit_IRQHandler</STRONG> (Thumb, 28 bytes, Stack size 8 bytes, enet.o(i.ENET_Transmit_IRQHandler))
<BR><BR>[Stack]<UL><LI>Max Depth = 8<LI>Call Chain = ENET_Transmit_IRQHandler
</UL>
<BR>[Address Reference Count : 1]<UL><LI> startup_mk60d10.o(RESET)
</UL>
<P><STRONG><a name="[4b]"></a>FTM0_IRQHandler</STRONG> (Thumb, 10 bytes, Stack size 8 bytes, ftm.o(i.FTM0_IRQHandler))
<BR><BR>[Stack]<UL><LI>Max Depth = 24<LI>Call Chain = FTM0_IRQHandler &rArr; FTM_IRQHandler
</UL>
<BR>[Calls]<UL><LI><a href="#[a7]">&gt;&gt;</a>&nbsp;&nbsp;&nbsp;FTM_IRQHandler
</UL>
<BR>[Address Reference Count : 1]<UL><LI> startup_mk60d10.o(RESET)
</UL>
<P><STRONG><a name="[4c]"></a>FTM1_IRQHandler</STRONG> (Thumb, 10 bytes, Stack size 8 bytes, ftm.o(i.FTM1_IRQHandler))
<BR><BR>[Stack]<UL><LI>Max Depth = 24<LI>Call Chain = FTM1_IRQHandler &rArr; FTM_IRQHandler
</UL>
<BR>[Calls]<UL><LI><a href="#[a7]">&gt;&gt;</a>&nbsp;&nbsp;&nbsp;FTM_IRQHandler
</UL>
<BR>[Address Reference Count : 1]<UL><LI> startup_mk60d10.o(RESET)
</UL>
<P><STRONG><a name="[4d]"></a>FTM2_IRQHandler</STRONG> (Thumb, 10 bytes, Stack size 8 bytes, ftm.o(i.FTM2_IRQHandler))
<BR><BR>[Stack]<UL><LI>Max Depth = 24<LI>Call Chain = FTM2_IRQHandler &rArr; FTM_IRQHandler
</UL>
<BR>[Calls]<UL><LI><a href="#[a7]">&gt;&gt;</a>&nbsp;&nbsp;&nbsp;FTM_IRQHandler
</UL>
<BR>[Address Reference Count : 1]<UL><LI> startup_mk60d10.o(RESET)
</UL>
<P><STRONG><a name="[a7]"></a>FTM_IRQHandler</STRONG> (Thumb, 118 bytes, Stack size 16 bytes, ftm.o(i.FTM_IRQHandler))
<BR><BR>[Stack]<UL><LI>Max Depth = 16<LI>Call Chain = FTM_IRQHandler
</UL>
<BR>[Called By]<UL><LI><a href="#[4d]">&gt;&gt;</a>&nbsp;&nbsp;&nbsp;FTM2_IRQHandler
<LI><a href="#[4c]">&gt;&gt;</a>&nbsp;&nbsp;&nbsp;FTM1_IRQHandler
<LI><a href="#[4b]">&gt;&gt;</a>&nbsp;&nbsp;&nbsp;FTM0_IRQHandler
</UL>

<P><STRONG><a name="[9b]"></a>FTM_PWM_ChangeDuty</STRONG> (Thumb, 150 bytes, Stack size 16 bytes, ftm.o(i.FTM_PWM_ChangeDuty))
<BR><BR>[Stack]<UL><LI>Max Depth = 16<LI>Call Chain = FTM_PWM_ChangeDuty
</UL>
<BR>[Called By]<UL><LI><a href="#[9a]">&gt;&gt;</a>&nbsp;&nbsp;&nbsp;FTM_PWM_QuickInit
<LI><a href="#[95]">&gt;&gt;</a>&nbsp;&nbsp;&nbsp;All_Init
<LI><a href="#[d1]">&gt;&gt;</a>&nbsp;&nbsp;&nbsp;charge
<LI><a href="#[cb]">&gt;&gt;</a>&nbsp;&nbsp;&nbsp;PID_realize
</UL>

<P><STRONG><a name="[ad]"></a>FTM_PWM_InvertPolarity</STRONG> (Thumb, 132 bytes, Stack size 8 bytes, ftm.o(i.FTM_PWM_InvertPolarity))
<BR><BR>[Stack]<UL><LI>Max Depth = 8<LI>Call Chain = FTM_PWM_InvertPolarity
</UL>
<BR>[Called By]<UL><LI><a href="#[ac]">&gt;&gt;</a>&nbsp;&nbsp;&nbsp;FTM_SetMode
</UL>

<P><STRONG><a name="[9a]"></a>FTM_PWM_QuickInit</STRONG> (Thumb, 452 bytes, Stack size 56 bytes, ftm.o(i.FTM_PWM_QuickInit))
<BR><BR>[Stack]<UL><LI>Max Depth = 96<LI>Call Chain = FTM_PWM_QuickInit &rArr; FTM_SetMode &rArr; FTM_DualChlConfig
</UL>
<BR>[Calls]<UL><LI><a href="#[aa]">&gt;&gt;</a>&nbsp;&nbsp;&nbsp;GetClock
<LI><a href="#[8f]">&gt;&gt;</a>&nbsp;&nbsp;&nbsp;PORT_PinMuxConfig
<LI><a href="#[9b]">&gt;&gt;</a>&nbsp;&nbsp;&nbsp;FTM_PWM_ChangeDuty
<LI><a href="#[ab]">&gt;&gt;</a>&nbsp;&nbsp;&nbsp;_FTM_InitBasic
<LI><a href="#[ac]">&gt;&gt;</a>&nbsp;&nbsp;&nbsp;FTM_SetMode
</UL>
<BR>[Called By]<UL><LI><a href="#[95]">&gt;&gt;</a>&nbsp;&nbsp;&nbsp;All_Init
</UL>

<P><STRONG><a name="[ae]"></a>GPIO_Init</STRONG> (Thumb, 196 bytes, Stack size 8 bytes, gpio.o(i.GPIO_Init))
<BR><BR>[Stack]<UL><LI>Max Depth = 16<LI>Call Chain = GPIO_Init &rArr; PORT_PinPullConfig
</UL>
<BR>[Calls]<UL><LI><a href="#[90]">&gt;&gt;</a>&nbsp;&nbsp;&nbsp;PORT_PinPullConfig
<LI><a href="#[8f]">&gt;&gt;</a>&nbsp;&nbsp;&nbsp;PORT_PinMuxConfig
<LI><a href="#[b0]">&gt;&gt;</a>&nbsp;&nbsp;&nbsp;GPIO_PinConfig
<LI><a href="#[af]">&gt;&gt;</a>&nbsp;&nbsp;&nbsp;PORT_PinOpenDrainConfig
</UL>
<BR>[Called By]<UL><LI><a href="#[9f]">&gt;&gt;</a>&nbsp;&nbsp;&nbsp;GPIO_QuickInit
</UL>

<P><STRONG><a name="[b0]"></a>GPIO_PinConfig</STRONG> (Thumb, 70 bytes, Stack size 8 bytes, gpio.o(i.GPIO_PinConfig))
<BR><BR>[Stack]<UL><LI>Max Depth = 8<LI>Call Chain = GPIO_PinConfig
</UL>
<BR>[Called By]<UL><LI><a href="#[ae]">&gt;&gt;</a>&nbsp;&nbsp;&nbsp;GPIO_Init
</UL>

<P><STRONG><a name="[9f]"></a>GPIO_QuickInit</STRONG> (Thumb, 30 bytes, Stack size 24 bytes, gpio.o(i.GPIO_QuickInit))
<BR><BR>[Stack]<UL><LI>Max Depth = 40<LI>Call Chain = GPIO_QuickInit &rArr; GPIO_Init &rArr; PORT_PinPullConfig
</UL>
<BR>[Calls]<UL><LI><a href="#[ae]">&gt;&gt;</a>&nbsp;&nbsp;&nbsp;GPIO_Init
</UL>
<BR>[Called By]<UL><LI><a href="#[95]">&gt;&gt;</a>&nbsp;&nbsp;&nbsp;All_Init
<LI><a href="#[99]">&gt;&gt;</a>&nbsp;&nbsp;&nbsp;OLED_init
</UL>

<P><STRONG><a name="[aa]"></a>GetClock</STRONG> (Thumb, 104 bytes, Stack size 16 bytes, common.o(i.GetClock))
<BR><BR>[Stack]<UL><LI>Max Depth = 16<LI>Call Chain = GetClock
</UL>
<BR>[Calls]<UL><LI><a href="#[b1]">&gt;&gt;</a>&nbsp;&nbsp;&nbsp;SystemCoreClockUpdate
</UL>
<BR>[Called By]<UL><LI><a href="#[9a]">&gt;&gt;</a>&nbsp;&nbsp;&nbsp;FTM_PWM_QuickInit
<LI><a href="#[d2]">&gt;&gt;</a>&nbsp;&nbsp;&nbsp;PIT_Init
<LI><a href="#[d6]">&gt;&gt;</a>&nbsp;&nbsp;&nbsp;UART_Init
</UL>

<P><STRONG><a name="[b2]"></a>GetData</STRONG> (Thumb, 534 bytes, Stack size 16 bytes, control.o(i.GetData))
<BR><BR>[Stack]<UL><LI>Max Depth = 44<LI>Call Chain = GetData &rArr; ADC_QuickReadValue &rArr; ADC_StartConversion
</UL>
<BR>[Calls]<UL><LI><a href="#[92]">&gt;&gt;</a>&nbsp;&nbsp;&nbsp;ADC_QuickReadValue
<LI><a href="#[b4]">&gt;&gt;</a>&nbsp;&nbsp;&nbsp;__aeabi_fmul
<LI><a href="#[b3]">&gt;&gt;</a>&nbsp;&nbsp;&nbsp;__aeabi_i2f
<LI><a href="#[b6]">&gt;&gt;</a>&nbsp;&nbsp;&nbsp;__aeabi_fdiv
<LI><a href="#[b5]">&gt;&gt;</a>&nbsp;&nbsp;&nbsp;__aeabi_fadd
</UL>
<BR>[Called By]<UL><LI><a href="#[78]">&gt;&gt;</a>&nbsp;&nbsp;&nbsp;PIT_ISR
</UL>

<P><STRONG><a name="[b7]"></a>Judge</STRONG> (Thumb, 1404 bytes, Stack size 24 bytes, control.o(i.Judge))
<BR><BR>[Stack]<UL><LI>Max Depth = 56<LI>Call Chain = Judge &rArr; __aeabi_cdcmple
</UL>
<BR>[Calls]<UL><LI><a href="#[b9]">&gt;&gt;</a>&nbsp;&nbsp;&nbsp;__aeabi_cfrcmple
<LI><a href="#[bc]">&gt;&gt;</a>&nbsp;&nbsp;&nbsp;__aeabi_cfcmple
<LI><a href="#[ba]">&gt;&gt;</a>&nbsp;&nbsp;&nbsp;__aeabi_f2iz
<LI><a href="#[b8]">&gt;&gt;</a>&nbsp;&nbsp;&nbsp;__aeabi_cfcmpeq
<LI><a href="#[bb]">&gt;&gt;</a>&nbsp;&nbsp;&nbsp;__aeabi_fsub
<LI><a href="#[b5]">&gt;&gt;</a>&nbsp;&nbsp;&nbsp;__aeabi_fadd
<LI><a href="#[bd]">&gt;&gt;</a>&nbsp;&nbsp;&nbsp;__aeabi_f2d
<LI><a href="#[bf]">&gt;&gt;</a>&nbsp;&nbsp;&nbsp;__aeabi_cdcmple
<LI><a href="#[be]">&gt;&gt;</a>&nbsp;&nbsp;&nbsp;__aeabi_cdcmpeq
</UL>
<BR>[Called By]<UL><LI><a href="#[78]">&gt;&gt;</a>&nbsp;&nbsp;&nbsp;PIT_ISR
</UL>

<P><STRONG><a name="[c0]"></a>KEY_Scan</STRONG> (Thumb, 252 bytes, Stack size 8 bytes, key.o(i.KEY_Scan))
<BR><BR>[Stack]<UL><LI>Max Depth = 36<LI>Call Chain = KEY_Scan &rArr; DelayMs &rArr; DWT_DelayMs &rArr; DWT_DelayUs
</UL>
<BR>[Calls]<UL><LI><a href="#[a6]">&gt;&gt;</a>&nbsp;&nbsp;&nbsp;DelayMs
</UL>
<BR>[Called By]<UL><LI><a href="#[c1]">&gt;&gt;</a>&nbsp;&nbsp;&nbsp;Menu
</UL>

<P><STRONG><a name="[62]"></a>LPTimer_IRQHandler</STRONG> (Thumb, 28 bytes, Stack size 8 bytes, lptmr.o(i.LPTimer_IRQHandler))
<BR><BR>[Stack]<UL><LI>Max Depth = 8<LI>Call Chain = LPTimer_IRQHandler
</UL>
<BR>[Address Reference Count : 1]<UL><LI> startup_mk60d10.o(RESET)
</UL>
<P><STRONG><a name="[98]"></a>MainMenuInit</STRONG> (Thumb, 226 bytes, Stack size 0 bytes, menu.o(i.MainMenuInit))
<BR><BR>[Called By]<UL><LI><a href="#[95]">&gt;&gt;</a>&nbsp;&nbsp;&nbsp;All_Init
</UL>

<P><STRONG><a name="[c1]"></a>Menu</STRONG> (Thumb, 424 bytes, Stack size 8 bytes, menu.o(i.Menu))
<BR><BR>[Stack]<UL><LI>Max Depth = 88<LI>Call Chain = Menu &rArr; ShowMenu &rArr; OLED_display_number_6x8 &rArr; OLED_display_string_6x8 &rArr; OLED_write_char_6x8 &rArr; OLED_write_byte
</UL>
<BR>[Calls]<UL><LI><a href="#[a3]">&gt;&gt;</a>&nbsp;&nbsp;&nbsp;DWT_DelayMs
<LI><a href="#[b4]">&gt;&gt;</a>&nbsp;&nbsp;&nbsp;__aeabi_fmul
<LI><a href="#[bb]">&gt;&gt;</a>&nbsp;&nbsp;&nbsp;__aeabi_fsub
<LI><a href="#[b5]">&gt;&gt;</a>&nbsp;&nbsp;&nbsp;__aeabi_fadd
<LI><a href="#[c3]">&gt;&gt;</a>&nbsp;&nbsp;&nbsp;ShowMenu
<LI><a href="#[c0]">&gt;&gt;</a>&nbsp;&nbsp;&nbsp;KEY_Scan
<LI><a href="#[c2]">&gt;&gt;</a>&nbsp;&nbsp;&nbsp;OLED_fill_ram
</UL>
<BR>[Called By]<UL><LI><a href="#[83]">&gt;&gt;</a>&nbsp;&nbsp;&nbsp;main
</UL>

<P><STRONG><a name="[4]"></a>NMI_Handler</STRONG> (Thumb, 8 bytes, Stack size 8 bytes, common.o(i.NMI_Handler))
<BR><BR>[Stack]<UL><LI>Max Depth = 8<LI>Call Chain = NMI_Handler
</UL>
<BR>[Calls]<UL><LI><a href="#[c4]">&gt;&gt;</a>&nbsp;&nbsp;&nbsp;NMI_isr
</UL>
<BR>[Address Reference Count : 1]<UL><LI> startup_mk60d10.o(RESET)
</UL>
<P><STRONG><a name="[c4]"></a>NMI_isr</STRONG> (Thumb, 2 bytes, Stack size 0 bytes, common.o(i.NMI_isr))
<BR><BR>[Called By]<UL><LI><a href="#[4]">&gt;&gt;</a>&nbsp;&nbsp;&nbsp;NMI_Handler
</UL>

<P><STRONG><a name="[79]"></a>NullSubs</STRONG> (Thumb, 2 bytes, Stack size 0 bytes, menu.o(i.NullSubs))
<BR>[Address Reference Count : 1]<UL><LI> menu.o(i.MainMenuInit)
</UL>
<P><STRONG><a name="[c5]"></a>OLED_display_number_6x8</STRONG> (Thumb, 36 bytes, Stack size 24 bytes, oled.o(i.OLED_display_number_6x8))
<BR><BR>[Stack]<UL><LI>Max Depth = 64<LI>Call Chain = OLED_display_number_6x8 &rArr; OLED_display_string_6x8 &rArr; OLED_write_char_6x8 &rArr; OLED_write_byte
</UL>
<BR>[Calls]<UL><LI><a href="#[c6]">&gt;&gt;</a>&nbsp;&nbsp;&nbsp;int16_to_string
<LI><a href="#[c7]">&gt;&gt;</a>&nbsp;&nbsp;&nbsp;OLED_display_string_6x8
</UL>
<BR>[Called By]<UL><LI><a href="#[c3]">&gt;&gt;</a>&nbsp;&nbsp;&nbsp;ShowMenu
</UL>

<P><STRONG><a name="[c7]"></a>OLED_display_string_6x8</STRONG> (Thumb, 34 bytes, Stack size 16 bytes, oled.o(i.OLED_display_string_6x8))
<BR><BR>[Stack]<UL><LI>Max Depth = 40<LI>Call Chain = OLED_display_string_6x8 &rArr; OLED_write_char_6x8 &rArr; OLED_write_byte
</UL>
<BR>[Calls]<UL><LI><a href="#[c9]">&gt;&gt;</a>&nbsp;&nbsp;&nbsp;OLED_write_char_6x8
<LI><a href="#[c8]">&gt;&gt;</a>&nbsp;&nbsp;&nbsp;OLED_set_pos
</UL>
<BR>[Called By]<UL><LI><a href="#[c3]">&gt;&gt;</a>&nbsp;&nbsp;&nbsp;ShowMenu
<LI><a href="#[c5]">&gt;&gt;</a>&nbsp;&nbsp;&nbsp;OLED_display_number_6x8
</UL>

<P><STRONG><a name="[c2]"></a>OLED_fill_ram</STRONG> (Thumb, 66 bytes, Stack size 16 bytes, oled.o(i.OLED_fill_ram))
<BR><BR>[Stack]<UL><LI>Max Depth = 24<LI>Call Chain = OLED_fill_ram &rArr; OLED_write_byte
</UL>
<BR>[Calls]<UL><LI><a href="#[ca]">&gt;&gt;</a>&nbsp;&nbsp;&nbsp;OLED_write_byte
</UL>
<BR>[Called By]<UL><LI><a href="#[c1]">&gt;&gt;</a>&nbsp;&nbsp;&nbsp;Menu
<LI><a href="#[99]">&gt;&gt;</a>&nbsp;&nbsp;&nbsp;OLED_init
</UL>

<P><STRONG><a name="[99]"></a>OLED_init</STRONG> (Thumb, 218 bytes, Stack size 8 bytes, oled.o(i.OLED_init))
<BR><BR>[Stack]<UL><LI>Max Depth = 48<LI>Call Chain = OLED_init &rArr; GPIO_QuickInit &rArr; GPIO_Init &rArr; PORT_PinPullConfig
</UL>
<BR>[Calls]<UL><LI><a href="#[9f]">&gt;&gt;</a>&nbsp;&nbsp;&nbsp;GPIO_QuickInit
<LI><a href="#[ca]">&gt;&gt;</a>&nbsp;&nbsp;&nbsp;OLED_write_byte
<LI><a href="#[c2]">&gt;&gt;</a>&nbsp;&nbsp;&nbsp;OLED_fill_ram
</UL>
<BR>[Called By]<UL><LI><a href="#[95]">&gt;&gt;</a>&nbsp;&nbsp;&nbsp;All_Init
</UL>

<P><STRONG><a name="[c8]"></a>OLED_set_pos</STRONG> (Thumb, 42 bytes, Stack size 12 bytes, oled.o(i.OLED_set_pos))
<BR><BR>[Stack]<UL><LI>Max Depth = 20<LI>Call Chain = OLED_set_pos &rArr; OLED_write_byte
</UL>
<BR>[Calls]<UL><LI><a href="#[ca]">&gt;&gt;</a>&nbsp;&nbsp;&nbsp;OLED_write_byte
</UL>
<BR>[Called By]<UL><LI><a href="#[c7]">&gt;&gt;</a>&nbsp;&nbsp;&nbsp;OLED_display_string_6x8
</UL>

<P><STRONG><a name="[ca]"></a>OLED_write_byte</STRONG> (Thumb, 56 bytes, Stack size 8 bytes, oled.o(i.OLED_write_byte))
<BR><BR>[Stack]<UL><LI>Max Depth = 8<LI>Call Chain = OLED_write_byte
</UL>
<BR>[Called By]<UL><LI><a href="#[c9]">&gt;&gt;</a>&nbsp;&nbsp;&nbsp;OLED_write_char_6x8
<LI><a href="#[c8]">&gt;&gt;</a>&nbsp;&nbsp;&nbsp;OLED_set_pos
<LI><a href="#[99]">&gt;&gt;</a>&nbsp;&nbsp;&nbsp;OLED_init
<LI><a href="#[c2]">&gt;&gt;</a>&nbsp;&nbsp;&nbsp;OLED_fill_ram
</UL>

<P><STRONG><a name="[c9]"></a>OLED_write_char_6x8</STRONG> (Thumb, 42 bytes, Stack size 16 bytes, oled.o(i.OLED_write_char_6x8))
<BR><BR>[Stack]<UL><LI>Max Depth = 24<LI>Call Chain = OLED_write_char_6x8 &rArr; OLED_write_byte
</UL>
<BR>[Calls]<UL><LI><a href="#[ca]">&gt;&gt;</a>&nbsp;&nbsp;&nbsp;OLED_write_byte
</UL>
<BR>[Called By]<UL><LI><a href="#[c7]">&gt;&gt;</a>&nbsp;&nbsp;&nbsp;OLED_display_string_6x8
</UL>

<P><STRONG><a name="[55]"></a>PDB0_IRQHandler</STRONG> (Thumb, 28 bytes, Stack size 8 bytes, pdb.o(i.PDB0_IRQHandler))
<BR><BR>[Stack]<UL><LI>Max Depth = 8<LI>Call Chain = PDB0_IRQHandler
</UL>
<BR>[Address Reference Count : 1]<UL><LI> startup_mk60d10.o(RESET)
</UL>
<P><STRONG><a name="[cb]"></a>PID_realize</STRONG> (Thumb, 1802 bytes, Stack size 56 bytes, control.o(i.PID_realize))
<BR><BR>[Stack]<UL><LI>Max Depth = 88<LI>Call Chain = PID_realize &rArr; __aeabi_dmul
</UL>
<BR>[Calls]<UL><LI><a href="#[9b]">&gt;&gt;</a>&nbsp;&nbsp;&nbsp;FTM_PWM_ChangeDuty
<LI><a href="#[b9]">&gt;&gt;</a>&nbsp;&nbsp;&nbsp;__aeabi_cfrcmple
<LI><a href="#[b4]">&gt;&gt;</a>&nbsp;&nbsp;&nbsp;__aeabi_fmul
<LI><a href="#[bc]">&gt;&gt;</a>&nbsp;&nbsp;&nbsp;__aeabi_cfcmple
<LI><a href="#[cf]">&gt;&gt;</a>&nbsp;&nbsp;&nbsp;__aeabi_f2uiz
<LI><a href="#[b8]">&gt;&gt;</a>&nbsp;&nbsp;&nbsp;__aeabi_cfcmpeq
<LI><a href="#[b6]">&gt;&gt;</a>&nbsp;&nbsp;&nbsp;__aeabi_fdiv
<LI><a href="#[bb]">&gt;&gt;</a>&nbsp;&nbsp;&nbsp;__aeabi_fsub
<LI><a href="#[b5]">&gt;&gt;</a>&nbsp;&nbsp;&nbsp;__aeabi_fadd
<LI><a href="#[bd]">&gt;&gt;</a>&nbsp;&nbsp;&nbsp;__aeabi_f2d
<LI><a href="#[cc]">&gt;&gt;</a>&nbsp;&nbsp;&nbsp;__aeabi_dmul
<LI><a href="#[be]">&gt;&gt;</a>&nbsp;&nbsp;&nbsp;__aeabi_cdcmpeq
<LI><a href="#[cd]">&gt;&gt;</a>&nbsp;&nbsp;&nbsp;__aeabi_dadd
<LI><a href="#[ce]">&gt;&gt;</a>&nbsp;&nbsp;&nbsp;__aeabi_d2f
</UL>
<BR>[Called By]<UL><LI><a href="#[78]">&gt;&gt;</a>&nbsp;&nbsp;&nbsp;PIT_ISR
</UL>

<P><STRONG><a name="[51]"></a>PIT0_IRQHandler</STRONG> (Thumb, 10 bytes, Stack size 8 bytes, pit.o(i.PIT0_IRQHandler))
<BR><BR>[Stack]<UL><LI>Max Depth = 16<LI>Call Chain = PIT0_IRQHandler &rArr; PIT_IRQHandler
</UL>
<BR>[Calls]<UL><LI><a href="#[d0]">&gt;&gt;</a>&nbsp;&nbsp;&nbsp;PIT_IRQHandler
</UL>
<BR>[Address Reference Count : 1]<UL><LI> startup_mk60d10.o(RESET)
</UL>
<P><STRONG><a name="[52]"></a>PIT1_IRQHandler</STRONG> (Thumb, 10 bytes, Stack size 8 bytes, pit.o(i.PIT1_IRQHandler))
<BR><BR>[Stack]<UL><LI>Max Depth = 16<LI>Call Chain = PIT1_IRQHandler &rArr; PIT_IRQHandler
</UL>
<BR>[Calls]<UL><LI><a href="#[d0]">&gt;&gt;</a>&nbsp;&nbsp;&nbsp;PIT_IRQHandler
</UL>
<BR>[Address Reference Count : 1]<UL><LI> startup_mk60d10.o(RESET)
</UL>
<P><STRONG><a name="[53]"></a>PIT2_IRQHandler</STRONG> (Thumb, 10 bytes, Stack size 8 bytes, pit.o(i.PIT2_IRQHandler))
<BR><BR>[Stack]<UL><LI>Max Depth = 16<LI>Call Chain = PIT2_IRQHandler &rArr; PIT_IRQHandler
</UL>
<BR>[Calls]<UL><LI><a href="#[d0]">&gt;&gt;</a>&nbsp;&nbsp;&nbsp;PIT_IRQHandler
</UL>
<BR>[Address Reference Count : 1]<UL><LI> startup_mk60d10.o(RESET)
</UL>
<P><STRONG><a name="[54]"></a>PIT3_IRQHandler</STRONG> (Thumb, 10 bytes, Stack size 8 bytes, pit.o(i.PIT3_IRQHandler))
<BR><BR>[Stack]<UL><LI>Max Depth = 16<LI>Call Chain = PIT3_IRQHandler &rArr; PIT_IRQHandler
</UL>
<BR>[Calls]<UL><LI><a href="#[d0]">&gt;&gt;</a>&nbsp;&nbsp;&nbsp;PIT_IRQHandler
</UL>
<BR>[Address Reference Count : 1]<UL><LI> startup_mk60d10.o(RESET)
</UL>
<P><STRONG><a name="[9d]"></a>PIT_CallbackInstall</STRONG> (Thumb, 22 bytes, Stack size 0 bytes, pit.o(i.PIT_CallbackInstall))
<BR><BR>[Called By]<UL><LI><a href="#[95]">&gt;&gt;</a>&nbsp;&nbsp;&nbsp;All_Init
</UL>

<P><STRONG><a name="[9e]"></a>PIT_ITDMAConfig</STRONG> (Thumb, 114 bytes, Stack size 12 bytes, pit.o(i.PIT_ITDMAConfig))
<BR><BR>[Stack]<UL><LI>Max Depth = 12<LI>Call Chain = PIT_ITDMAConfig
</UL>
<BR>[Called By]<UL><LI><a href="#[95]">&gt;&gt;</a>&nbsp;&nbsp;&nbsp;All_Init
</UL>

<P><STRONG><a name="[d2]"></a>PIT_Init</STRONG> (Thumb, 94 bytes, Stack size 8 bytes, pit.o(i.PIT_Init))
<BR><BR>[Stack]<UL><LI>Max Depth = 24<LI>Call Chain = PIT_Init &rArr; GetClock
</UL>
<BR>[Calls]<UL><LI><a href="#[aa]">&gt;&gt;</a>&nbsp;&nbsp;&nbsp;GetClock
</UL>
<BR>[Called By]<UL><LI><a href="#[9c]">&gt;&gt;</a>&nbsp;&nbsp;&nbsp;PIT_QuickInit
</UL>

<P><STRONG><a name="[9c]"></a>PIT_QuickInit</STRONG> (Thumb, 20 bytes, Stack size 24 bytes, pit.o(i.PIT_QuickInit))
<BR><BR>[Stack]<UL><LI>Max Depth = 48<LI>Call Chain = PIT_QuickInit &rArr; PIT_Init &rArr; GetClock
</UL>
<BR>[Calls]<UL><LI><a href="#[d2]">&gt;&gt;</a>&nbsp;&nbsp;&nbsp;PIT_Init
</UL>
<BR>[Called By]<UL><LI><a href="#[95]">&gt;&gt;</a>&nbsp;&nbsp;&nbsp;All_Init
</UL>

<P><STRONG><a name="[64]"></a>PORTA_IRQHandler</STRONG> (Thumb, 10 bytes, Stack size 8 bytes, gpio.o(i.PORTA_IRQHandler))
<BR><BR>[Stack]<UL><LI>Max Depth = 24<LI>Call Chain = PORTA_IRQHandler &rArr; PORT_IRQHandler
</UL>
<BR>[Calls]<UL><LI><a href="#[d3]">&gt;&gt;</a>&nbsp;&nbsp;&nbsp;PORT_IRQHandler
</UL>
<BR>[Address Reference Count : 1]<UL><LI> startup_mk60d10.o(RESET)
</UL>
<P><STRONG><a name="[65]"></a>PORTB_IRQHandler</STRONG> (Thumb, 10 bytes, Stack size 8 bytes, gpio.o(i.PORTB_IRQHandler))
<BR><BR>[Stack]<UL><LI>Max Depth = 24<LI>Call Chain = PORTB_IRQHandler &rArr; PORT_IRQHandler
</UL>
<BR>[Calls]<UL><LI><a href="#[d3]">&gt;&gt;</a>&nbsp;&nbsp;&nbsp;PORT_IRQHandler
</UL>
<BR>[Address Reference Count : 1]<UL><LI> startup_mk60d10.o(RESET)
</UL>
<P><STRONG><a name="[66]"></a>PORTC_IRQHandler</STRONG> (Thumb, 10 bytes, Stack size 8 bytes, gpio.o(i.PORTC_IRQHandler))
<BR><BR>[Stack]<UL><LI>Max Depth = 24<LI>Call Chain = PORTC_IRQHandler &rArr; PORT_IRQHandler
</UL>
<BR>[Calls]<UL><LI><a href="#[d3]">&gt;&gt;</a>&nbsp;&nbsp;&nbsp;PORT_IRQHandler
</UL>
<BR>[Address Reference Count : 1]<UL><LI> startup_mk60d10.o(RESET)
</UL>
<P><STRONG><a name="[67]"></a>PORTD_IRQHandler</STRONG> (Thumb, 10 bytes, Stack size 8 bytes, gpio.o(i.PORTD_IRQHandler))
<BR><BR>[Stack]<UL><LI>Max Depth = 24<LI>Call Chain = PORTD_IRQHandler &rArr; PORT_IRQHandler
</UL>
<BR>[Calls]<UL><LI><a href="#[d3]">&gt;&gt;</a>&nbsp;&nbsp;&nbsp;PORT_IRQHandler
</UL>
<BR>[Address Reference Count : 1]<UL><LI> startup_mk60d10.o(RESET)
</UL>
<P><STRONG><a name="[68]"></a>PORTE_IRQHandler</STRONG> (Thumb, 10 bytes, Stack size 8 bytes, gpio.o(i.PORTE_IRQHandler))
<BR><BR>[Stack]<UL><LI>Max Depth = 24<LI>Call Chain = PORTE_IRQHandler &rArr; PORT_IRQHandler
</UL>
<BR>[Calls]<UL><LI><a href="#[d3]">&gt;&gt;</a>&nbsp;&nbsp;&nbsp;PORT_IRQHandler
</UL>
<BR>[Address Reference Count : 1]<UL><LI> startup_mk60d10.o(RESET)
</UL>
<P><STRONG><a name="[8f]"></a>PORT_PinMuxConfig</STRONG> (Thumb, 74 bytes, Stack size 8 bytes, gpio.o(i.PORT_PinMuxConfig))
<BR><BR>[Stack]<UL><LI>Max Depth = 8<LI>Call Chain = PORT_PinMuxConfig
</UL>
<BR>[Called By]<UL><LI><a href="#[8e]">&gt;&gt;</a>&nbsp;&nbsp;&nbsp;ADC_QuickInit
<LI><a href="#[ae]">&gt;&gt;</a>&nbsp;&nbsp;&nbsp;GPIO_Init
<LI><a href="#[9a]">&gt;&gt;</a>&nbsp;&nbsp;&nbsp;FTM_PWM_QuickInit
<LI><a href="#[97]">&gt;&gt;</a>&nbsp;&nbsp;&nbsp;UART_QuickInit
</UL>

<P><STRONG><a name="[af]"></a>PORT_PinOpenDrainConfig</STRONG> (Thumb, 72 bytes, Stack size 8 bytes, gpio.o(i.PORT_PinOpenDrainConfig))
<BR><BR>[Stack]<UL><LI>Max Depth = 8<LI>Call Chain = PORT_PinOpenDrainConfig
</UL>
<BR>[Called By]<UL><LI><a href="#[ae]">&gt;&gt;</a>&nbsp;&nbsp;&nbsp;GPIO_Init
</UL>

<P><STRONG><a name="[90]"></a>PORT_PinPullConfig</STRONG> (Thumb, 162 bytes, Stack size 8 bytes, gpio.o(i.PORT_PinPullConfig))
<BR><BR>[Stack]<UL><LI>Max Depth = 8<LI>Call Chain = PORT_PinPullConfig
</UL>
<BR>[Called By]<UL><LI><a href="#[8e]">&gt;&gt;</a>&nbsp;&nbsp;&nbsp;ADC_QuickInit
<LI><a href="#[ae]">&gt;&gt;</a>&nbsp;&nbsp;&nbsp;GPIO_Init
</UL>

<P><STRONG><a name="[4f]"></a>RTC_IRQHandler</STRONG> (Thumb, 72 bytes, Stack size 8 bytes, rtc.o(i.RTC_IRQHandler))
<BR><BR>[Stack]<UL><LI>Max Depth = 8<LI>Call Chain = RTC_IRQHandler
</UL>
<BR>[Address Reference Count : 1]<UL><LI> startup_mk60d10.o(RESET)
</UL>
<P><STRONG><a name="[27]"></a>SPI0_IRQHandler</STRONG> (Thumb, 10 bytes, Stack size 8 bytes, spi.o(i.SPI0_IRQHandler))
<BR><BR>[Stack]<UL><LI>Max Depth = 16<LI>Call Chain = SPI0_IRQHandler &rArr; SPI_IRQHandler
</UL>
<BR>[Calls]<UL><LI><a href="#[d4]">&gt;&gt;</a>&nbsp;&nbsp;&nbsp;SPI_IRQHandler
</UL>
<BR>[Address Reference Count : 1]<UL><LI> startup_mk60d10.o(RESET)
</UL>
<P><STRONG><a name="[28]"></a>SPI1_IRQHandler</STRONG> (Thumb, 10 bytes, Stack size 8 bytes, spi.o(i.SPI1_IRQHandler))
<BR><BR>[Stack]<UL><LI>Max Depth = 16<LI>Call Chain = SPI1_IRQHandler &rArr; SPI_IRQHandler
</UL>
<BR>[Calls]<UL><LI><a href="#[d4]">&gt;&gt;</a>&nbsp;&nbsp;&nbsp;SPI_IRQHandler
</UL>
<BR>[Address Reference Count : 1]<UL><LI> startup_mk60d10.o(RESET)
</UL>
<P><STRONG><a name="[29]"></a>SPI2_IRQHandler</STRONG> (Thumb, 10 bytes, Stack size 8 bytes, spi.o(i.SPI2_IRQHandler))
<BR><BR>[Stack]<UL><LI>Max Depth = 16<LI>Call Chain = SPI2_IRQHandler &rArr; SPI_IRQHandler
</UL>
<BR>[Calls]<UL><LI><a href="#[d4]">&gt;&gt;</a>&nbsp;&nbsp;&nbsp;SPI_IRQHandler
</UL>
<BR>[Address Reference Count : 1]<UL><LI> startup_mk60d10.o(RESET)
</UL>
<P><STRONG><a name="[c3]"></a>ShowMenu</STRONG> (Thumb, 388 bytes, Stack size 16 bytes, menu.o(i.ShowMenu))
<BR><BR>[Stack]<UL><LI>Max Depth = 80<LI>Call Chain = ShowMenu &rArr; OLED_display_number_6x8 &rArr; OLED_display_string_6x8 &rArr; OLED_write_char_6x8 &rArr; OLED_write_byte
</UL>
<BR>[Calls]<UL><LI><a href="#[ba]">&gt;&gt;</a>&nbsp;&nbsp;&nbsp;__aeabi_f2iz
<LI><a href="#[c7]">&gt;&gt;</a>&nbsp;&nbsp;&nbsp;OLED_display_string_6x8
<LI><a href="#[c5]">&gt;&gt;</a>&nbsp;&nbsp;&nbsp;OLED_display_number_6x8
</UL>
<BR>[Called By]<UL><LI><a href="#[c1]">&gt;&gt;</a>&nbsp;&nbsp;&nbsp;Menu
</UL>

<P><STRONG><a name="[b1]"></a>SystemCoreClockUpdate</STRONG> (Thumb, 324 bytes, Stack size 0 bytes, system_mk60d10.o(i.SystemCoreClockUpdate))
<BR><BR>[Called By]<UL><LI><a href="#[aa]">&gt;&gt;</a>&nbsp;&nbsp;&nbsp;GetClock
</UL>

<P><STRONG><a name="[76]"></a>SystemInit</STRONG> (Thumb, 88 bytes, Stack size 0 bytes, system_mk60d10.o(i.SystemInit))
<BR>[Address Reference Count : 1]<UL><LI> startup_mk60d10.o(.text)
</UL>
<P><STRONG><a name="[60]"></a>TSI0_IRQHandler</STRONG> (Thumb, 38 bytes, Stack size 8 bytes, tsi.o(i.TSI0_IRQHandler))
<BR><BR>[Stack]<UL><LI>Max Depth = 8<LI>Call Chain = TSI0_IRQHandler
</UL>
<BR>[Address Reference Count : 1]<UL><LI> startup_mk60d10.o(RESET)
</UL>
<P><STRONG><a name="[3a]"></a>UART0_RX_TX_IRQHandler</STRONG> (Thumb, 10 bytes, Stack size 8 bytes, uart.o(i.UART0_RX_TX_IRQHandler))
<BR><BR>[Stack]<UL><LI>Max Depth = 24<LI>Call Chain = UART0_RX_TX_IRQHandler &rArr; UART_IRQ_Handler
</UL>
<BR>[Calls]<UL><LI><a href="#[d5]">&gt;&gt;</a>&nbsp;&nbsp;&nbsp;UART_IRQ_Handler
</UL>
<BR>[Address Reference Count : 1]<UL><LI> startup_mk60d10.o(RESET)
</UL>
<P><STRONG><a name="[3c]"></a>UART1_RX_TX_IRQHandler</STRONG> (Thumb, 10 bytes, Stack size 8 bytes, uart.o(i.UART1_RX_TX_IRQHandler))
<BR><BR>[Stack]<UL><LI>Max Depth = 24<LI>Call Chain = UART1_RX_TX_IRQHandler &rArr; UART_IRQ_Handler
</UL>
<BR>[Calls]<UL><LI><a href="#[d5]">&gt;&gt;</a>&nbsp;&nbsp;&nbsp;UART_IRQ_Handler
</UL>
<BR>[Address Reference Count : 1]<UL><LI> startup_mk60d10.o(RESET)
</UL>
<P><STRONG><a name="[3e]"></a>UART2_RX_TX_IRQHandler</STRONG> (Thumb, 10 bytes, Stack size 8 bytes, uart.o(i.UART2_RX_TX_IRQHandler))
<BR><BR>[Stack]<UL><LI>Max Depth = 24<LI>Call Chain = UART2_RX_TX_IRQHandler &rArr; UART_IRQ_Handler
</UL>
<BR>[Calls]<UL><LI><a href="#[d5]">&gt;&gt;</a>&nbsp;&nbsp;&nbsp;UART_IRQ_Handler
</UL>
<BR>[Address Reference Count : 1]<UL><LI> startup_mk60d10.o(RESET)
</UL>
<P><STRONG><a name="[40]"></a>UART3_RX_TX_IRQHandler</STRONG> (Thumb, 10 bytes, Stack size 8 bytes, uart.o(i.UART3_RX_TX_IRQHandler))
<BR><BR>[Stack]<UL><LI>Max Depth = 24<LI>Call Chain = UART3_RX_TX_IRQHandler &rArr; UART_IRQ_Handler
</UL>
<BR>[Calls]<UL><LI><a href="#[d5]">&gt;&gt;</a>&nbsp;&nbsp;&nbsp;UART_IRQ_Handler
</UL>
<BR>[Address Reference Count : 1]<UL><LI> startup_mk60d10.o(RESET)
</UL>
<P><STRONG><a name="[42]"></a>UART4_RX_TX_IRQHandler</STRONG> (Thumb, 10 bytes, Stack size 8 bytes, uart.o(i.UART4_RX_TX_IRQHandler))
<BR><BR>[Stack]<UL><LI>Max Depth = 24<LI>Call Chain = UART4_RX_TX_IRQHandler &rArr; UART_IRQ_Handler
</UL>
<BR>[Calls]<UL><LI><a href="#[d5]">&gt;&gt;</a>&nbsp;&nbsp;&nbsp;UART_IRQ_Handler
</UL>
<BR>[Address Reference Count : 1]<UL><LI> startup_mk60d10.o(RESET)
</UL>
<P><STRONG><a name="[44]"></a>UART5_RX_TX_IRQHandler</STRONG> (Thumb, 10 bytes, Stack size 8 bytes, uart.o(i.UART5_RX_TX_IRQHandler))
<BR><BR>[Stack]<UL><LI>Max Depth = 24<LI>Call Chain = UART5_RX_TX_IRQHandler &rArr; UART_IRQ_Handler
</UL>
[...]
</UL>
<BR>[Called By]<UL><LI><a href="#[d1]">&gt;&gt;</a>&nbsp;&nbsp;&nbsp;charge
<LI><a href="#[cb]">&gt;&gt;</a>&nbsp;&nbsp;&nbsp;PID_realize
</UL>

<P><STRONG><a name="[da]"></a>_d2f</STRONG> (Thumb, 98 bytes, Stack size 32 bytes, d2f.o(x$fpl$d2f), UNUSED)
<BR><BR>[Calls]<UL><LI><a href="#[db]">&gt;&gt;</a>&nbsp;&nbsp;&nbsp;__fpl_fretinf
<LI><a href="#[dc]">&gt;&gt;</a>&nbsp;&nbsp;&nbsp;__fpl_dnaninf
</UL>

<P><STRONG><a name="[cd]"></a>__aeabi_dadd</STRONG> (Thumb, 0 bytes, Stack size 16 bytes, daddsub_clz.o(x$fpl$dadd))
<BR><BR>[Stack]<UL><LI>Max Depth = 16<LI>Call Chain = __aeabi_dadd
</UL>
<BR>[Called By]<UL><LI><a href="#[d1]">&gt;&gt;</a>&nbsp;&nbsp;&nbsp;charge
<LI><a href="#[cb]">&gt;&gt;</a>&nbsp;&nbsp;&nbsp;PID_realize
</UL>

<P><STRONG><a name="[dd]"></a>_dadd</STRONG> (Thumb, 332 bytes, Stack size 16 bytes, daddsub_clz.o(x$fpl$dadd), UNUSED)
<BR><BR>[Calls]<UL><LI><a href="#[df]">&gt;&gt;</a>&nbsp;&nbsp;&nbsp;__fpl_dretinf
<LI><a href="#[dc]">&gt;&gt;</a>&nbsp;&nbsp;&nbsp;__fpl_dnaninf
<LI><a href="#[de]">&gt;&gt;</a>&nbsp;&nbsp;&nbsp;_dsub1
</UL>

<P><STRONG><a name="[e2]"></a>__fpl_dcmp_Inf</STRONG> (Thumb, 24 bytes, Stack size 0 bytes, dcmpi.o(x$fpl$dcmpinf), UNUSED)
<BR><BR>[Called By]<UL><LI><a href="#[e3]">&gt;&gt;</a>&nbsp;&nbsp;&nbsp;_dcmple
<LI><a href="#[e1]">&gt;&gt;</a>&nbsp;&nbsp;&nbsp;_dcmpeq
</UL>

<P><STRONG><a name="[d9]"></a>__aeabi_ddiv</STRONG> (Thumb, 0 bytes, Stack size 32 bytes, ddiv.o(x$fpl$ddiv))
<BR><BR>[Stack]<UL><LI>Max Depth = 32<LI>Call Chain = __aeabi_ddiv
</UL>
<BR>[Called By]<UL><LI><a href="#[d1]">&gt;&gt;</a>&nbsp;&nbsp;&nbsp;charge
</UL>

<P><STRONG><a name="[e0]"></a>_ddiv</STRONG> (Thumb, 552 bytes, Stack size 32 bytes, ddiv.o(x$fpl$ddiv), UNUSED)
<BR><BR>[Calls]<UL><LI><a href="#[df]">&gt;&gt;</a>&nbsp;&nbsp;&nbsp;__fpl_dretinf
<LI><a href="#[dc]">&gt;&gt;</a>&nbsp;&nbsp;&nbsp;__fpl_dnaninf
</UL>

<P><STRONG><a name="[be]"></a>__aeabi_cdcmpeq</STRONG> (Thumb, 0 bytes, Stack size 32 bytes, deqf.o(x$fpl$deqf))
<BR><BR>[Stack]<UL><LI>Max Depth = 32<LI>Call Chain = __aeabi_cdcmpeq
</UL>
<BR>[Called By]<UL><LI><a href="#[cb]">&gt;&gt;</a>&nbsp;&nbsp;&nbsp;PID_realize
<LI><a href="#[b7]">&gt;&gt;</a>&nbsp;&nbsp;&nbsp;Judge
</UL>

<P><STRONG><a name="[e1]"></a>_dcmpeq</STRONG> (Thumb, 120 bytes, Stack size 32 bytes, deqf.o(x$fpl$deqf), UNUSED)
<BR><BR>[Calls]<UL><LI><a href="#[dc]">&gt;&gt;</a>&nbsp;&nbsp;&nbsp;__fpl_dnaninf
<LI><a href="#[e2]">&gt;&gt;</a>&nbsp;&nbsp;&nbsp;__fpl_dcmp_Inf
</UL>

<P><STRONG><a name="[bf]"></a>__aeabi_cdcmple</STRONG> (Thumb, 0 bytes, Stack size 32 bytes, dleqf.o(x$fpl$dleqf))
<BR><BR>[Stack]<UL><LI>Max Depth = 32<LI>Call Chain = __aeabi_cdcmple
</UL>
<BR>[Called By]<UL><LI><a href="#[b7]">&gt;&gt;</a>&nbsp;&nbsp;&nbsp;Judge
</UL>

<P><STRONG><a name="[e3]"></a>_dcmple</STRONG> (Thumb, 120 bytes, Stack size 32 bytes, dleqf.o(x$fpl$dleqf), UNUSED)
<BR><BR>[Calls]<UL><LI><a href="#[dc]">&gt;&gt;</a>&nbsp;&nbsp;&nbsp;__fpl_dnaninf
<LI><a href="#[e2]">&gt;&gt;</a>&nbsp;&nbsp;&nbsp;__fpl_dcmp_Inf
</UL>

<P><STRONG><a name="[123]"></a>__fpl_dcmple_InfNaN</STRONG> (Thumb, 0 bytes, Stack size unknown bytes, dleqf.o(x$fpl$dleqf), UNUSED)

<P><STRONG><a name="[cc]"></a>__aeabi_dmul</STRONG> (Thumb, 0 bytes, Stack size 32 bytes, dmul.o(x$fpl$dmul))
<BR><BR>[Stack]<UL><LI>Max Depth = 32<LI>Call Chain = __aeabi_dmul
</UL>
<BR>[Called By]<UL><LI><a href="#[d1]">&gt;&gt;</a>&nbsp;&nbsp;&nbsp;charge
<LI><a href="#[cb]">&gt;&gt;</a>&nbsp;&nbsp;&nbsp;PID_realize
</UL>

<P><STRONG><a name="[e4]"></a>_dmul</STRONG> (Thumb, 332 bytes, Stack size 32 bytes, dmul.o(x$fpl$dmul), UNUSED)
<BR><BR>[Calls]<UL><LI><a href="#[df]">&gt;&gt;</a>&nbsp;&nbsp;&nbsp;__fpl_dretinf
<LI><a href="#[dc]">&gt;&gt;</a>&nbsp;&nbsp;&nbsp;__fpl_dnaninf
</UL>

<P><STRONG><a name="[dc]"></a>__fpl_dnaninf</STRONG> (Thumb, 156 bytes, Stack size 16 bytes, dnaninf.o(x$fpl$dnaninf), UNUSED)
<BR><BR>[Called By]<UL><LI><a href="#[e4]">&gt;&gt;</a>&nbsp;&nbsp;&nbsp;_dmul
<LI><a href="#[e3]">&gt;&gt;</a>&nbsp;&nbsp;&nbsp;_dcmple
<LI><a href="#[e1]">&gt;&gt;</a>&nbsp;&nbsp;&nbsp;_dcmpeq
<LI><a href="#[e0]">&gt;&gt;</a>&nbsp;&nbsp;&nbsp;_ddiv
<LI><a href="#[e5]">&gt;&gt;</a>&nbsp;&nbsp;&nbsp;_dsub
<LI><a href="#[dd]">&gt;&gt;</a>&nbsp;&nbsp;&nbsp;_dadd
<LI><a href="#[da]">&gt;&gt;</a>&nbsp;&nbsp;&nbsp;_d2f
</UL>

<P><STRONG><a name="[df]"></a>__fpl_dretinf</STRONG> (Thumb, 12 bytes, Stack size 0 bytes, dretinf.o(x$fpl$dretinf), UNUSED)
<BR><BR>[Called By]<UL><LI><a href="#[e7]">&gt;&gt;</a>&nbsp;&nbsp;&nbsp;_f2d
<LI><a href="#[e4]">&gt;&gt;</a>&nbsp;&nbsp;&nbsp;_dmul
<LI><a href="#[e0]">&gt;&gt;</a>&nbsp;&nbsp;&nbsp;_ddiv
<LI><a href="#[dd]">&gt;&gt;</a>&nbsp;&nbsp;&nbsp;_dadd
</UL>

<P><STRONG><a name="[124]"></a>__aeabi_dsub</STRONG> (Thumb, 0 bytes, Stack size 32 bytes, daddsub_clz.o(x$fpl$dsub), UNUSED)

<P><STRONG><a name="[e5]"></a>_dsub</STRONG> (Thumb, 464 bytes, Stack size 32 bytes, daddsub_clz.o(x$fpl$dsub), UNUSED)
<BR><BR>[Calls]<UL><LI><a href="#[dc]">&gt;&gt;</a>&nbsp;&nbsp;&nbsp;__fpl_dnaninf
<LI><a href="#[e6]">&gt;&gt;</a>&nbsp;&nbsp;&nbsp;_dadd1
</UL>

<P><STRONG><a name="[bd]"></a>__aeabi_f2d</STRONG> (Thumb, 0 bytes, Stack size 16 bytes, f2d.o(x$fpl$f2d))
<BR><BR>[Stack]<UL><LI>Max Depth = 16<LI>Call Chain = __aeabi_f2d
</UL>
<BR>[Called By]<UL><LI><a href="#[d1]">&gt;&gt;</a>&nbsp;&nbsp;&nbsp;charge
<LI><a href="#[cb]">&gt;&gt;</a>&nbsp;&nbsp;&nbsp;PID_realize
<LI><a href="#[b7]">&gt;&gt;</a>&nbsp;&nbsp;&nbsp;Judge
</UL>

<P><STRONG><a name="[e7]"></a>_f2d</STRONG> (Thumb, 86 bytes, Stack size 16 bytes, f2d.o(x$fpl$f2d), UNUSED)
<BR><BR>[Calls]<UL><LI><a href="#[e8]">&gt;&gt;</a>&nbsp;&nbsp;&nbsp;__fpl_fnaninf
<LI><a href="#[df]">&gt;&gt;</a>&nbsp;&nbsp;&nbsp;__fpl_dretinf
</UL>

<P><STRONG><a name="[b5]"></a>__aeabi_fadd</STRONG> (Thumb, 0 bytes, Stack size 16 bytes, faddsub_clz.o(x$fpl$fadd))
<BR><BR>[Stack]<UL><LI>Max Depth = 16<LI>Call Chain = __aeabi_fadd
</UL>
<BR>[Called By]<UL><LI><a href="#[c1]">&gt;&gt;</a>&nbsp;&nbsp;&nbsp;Menu
<LI><a href="#[d1]">&gt;&gt;</a>&nbsp;&nbsp;&nbsp;charge
<LI><a href="#[cb]">&gt;&gt;</a>&nbsp;&nbsp;&nbsp;PID_realize
<LI><a href="#[b7]">&gt;&gt;</a>&nbsp;&nbsp;&nbsp;Judge
<LI><a href="#[b2]">&gt;&gt;</a>&nbsp;&nbsp;&nbsp;GetData
</UL>

<P><STRONG><a name="[e9]"></a>_fadd</STRONG> (Thumb, 196 bytes, Stack size 16 bytes, faddsub_clz.o(x$fpl$fadd), UNUSED)
<BR><BR>[Calls]<UL><LI><a href="#[db]">&gt;&gt;</a>&nbsp;&nbsp;&nbsp;__fpl_fretinf
<LI><a href="#[e8]">&gt;&gt;</a>&nbsp;&nbsp;&nbsp;__fpl_fnaninf
<LI><a href="#[ea]">&gt;&gt;</a>&nbsp;&nbsp;&nbsp;_fsub1
</UL>

<P><STRONG><a name="[ed]"></a>__fpl_fcmp_Inf</STRONG> (Thumb, 24 bytes, Stack size 0 bytes, fcmpi.o(x$fpl$fcmpinf), UNUSED)
<BR><BR>[Called By]<UL><LI><a href="#[f0]">&gt;&gt;</a>&nbsp;&nbsp;&nbsp;_fcmple
<LI><a href="#[ec]">&gt;&gt;</a>&nbsp;&nbsp;&nbsp;_fcmpeq
</UL>

<P><STRONG><a name="[b6]"></a>__aeabi_fdiv</STRONG> (Thumb, 0 bytes, Stack size 16 bytes, fdiv.o(x$fpl$fdiv))
<BR><BR>[Stack]<UL><LI>Max Depth = 16<LI>Call Chain = __aeabi_fdiv
</UL>
<BR>[Called By]<UL><LI><a href="#[d1]">&gt;&gt;</a>&nbsp;&nbsp;&nbsp;charge
<LI><a href="#[cb]">&gt;&gt;</a>&nbsp;&nbsp;&nbsp;PID_realize
<LI><a href="#[b2]">&gt;&gt;</a>&nbsp;&nbsp;&nbsp;GetData
</UL>

<P><STRONG><a name="[eb]"></a>_fdiv</STRONG> (Thumb, 384 bytes, Stack size 16 bytes, fdiv.o(x$fpl$fdiv), UNUSED)
<BR><BR>[Calls]<UL><LI><a href="#[db]">&gt;&gt;</a>&nbsp;&nbsp;&nbsp;__fpl_fretinf
<LI><a href="#[e8]">&gt;&gt;</a>&nbsp;&nbsp;&nbsp;__fpl_fnaninf
</UL>

<P><STRONG><a name="[b8]"></a>__aeabi_cfcmpeq</STRONG> (Thumb, 0 bytes, Stack size 16 bytes, feqf.o(x$fpl$feqf))
<BR><BR>[Stack]<UL><LI>Max Depth = 16<LI>Call Chain = __aeabi_cfcmpeq
</UL>
<BR>[Called By]<UL><LI><a href="#[cb]">&gt;&gt;</a>&nbsp;&nbsp;&nbsp;PID_realize
<LI><a href="#[b7]">&gt;&gt;</a>&nbsp;&nbsp;&nbsp;Judge
</UL>

<P><STRONG><a name="[ec]"></a>_fcmpeq</STRONG> (Thumb, 104 bytes, Stack size 16 bytes, feqf.o(x$fpl$feqf), UNUSED)
<BR><BR>[Calls]<UL><LI><a href="#[e8]">&gt;&gt;</a>&nbsp;&nbsp;&nbsp;__fpl_fnaninf
<LI><a href="#[ed]">&gt;&gt;</a>&nbsp;&nbsp;&nbsp;__fpl_fcmp_Inf
</UL>

<P><STRONG><a name="[ba]"></a>__aeabi_f2iz</STRONG> (Thumb, 0 bytes, Stack size 16 bytes, ffix.o(x$fpl$ffix))
<BR><BR>[Stack]<UL><LI>Max Depth = 16<LI>Call Chain = __aeabi_f2iz
</UL>
<BR>[Called By]<UL><LI><a href="#[c3]">&gt;&gt;</a>&nbsp;&nbsp;&nbsp;ShowMenu
<LI><a href="#[b7]">&gt;&gt;</a>&nbsp;&nbsp;&nbsp;Judge
</UL>

<P><STRONG><a name="[ee]"></a>_ffix</STRONG> (Thumb, 54 bytes, Stack size 16 bytes, ffix.o(x$fpl$ffix), UNUSED)
<BR><BR>[Calls]<UL><LI><a href="#[e8]">&gt;&gt;</a>&nbsp;&nbsp;&nbsp;__fpl_fnaninf
</UL>

<P><STRONG><a name="[cf]"></a>__aeabi_f2uiz</STRONG> (Thumb, 0 bytes, Stack size 16 bytes, ffixu.o(x$fpl$ffixu))
<BR><BR>[Stack]<UL><LI>Max Depth = 16<LI>Call Chain = __aeabi_f2uiz
</UL>
<BR>[Called By]<UL><LI><a href="#[d1]">&gt;&gt;</a>&nbsp;&nbsp;&nbsp;charge
<LI><a href="#[cb]">&gt;&gt;</a>&nbsp;&nbsp;&nbsp;PID_realize
</UL>

<P><STRONG><a name="[ef]"></a>_ffixu</STRONG> (Thumb, 62 bytes, Stack size 16 bytes, ffixu.o(x$fpl$ffixu), UNUSED)
<BR><BR>[Calls]<UL><LI><a href="#[e8]">&gt;&gt;</a>&nbsp;&nbsp;&nbsp;__fpl_fnaninf
</UL>

<P><STRONG><a name="[b3]"></a>__aeabi_i2f</STRONG> (Thumb, 0 bytes, Stack size 0 bytes, fflt_clz.o(x$fpl$fflt))
<BR><BR>[Called By]<UL><LI><a href="#[d1]">&gt;&gt;</a>&nbsp;&nbsp;&nbsp;charge
<LI><a href="#[b2]">&gt;&gt;</a>&nbsp;&nbsp;&nbsp;GetData
</UL>

<P><STRONG><a name="[125]"></a>_fflt</STRONG> (Thumb, 48 bytes, Stack size 0 bytes, fflt_clz.o(x$fpl$fflt), UNUSED)

<P><STRONG><a name="[bc]"></a>__aeabi_cfcmple</STRONG> (Thumb, 0 bytes, Stack size 16 bytes, fleqf.o(x$fpl$fleqf))
<BR><BR>[Stack]<UL><LI>Max Depth = 16<LI>Call Chain = __aeabi_cfcmple
</UL>
<BR>[Called By]<UL><LI><a href="#[d1]">&gt;&gt;</a>&nbsp;&nbsp;&nbsp;charge
<LI><a href="#[cb]">&gt;&gt;</a>&nbsp;&nbsp;&nbsp;PID_realize
<LI><a href="#[b7]">&gt;&gt;</a>&nbsp;&nbsp;&nbsp;Judge
</UL>

<P><STRONG><a name="[f0]"></a>_fcmple</STRONG> (Thumb, 104 bytes, Stack size 16 bytes, fleqf.o(x$fpl$fleqf), UNUSED)
<BR><BR>[Calls]<UL><LI><a href="#[e8]">&gt;&gt;</a>&nbsp;&nbsp;&nbsp;__fpl_fnaninf
<LI><a href="#[ed]">&gt;&gt;</a>&nbsp;&nbsp;&nbsp;__fpl_fcmp_Inf
</UL>

<P><STRONG><a name="[f3]"></a>__fpl_fcmple_InfNaN</STRONG> (Thumb, 0 bytes, Stack size unknown bytes, fleqf.o(x$fpl$fleqf), UNUSED)
<BR><BR>[Called By]<UL><LI><a href="#[f2]">&gt;&gt;</a>&nbsp;&nbsp;&nbsp;_frcmple
</UL>

<P><STRONG><a name="[b4]"></a>__aeabi_fmul</STRONG> (Thumb, 0 bytes, Stack size 16 bytes, fmul.o(x$fpl$fmul))
<BR><BR>[Stack]<UL><LI>Max Depth = 16<LI>Call Chain = __aeabi_fmul
</UL>
<BR>[Called By]<UL><LI><a href="#[c1]">&gt;&gt;</a>&nbsp;&nbsp;&nbsp;Menu
<LI><a href="#[d1]">&gt;&gt;</a>&nbsp;&nbsp;&nbsp;charge
<LI><a href="#[cb]">&gt;&gt;</a>&nbsp;&nbsp;&nbsp;PID_realize
<LI><a href="#[b2]">&gt;&gt;</a>&nbsp;&nbsp;&nbsp;GetData
</UL>

<P><STRONG><a name="[f1]"></a>_fmul</STRONG> (Thumb, 258 bytes, Stack size 16 bytes, fmul.o(x$fpl$fmul), UNUSED)
<BR><BR>[Calls]<UL><LI><a href="#[db]">&gt;&gt;</a>&nbsp;&nbsp;&nbsp;__fpl_fretinf
<LI><a href="#[e8]">&gt;&gt;</a>&nbsp;&nbsp;&nbsp;__fpl_fnaninf
</UL>

<P><STRONG><a name="[e8]"></a>__fpl_fnaninf</STRONG> (Thumb, 140 bytes, Stack size 8 bytes, fnaninf.o(x$fpl$fnaninf), UNUSED)
<BR><BR>[Called By]<UL><LI><a href="#[f1]">&gt;&gt;</a>&nbsp;&nbsp;&nbsp;_fmul
<LI><a href="#[f0]">&gt;&gt;</a>&nbsp;&nbsp;&nbsp;_fcmple
<LI><a href="#[ef]">&gt;&gt;</a>&nbsp;&nbsp;&nbsp;_ffixu
<LI><a href="#[ee]">&gt;&gt;</a>&nbsp;&nbsp;&nbsp;_ffix
<LI><a href="#[ec]">&gt;&gt;</a>&nbsp;&nbsp;&nbsp;_fcmpeq
<LI><a href="#[eb]">&gt;&gt;</a>&nbsp;&nbsp;&nbsp;_fdiv
<LI><a href="#[f4]">&gt;&gt;</a>&nbsp;&nbsp;&nbsp;_fsub
<LI><a href="#[e9]">&gt;&gt;</a>&nbsp;&nbsp;&nbsp;_fadd
<LI><a href="#[e7]">&gt;&gt;</a>&nbsp;&nbsp;&nbsp;_f2d
</UL>

<P><STRONG><a name="[db]"></a>__fpl_fretinf</STRONG> (Thumb, 10 bytes, Stack size 0 bytes, fretinf.o(x$fpl$fretinf), UNUSED)
<BR><BR>[Called By]<UL><LI><a href="#[f1]">&gt;&gt;</a>&nbsp;&nbsp;&nbsp;_fmul
<LI><a href="#[eb]">&gt;&gt;</a>&nbsp;&nbsp;&nbsp;_fdiv
<LI><a href="#[e9]">&gt;&gt;</a>&nbsp;&nbsp;&nbsp;_fadd
<LI><a href="#[da]">&gt;&gt;</a>&nbsp;&nbsp;&nbsp;_d2f
</UL>

<P><STRONG><a name="[b9]"></a>__aeabi_cfrcmple</STRONG> (Thumb, 0 bytes, Stack size 0 bytes, frleqf.o(x$fpl$frleqf))
<BR><BR>[Called By]<UL><LI><a href="#[d1]">&gt;&gt;</a>&nbsp;&nbsp;&nbsp;charge
<LI><a href="#[cb]">&gt;&gt;</a>&nbsp;&nbsp;&nbsp;PID_realize
<LI><a href="#[b7]">&gt;&gt;</a>&nbsp;&nbsp;&nbsp;Judge
</UL>

<P><STRONG><a name="[f2]"></a>_frcmple</STRONG> (Thumb, 98 bytes, Stack size 0 bytes, frleqf.o(x$fpl$frleqf), UNUSED)
<BR><BR>[Calls]<UL><LI><a href="#[f3]">&gt;&gt;</a>&nbsp;&nbsp;&nbsp;__fpl_fcmple_InfNaN
</UL>

<P><STRONG><a name="[bb]"></a>__aeabi_fsub</STRONG> (Thumb, 0 bytes, Stack size 16 bytes, faddsub_clz.o(x$fpl$fsub))
<BR><BR>[Stack]<UL><LI>Max Depth = 16<LI>Call Chain = __aeabi_fsub
</UL>
<BR>[Called By]<UL><LI><a href="#[c1]">&gt;&gt;</a>&nbsp;&nbsp;&nbsp;Menu
<LI><a href="#[d1]">&gt;&gt;</a>&nbsp;&nbsp;&nbsp;charge
<LI><a href="#[cb]">&gt;&gt;</a>&nbsp;&nbsp;&nbsp;PID_realize
<LI><a href="#[b7]">&gt;&gt;</a>&nbsp;&nbsp;&nbsp;Judge
</UL>

<P><STRONG><a name="[f4]"></a>_fsub</STRONG> (Thumb, 234 bytes, Stack size 16 bytes, faddsub_clz.o(x$fpl$fsub), UNUSED)
<BR><BR>[Calls]<UL><LI><a href="#[e8]">&gt;&gt;</a>&nbsp;&nbsp;&nbsp;__fpl_fnaninf
<LI><a href="#[f5]">&gt;&gt;</a>&nbsp;&nbsp;&nbsp;_fadd1
</UL>
<P>
<H3>
Local Symbols
</H3>
<P><STRONG><a name="[a1]"></a>DAC_IRQHandler</STRONG> (Thumb, 122 bytes, Stack size 16 bytes, dac.o(i.DAC_IRQHandler))
<BR><BR>[Stack]<UL><LI>Max Depth = 16<LI>Call Chain = DAC_IRQHandler
</UL>
<BR>[Called By]<UL><LI><a href="#[5f]">&gt;&gt;</a>&nbsp;&nbsp;&nbsp;DAC1_IRQHandler
<LI><a href="#[5e]">&gt;&gt;</a>&nbsp;&nbsp;&nbsp;DAC0_IRQHandler
</UL>

<P><STRONG><a name="[a2]"></a>DMA_IRQHandler</STRONG> (Thumb, 30 bytes, Stack size 8 bytes, dma.o(i.DMA_IRQHandler))
<BR><BR>[Stack]<UL><LI>Max Depth = 8<LI>Call Chain = DMA_IRQHandler
</UL>
<BR>[Called By]<UL><LI><a href="#[16]">&gt;&gt;</a>&nbsp;&nbsp;&nbsp;DMA9_IRQHandler
<LI><a href="#[15]">&gt;&gt;</a>&nbsp;&nbsp;&nbsp;DMA8_IRQHandler
<LI><a href="#[14]">&gt;&gt;</a>&nbsp;&nbsp;&nbsp;DMA7_IRQHandler
<LI><a href="#[13]">&gt;&gt;</a>&nbsp;&nbsp;&nbsp;DMA6_IRQHandler
<LI><a href="#[12]">&gt;&gt;</a>&nbsp;&nbsp;&nbsp;DMA5_IRQHandler
<LI><a href="#[11]">&gt;&gt;</a>&nbsp;&nbsp;&nbsp;DMA4_IRQHandler
<LI><a href="#[10]">&gt;&gt;</a>&nbsp;&nbsp;&nbsp;DMA3_IRQHandler
<LI><a href="#[f]">&gt;&gt;</a>&nbsp;&nbsp;&nbsp;DMA2_IRQHandler
<LI><a href="#[e]">&gt;&gt;</a>&nbsp;&nbsp;&nbsp;DMA1_IRQHandler
<LI><a href="#[1c]">&gt;&gt;</a>&nbsp;&nbsp;&nbsp;DMA15_IRQHandler
<LI><a href="#[1b]">&gt;&gt;</a>&nbsp;&nbsp;&nbsp;DMA14_IRQHandler
<LI><a href="#[1a]">&gt;&gt;</a>&nbsp;&nbsp;&nbsp;DMA13_IRQHandler
<LI><a href="#[19]">&gt;&gt;</a>&nbsp;&nbsp;&nbsp;DMA12_IRQHandler
<LI><a href="#[18]">&gt;&gt;</a>&nbsp;&nbsp;&nbsp;DMA11_IRQHandler
<LI><a href="#[17]">&gt;&gt;</a>&nbsp;&nbsp;&nbsp;DMA10_IRQHandler
<LI><a href="#[d]">&gt;&gt;</a>&nbsp;&nbsp;&nbsp;DMA0_IRQHandler
</UL>

<P><STRONG><a name="[a8]"></a>FTM_DualChlConfig</STRONG> (Thumb, 180 bytes, Stack size 24 bytes, ftm.o(i.FTM_DualChlConfig))
<BR><BR>[Stack]<UL><LI>Max Depth = 24<LI>Call Chain = FTM_DualChlConfig
</UL>
<BR>[Calls]<UL><LI><a href="#[a9]">&gt;&gt;</a>&nbsp;&nbsp;&nbsp;get_chl_pair_index
</UL>
<BR>[Called By]<UL><LI><a href="#[ac]">&gt;&gt;</a>&nbsp;&nbsp;&nbsp;FTM_SetMode
</UL>

<P><STRONG><a name="[ac]"></a>FTM_SetMode</STRONG> (Thumb, 1136 bytes, Stack size 16 bytes, ftm.o(i.FTM_SetMode))
<BR><BR>[Stack]<UL><LI>Max Depth = 40<LI>Call Chain = FTM_SetMode &rArr; FTM_DualChlConfig
</UL>
<BR>[Calls]<UL><LI><a href="#[ad]">&gt;&gt;</a>&nbsp;&nbsp;&nbsp;FTM_PWM_InvertPolarity
<LI><a href="#[a8]">&gt;&gt;</a>&nbsp;&nbsp;&nbsp;FTM_DualChlConfig
</UL>
<BR>[Called By]<UL><LI><a href="#[9a]">&gt;&gt;</a>&nbsp;&nbsp;&nbsp;FTM_PWM_QuickInit
</UL>

<P><STRONG><a name="[ab]"></a>_FTM_InitBasic</STRONG> (Thumb, 110 bytes, Stack size 12 bytes, ftm.o(i._FTM_InitBasic))
<BR><BR>[Stack]<UL><LI>Max Depth = 12<LI>Call Chain = _FTM_InitBasic
</UL>
<BR>[Called By]<UL><LI><a href="#[9a]">&gt;&gt;</a>&nbsp;&nbsp;&nbsp;FTM_PWM_QuickInit
</UL>

<P><STRONG><a name="[a9]"></a>get_chl_pair_index</STRONG> (Thumb, 40 bytes, Stack size 0 bytes, ftm.o(i.get_chl_pair_index))
<BR><BR>[Called By]<UL><LI><a href="#[a8]">&gt;&gt;</a>&nbsp;&nbsp;&nbsp;FTM_DualChlConfig
</UL>

<P><STRONG><a name="[d3]"></a>PORT_IRQHandler</STRONG> (Thumb, 48 bytes, Stack size 16 bytes, gpio.o(i.PORT_IRQHandler))
<BR><BR>[Stack]<UL><LI>Max Depth = 16<LI>Call Chain = PORT_IRQHandler
</UL>
<BR>[Called By]<UL><LI><a href="#[68]">&gt;&gt;</a>&nbsp;&nbsp;&nbsp;PORTE_IRQHandler
<LI><a href="#[67]">&gt;&gt;</a>&nbsp;&nbsp;&nbsp;PORTD_IRQHandler
<LI><a href="#[66]">&gt;&gt;</a>&nbsp;&nbsp;&nbsp;PORTC_IRQHandler
<LI><a href="#[65]">&gt;&gt;</a>&nbsp;&nbsp;&nbsp;PORTB_IRQHandler
<LI><a href="#[64]">&gt;&gt;</a>&nbsp;&nbsp;&nbsp;PORTA_IRQHandler
</UL>

<P><STRONG><a name="[d0]"></a>PIT_IRQHandler</STRONG> (Thumb, 42 bytes, Stack size 8 bytes, pit.o(i.PIT_IRQHandler))
<BR><BR>[Stack]<UL><LI>Max Depth = 8<LI>Call Chain = PIT_IRQHandler
</UL>
<BR>[Called By]<UL><LI><a href="#[54]">&gt;&gt;</a>&nbsp;&nbsp;&nbsp;PIT3_IRQHandler
<LI><a href="#[53]">&gt;&gt;</a>&nbsp;&nbsp;&nbsp;PIT2_IRQHandler
<LI><a href="#[52]">&gt;&gt;</a>&nbsp;&nbsp;&nbsp;PIT1_IRQHandler
<LI><a href="#[51]">&gt;&gt;</a>&nbsp;&nbsp;&nbsp;PIT0_IRQHandler
</UL>

<P><STRONG><a name="[d4]"></a>SPI_IRQHandler</STRONG> (Thumb, 42 bytes, Stack size 8 bytes, spi.o(i.SPI_IRQHandler))
<BR><BR>[Stack]<UL><LI>Max Depth = 8<LI>Call Chain = SPI_IRQHandler
</UL>
<BR>[Called By]<UL><LI><a href="#[29]">&gt;&gt;</a>&nbsp;&nbsp;&nbsp;SPI2_IRQHandler
<LI><a href="#[28]">&gt;&gt;</a>&nbsp;&nbsp;&nbsp;SPI1_IRQHandler
<LI><a href="#[27]">&gt;&gt;</a>&nbsp;&nbsp;&nbsp;SPI0_IRQHandler
</UL>

<P><STRONG><a name="[d5]"></a>UART_IRQ_Handler</STRONG> (Thumb, 190 bytes, Stack size 16 bytes, uart.o(i.UART_IRQ_Handler))
<BR><BR>[Stack]<UL><LI>Max Depth = 16<LI>Call Chain = UART_IRQ_Handler
</UL>
<BR>[Called By]<UL><LI><a href="#[44]">&gt;&gt;</a>&nbsp;&nbsp;&nbsp;UART5_RX_TX_IRQHandler
<LI><a href="#[42]">&gt;&gt;</a>&nbsp;&nbsp;&nbsp;UART4_RX_TX_IRQHandler
<LI><a href="#[40]">&gt;&gt;</a>&nbsp;&nbsp;&nbsp;UART3_RX_TX_IRQHandler
<LI><a href="#[3e]">&gt;&gt;</a>&nbsp;&nbsp;&nbsp;UART2_RX_TX_IRQHandler
<LI><a href="#[3c]">&gt;&gt;</a>&nbsp;&nbsp;&nbsp;UART1_RX_TX_IRQHandler
<LI><a href="#[3a]">&gt;&gt;</a>&nbsp;&nbsp;&nbsp;UART0_RX_TX_IRQHandler
</UL>

<P><STRONG><a name="[78]"></a>PIT_ISR</STRONG> (Thumb, 20 bytes, Stack size 8 bytes, main_1.o(i.PIT_ISR))
<BR><BR>[Stack]<UL><LI>Max Depth = 112<LI>Call Chain = PIT_ISR &rArr; charge &rArr; __aeabi_dmul
</UL>
<BR>[Calls]<UL><LI><a href="#[d1]">&gt;&gt;</a>&nbsp;&nbsp;&nbsp;charge
<LI><a href="#[cb]">&gt;&gt;</a>&nbsp;&nbsp;&nbsp;PID_realize
<LI><a href="#[b7]">&gt;&gt;</a>&nbsp;&nbsp;&nbsp;Judge
<LI><a href="#[b2]">&gt;&gt;</a>&nbsp;&nbsp;&nbsp;GetData
</UL>
<BR>[Address Reference Count : 1]<UL><LI> main_1.o(i.All_Init)
</UL>
<P><STRONG><a name="[e6]"></a>_dadd1</STRONG> (Thumb, 0 bytes, Stack size unknown bytes, daddsub_clz.o(x$fpl$dadd), UNUSED)
<BR><BR>[Called By]<UL><LI><a href="#[e5]">&gt;&gt;</a>&nbsp;&nbsp;&nbsp;_dsub
</UL>

<P><STRONG><a name="[de]"></a>_dsub1</STRONG> (Thumb, 0 bytes, Stack size unknown bytes, daddsub_clz.o(x$fpl$dsub), UNUSED)
<BR><BR>[Called By]<UL><LI><a href="#[dd]">&gt;&gt;</a>&nbsp;&nbsp;&nbsp;_dadd
</UL>

<P><STRONG><a name="[f5]"></a>_fadd1</STRONG> (Thumb, 0 bytes, Stack size unknown bytes, faddsub_clz.o(x$fpl$fadd), UNUSED)
<BR><BR>[Called By]<UL><LI><a href="#[f4]">&gt;&gt;</a>&nbsp;&nbsp;&nbsp;_fsub
</UL>

<P><STRONG><a name="[ea]"></a>_fsub1</STRONG> (Thumb, 0 bytes, Stack size unknown bytes, faddsub_clz.o(x$fpl$fsub), UNUSED)
<BR><BR>[Called By]<UL><LI><a href="#[e9]">&gt;&gt;</a>&nbsp;&nbsp;&nbsp;_fadd
</UL>
<P>
<H3>
Undefined Global Symbols
</H3><HR></body></html>
